{"timestamp": "2026-05-10T11:11:26.639739+00:00", "round": 0, "phase": "night", "operation": "phase_change", "seat": null, "data": {"new_phase": "night"}}
{"timestamp": "2026-05-10T11:11:48.402938+00:00", "round": 1, "phase": "night", "operation": "werewolf_kill", "seat": null, "data": {"wolf_seats": [4, 7, 8], "target": 5, "votes": [{"player_seat": 4, "action_type": "kill", "target_seat": 5, "reasoning": "队友们都同意刀5号，5号位置中间容易带节奏，第一晚先减少威胁比较稳妥。"}, {"player_seat": 7, "action_type": "kill", "target_seat": 5, "reasoning": "队友们都同意刀5号，5号位置中间容易带节奏，第一晚先减少威胁比较稳妥。"}, {"player_seat": 8, "action_type": "kill", "target_seat": 5, "reasoning": "队友们都同意刀5号，5号位置中间容易带节奏，第一晚先减少威胁比较稳妥。"}]}}
{"timestamp": "2026-05-10T11:11:50.214578+00:00", "round": 1, "phase": "night", "operation": "witch_save", "seat": 1, "data": {"wolf_target": 5, "used_antidote": true}}
{"timestamp": "2026-05-10T11:11:55.965337+00:00", "round": 1, "phase": "night", "operation": "seer_check", "seat": 3, "data": {"check_target": 7, "result": "werewolf"}}
{"timestamp": "2026-05-10T11:11:57.173642+00:00", "round": 1, "phase": "dawn", "operation": "night_deaths", "seat": null, "data": {"deaths": []}}
{"timestamp": "2026-05-10T11:11:59.869037+00:00", "round": 1, "phase": "speech", "operation": "speak", "seat": 1, "data": {"text": "1号发言：昨晚平安夜，说明女巫大概率救人了。我是好人，目前没什么信息。建议先听大家发言，尤其注意有没有人划水或者逻辑奇怪。5号玩家既然活着，可以多聊聊看法。我暂时没有明确怀疑对象，先过。"}}
{"timestamp": "2026-05-10T11:12:01.958033+00:00", "round": 1, "phase": "speech", "operation": "speak", "seat": 2, "data": {"text": "2号发言：我是好人，平民一个。昨晚平安夜，女巫救人很关键。1号发言比较中规中矩，暂时看不出问题。我觉得第一轮信息太少，大家尽量多聊聊，别划水。我注意到3号还没发言，待会听听他的。另外，4号和6号也请多说说想法，别藏着掖着。过。"}}
{"timestamp": "2026-05-10T11:12:03.905109+00:00", "round": 1, "phase": "speech", "operation": "speak", "seat": 3, "data": {"text": "3号发言：我是预言家，昨夜查验7号，7号是查杀，铁狼一个。平安夜说明女巫救了人，银水大概率是好身份。1号和2号发言比较正常，暂时认好。7号，你准备怎么解释？建议今天全票出7，如果7号是狼，后面顺藤摸瓜还能盘出他的狼同伴。过。"}}
{"timestamp": "2026-05-10T11:12:06.583178+00:00", "round": 1, "phase": "speech", "operation": "speak", "seat": 4, "data": {"text": "4号发言：3号起跳预言家查杀7号，这轮信息量很大。首先，我站边3号，7号如果是狼，那3号是真预言家的概率很高。不过，我有点怀疑3号是狼人悍跳，因为平安夜女巫救人了，狼人可能想借机抗推一个好人。建议先听7号怎么解释，如果7号聊爆了，那就出7。如果7号发言正常，我们再盘3号的问题。另外，1号和2号发言比较划水，后续多关注。过。"}}
{"timestamp": "2026-05-10T11:12:09.256827+00:00", "round": 1, "phase": "speech", "operation": "speak", "seat": 5, "data": {"text": "5号发言：我是平民，昨晚平安夜，女巫救人信息很关键。3号起跳预言家查杀7号，这个动作有点突然。我倾向于先听7号怎么解释，毕竟第一轮信息少，贸然站边可能被狼人带节奏。4号虽然分析了一通，但有点急着站边，这让我有点警觉。1号和2号发言偏保守，暂时没爆点。建议7号好好聊，如果聊不清就出7；如果7号聊得好，再回头盘3号是不是悍跳。大家别划水，多给信息。过。"}}
{"timestamp": "2026-05-10T11:12:12.035343+00:00", "round": 1, "phase": "speech", "operation": "speak", "seat": 6, "data": {"text": "6号发言：3号跳预言家查杀7号，这个力度不小。平安夜女巫救人，狼人悍跳可能性是有的。我暂时不站边，先听7号怎么聊。如果7号聊爆了，那出7没问题；如果7号发言正常，3号就得好好解释为什么验7。4号急着站边3号，有点可疑，可能是在带节奏。1、2号发言偏保守，暂时放一放。5号分析比较中立，可以再观察。先过。"}}
{"timestamp": "2026-05-10T11:12:14.654744+00:00", "round": 1, "phase": "speech", "operation": "speak", "seat": 7, "data": {"text": "7号发言：我是平民，3号查杀我，这明显是悍跳。我底牌是好人，3号想抗推我。平安夜说明女巫救人了，狼队可能想借机冲票。4号急着站边3号，有点像狼队友在打配合。5号和6号分析比较中立，暂时认好。建议今天出3号，他才是真狼。如果3号出局是狼，明天再盘4号。大家别被狼带节奏，今天就出3。过。"}}
{"timestamp": "2026-05-10T11:12:17.152697+00:00", "round": 1, "phase": "speech", "operation": "speak", "seat": 8, "data": {"text": "8号发言：3号跳预言家查杀7号，这个力度确实大。平安夜女巫救人，狼人悍跳的可能性不小。我倾向于先听7号怎么解释，如果7号聊爆了，那出7没问题。但4号急着站边3号，有点可疑，像是在带节奏。5号和6号分析比较中立，暂时认好。建议7号好好聊，如果聊不清就出7；如果7号聊得好，再回头盘3号是不是悍跳。大家别划水，多给信息。过。"}}
{"timestamp": "2026-05-10T11:12:20.071272+00:00", "round": 1, "phase": "speech", "operation": "speak", "seat": 9, "data": {"text": "9号发言：我是平民，昨晚平安夜。3号跳预言家查杀7号，力度很大。我暂时不站边，因为7号还没发完言，但3号敢直接查杀，要么是真预言家，要么是狼人悍跳。4号急着站边3号，有点可疑，可能是在打配合。5号和6号分析比较中立，暂时认好。建议7号好好解释，如果聊爆了就出7；如果7号聊得好，再盘3号的问题。1号和2号发言偏保守，后续多关注。大家别划水，多给信息。过。"}}
{"timestamp": "2026-05-10T11:12:21.991006+00:00", "round": 1, "phase": "vote_casting", "operation": "vote", "seat": 1, "data": {"target": null}}
{"timestamp": "2026-05-10T11:12:24.365089+00:00", "round": 1, "phase": "vote_casting", "operation": "vote", "seat": 2, "data": {"target": 7}}
{"timestamp": "2026-05-10T11:12:25.947960+00:00", "round": 1, "phase": "vote_casting", "operation": "vote", "seat": 3, "data": {"target": 7}}
{"timestamp": "2026-05-10T11:12:27.486257+00:00", "round": 1, "phase": "vote_casting", "operation": "vote", "seat": 4, "data": {"target": 3}}
{"timestamp": "2026-05-10T11:12:30.498458+00:00", "round": 1, "phase": "vote_casting", "operation": "vote", "seat": 5, "data": {"target": 7}}
{"timestamp": "2026-05-10T11:12:32.471708+00:00", "round": 1, "phase": "vote_casting", "operation": "vote", "seat": 6, "data": {"target": null}}
{"timestamp": "2026-05-10T11:12:34.804330+00:00", "round": 1, "phase": "vote_casting", "operation": "vote", "seat": 7, "data": {"target": 3}}
{"timestamp": "2026-05-10T11:12:36.590113+00:00", "round": 1, "phase": "vote_casting", "operation": "vote", "seat": 8, "data": {"target": 3}}
{"timestamp": "2026-05-10T11:12:39.551127+00:00", "round": 1, "phase": "vote_casting", "operation": "vote", "seat": 9, "data": {"target": 7}}
{"timestamp": "2026-05-10T11:12:39.553080+00:00", "round": 1, "phase": "vote_resolution", "operation": "vote_result", "seat": null, "data": {"exiled": 7, "tally": {"7": 4, "3": 3}}}
{"timestamp": "2026-05-10T11:12:42.739676+00:00", "round": 1, "phase": "last_words", "operation": "speak", "seat": 7, "data": {"text": "7号遗言：我是平民，3号悍跳预言家查杀我，这局狼人就是3号、4号、还有谁？1号和2号发言偏保守，但暂时不能完全排除。4号急着站边3号，明显是狼队友在带节奏。5号、6号、8号、9号分析比较中立，暂时认好。今天全票出3号，如果3号是狼，明天再盘4号。女巫今晚可以毒3号，或者守我（虽然我已经出局了）。好人别被狼人带偏，今天就出3号，铁狼一个。过。"}}
{"timestamp": "2026-05-10T11:12:54.095808+00:00", "round": 2, "phase": "night", "operation": "werewolf_kill", "seat": null, "data": {"wolf_seats": [4, 8], "target": 3, "votes": [{"player_seat": 4, "action_type": "kill", "target_seat": 3, "reasoning": "3号是真预言家，今晚不刀他明天验人就会暴露我们。女巫解药已用，刀3号必死，可以确保我们继续隐藏身份。"}, {"player_seat": 8, "action_type": "kill", "target_seat": 3, "reasoning": "3号是真预言家，今晚刀他避免明天验人暴露我们。女巫解药已用，刀3号必死，能继续隐藏身份。"}]}}
{"timestamp": "2026-05-10T11:12:54.700968+00:00", "round": 2, "phase": "night", "operation": "witch_save", "seat": 1, "data": {"wolf_target": 3, "used_antidote": false}}
{"timestamp": "2026-05-10T11:12:59.069770+00:00", "round": 2, "phase": "night", "operation": "seer_check", "seat": 3, "data": {"check_target": 4, "result": "werewolf"}}
{"timestamp": "2026-05-10T11:13:00.290076+00:00", "round": 2, "phase": "dawn", "operation": "night_deaths", "seat": null, "data": {"deaths": [{"player_seat": 3, "cause": "wolf_kill", "round_number": 2}]}}
{"timestamp": "2026-05-10T11:13:04.213989+00:00", "round": 2, "phase": "speech", "operation": "speak", "seat": 1, "data": {"text": "1号发言：昨晚平安夜，我救了5号，5号是我的银水。3号预言家被刀，说明狼队怕他继续验人，基本做实3号是真预言家。7号是狼，铁板钉钉。4号昨天急着站边3号，现在看是站对边的，但也不能完全排除他是狼人倒钩。5号银水，暂时认好。6号、8号、9号发言中立，但今天必须从剩下的人里找狼。我建议今天先盘4号，如果他不是狼，那狼大概率在6、8、9里。大家别划水，多给信息。过。"}}
{"timestamp": "2026-05-10T11:13:07.031582+00:00", "round": 2, "phase": "speech", "operation": "speak", "seat": 2, "data": {"text": "2号发言：昨晚3号真预言家被刀，7号铁狼已出。1号跳女巫报5号银水，这个信息很关键。我昨天就说过我是平民，现在局势清晰了：4号站边3号，但狼人可能倒钩，不能完全放。6、8、9号发言偏中立，但狼人肯定在剩下的活人里。我建议今天先盘4号，看他今天发言有没有变化。如果4号聊得好，再盘6、8、9。5号银水暂时认好，但也要观察。大家别划水，多给信息。过。"}}
{"timestamp": "2026-05-10T11:13:10.229115+00:00", "round": 2, "phase": "speech", "operation": "speak", "seat": 4, "data": {"text": "4号发言：昨晚3号真预言家被刀，7号铁狼已出。1号跳女巫报5号银水，这个信息很关键。我昨天就站边3号，现在看是站对边的。不过，1号跳女巫有点突然，如果他是真女巫，那5号银水暂时认好；但如果1号是狼人穿女巫衣服，那5号也可能是狼。2号急着盘我，有点带节奏的感觉。我建议今天先盘1号，看他能不能报出昨晚救人的具体细节。如果1号聊得好，再盘2号和6、8、9。过。"}}
{"timestamp": "2026-05-10T11:13:13.020994+00:00", "round": 2, "phase": "speech", "operation": "speak", "seat": 5, "data": {"text": "5号发言：1号跳女巫报我银水，这个信息我认。我底牌是平民，昨晚没吃刀，1号如果是真女巫，那狼人可能刀了3号预言家。4号昨天站边3号，现在又急着盘1号，有点转移焦点。2号盘4号没问题，但狼人可能倒钩。我建议今天先盘4号，看他能不能聊清楚为什么昨天那么急着站边。如果4号聊爆，就出4；如果4号聊得好，再盘2号和6、8、9。过。"}}
{"timestamp": "2026-05-10T11:13:15.619137+00:00", "round": 2, "phase": "speech", "operation": "speak", "seat": 6, "data": {"text": "6号发言：昨晚3号真预言家被刀，7号铁狼已出。1号跳女巫报5号银水，这个信息我认。不过4号昨天急着站边3号，今天又急着盘1号，有点转移焦点。2号盘4号没问题，但狼人可能倒钩。我建议今天先盘4号，看他能不能聊清楚为什么昨天那么急着站边。如果4号聊爆，就出4；如果4号聊得好，再盘2号和8、9。我底牌是好人，暂时不站边，大家别划水。过。"}}
{"timestamp": "2026-05-10T11:13:17.952691+00:00", "round": 2, "phase": "speech", "operation": "speak", "seat": 8, "data": {"text": "8号发言：昨晚3号预言家被刀，7号铁狼已出。1号跳女巫报5号银水，这个信息我认。4号昨天急着站边3号，今天又急着盘1号，有点转移焦点。2号盘4号没问题，但狼人可能倒钩。我建议今天先盘4号，看他能不能聊清楚为什么昨天那么急着站边。如果4号聊爆，就出4；如果4号聊得好，再盘2号和6、9。我底牌是好人，暂时不站边，大家别划水。过。"}}
{"timestamp": "2026-05-10T11:13:20.796291+00:00", "round": 2, "phase": "speech", "operation": "speak", "seat": 9, "data": {"text": "9号发言：昨晚3号真预言家被刀，7号铁狼已出。1号跳女巫报5号银水，这个信息我暂时认。4号昨天急着站边3号，今天又急着盘1号，有点转移焦点，嫌疑较大。2号盘4号没问题，但狼人可能倒钩。我建议今天先盘4号，看他能不能聊清楚为什么昨天那么急着站边。如果4号聊爆，就出4；如果4号聊得好，再盘2号和6、8。我底牌是好人，暂时不站边，大家别划水。过。"}}
{"timestamp": "2026-05-10T11:13:22.480825+00:00", "round": 2, "phase": "vote_casting", "operation": "vote", "seat": 1, "data": {"target": 4}}
{"timestamp": "2026-05-10T11:13:24.412929+00:00", "round": 2, "phase": "vote_casting", "operation": "vote", "seat": 2, "data": {"target": 4}}
{"timestamp": "2026-05-10T11:13:26.928239+00:00", "round": 2, "phase": "vote_casting", "operation": "vote", "seat": 4, "data": {"target": 1}}
{"timestamp": "2026-05-10T11:13:28.955217+00:00", "round": 2, "phase": "vote_casting", "operation": "vote", "seat": 5, "data": {"target": 4}}
{"timestamp": "2026-05-10T11:13:30.794335+00:00", "round": 2, "phase": "vote_casting", "operation": "vote", "seat": 6, "data": {"target": 4}}
{"timestamp": "2026-05-10T11:13:33.310680+00:00", "round": 2, "phase": "vote_casting", "operation": "vote", "seat": 8, "data": {"target": 4}}
{"timestamp": "2026-05-10T11:13:35.403848+00:00", "round": 2, "phase": "vote_casting", "operation": "vote", "seat": 9, "data": {"target": 4}}
{"timestamp": "2026-05-10T11:13:35.408243+00:00", "round": 2, "phase": "vote_resolution", "operation": "vote_result", "seat": null, "data": {"exiled": 4, "tally": {"4": 6, "1": 1}}}
{"timestamp": "2026-05-10T11:13:39.362819+00:00", "round": 2, "phase": "last_words", "operation": "speak", "seat": 4, "data": {"text": "4号遗言：我是平民，昨天站边3号是因为他查杀7号，力度很大，而且7号聊爆了。现在3号被刀，7号铁狼已出，我站对边反而成了焦点？1号跳女巫报5号银水，这个信息我暂时认，但1号跳得太突然，如果他是狼人穿衣服，那5号也可能是狼。2号、6号、8号、9号都在盘我，这明显是狼人在带节奏。我建议好人今天先盘1号，看他能不能报出昨晚救人的具体细节。如果1号聊得好，再盘2号，他昨天盘我太积极，有点反常。6、8、9号发言偏中立，但狼人肯定在这些人里。我底牌是好人，出局不亏，但好人别被狼人带偏，今天我建议出1号或2号，别让狼人冲票成功。过。"}}
{"timestamp": "2026-05-10T11:13:47.147819+00:00", "round": 3, "phase": "night", "operation": "werewolf_kill", "seat": null, "data": {"wolf_seats": [8], "target": 1, "votes": [{"player_seat": 8, "action_type": "kill", "target_seat": 1, "reasoning": "现在只剩我一个狼人，1号跳女巫报5号银水，女巫是神职，今晚刀1号可以减少一个神职威胁，女巫解药已用，刀他必死。明天白天再盘2、6、9，争取抗推一个好人获胜。"}]}}
{"timestamp": "2026-05-10T11:13:47.751951+00:00", "round": 3, "phase": "night", "operation": "witch_save", "seat": 1, "data": {"wolf_target": 1, "used_antidote": false}}
{"timestamp": "2026-05-10T11:13:50.265839+00:00", "round": 3, "phase": "dawn", "operation": "night_deaths", "seat": null, "data": {"deaths": [{"player_seat": 1, "cause": "wolf_kill", "round_number": 3}]}}
{"timestamp": "2026-05-10T11:13:53.974572+00:00", "round": 3, "phase": "speech", "operation": "speak", "seat": 2, "data": {"text": "2号发言：昨晚1号女巫被刀，银水5号暂时可信。4号出局是平民，那狼就在剩下的6、8、9里。昨天4号被抗推，狼人肯定冲票了。我建议今天重点盘6号，他昨天跟风盘4号太积极，而且发言一直模棱两可。8号和9号暂时放一放，但也不能完全排除。5号银水，我认好。今天出6号，如果6号聊爆，就铁狼。大家别划水，多给信息。过。"}}
{"timestamp": "2026-05-10T11:13:56.862530+00:00", "round": 3, "phase": "speech", "operation": "speak", "seat": 5, "data": {"text": "5号发言：昨晚1号女巫被刀，银水身份我认。4号出局是平民，那狼就在6、8、9里。2号盘6号积极，但狼人可能倒钩，不能全信。我建议今天先盘6号，他昨天跟风盘4号太顺，而且发言一直模棱两可，像在躲焦点。8号和9号暂时放一放，但也要注意。我底牌好人，今天出6号，如果6号聊得好，再盘8和9。大家别划水，多给信息。过。"}}
{"timestamp": "2026-05-10T11:13:59.967317+00:00", "round": 3, "phase": "speech", "operation": "speak", "seat": 6, "data": {"text": "6号发言：昨晚1号女巫被刀，银水5号暂时可信。4号平民出局，狼就在2、8、9里。2号昨天盘4号太积极，今天又急着出我，有点带节奏。5号银水暂时认好，但狼人可能倒钩。我建议今天先盘2号，他发言一直很主动，像在带队抗推好人。8号和9号暂时放一放，但也要观察。我底牌好人，今天出2号，如果2号聊爆，就铁狼。大家别划水，多给信息。过。"}}
{"timestamp": "2026-05-10T11:14:02.541903+00:00", "round": 3, "phase": "speech", "operation": "speak", "seat": 8, "data": {"text": "8号发言：昨晚1号女巫被刀，银水5号暂时可信。4号平民出局，狼就在2、6、9里。2号昨天盘4号积极，今天又急着出6号，有点带节奏。6号反打2号，但两人互咬可能都是好人，狼人藏在后面。我建议今天先盘9号，他昨天跟风盘4号太顺，发言一直很中立，像在躲焦点。5号银水认好，今天出9号，如果9号聊爆就铁狼。过。"}}
{"timestamp": "2026-05-10T11:14:06.263505+00:00", "round": 3, "phase": "speech", "operation": "speak", "seat": 9, "data": {"text": "9号发言：昨晚1号女巫被刀，4号平民出局，剩下2、5、6、8和我。5号银水暂时认好，狼就在2、6、8里。2号今天急着出6号，有点带节奏；6号反打2号，但两人互咬可能都是好人，狼人躲在后面。8号盘我，明显想转移焦点。我建议今天先出8号，他昨天跟风盘4号太顺，今天又急着甩锅给我，嫌疑最大。如果8号聊爆就铁狼，否则再盘2和6。过。"}}
{"timestamp": "2026-05-10T11:14:08.350653+00:00", "round": 3, "phase": "vote_casting", "operation": "vote", "seat": 2, "data": {"target": 6}}
{"timestamp": "2026-05-10T11:14:12.793286+00:00", "round": 3, "phase": "vote_casting", "operation": "vote", "seat": 5, "data": {"target": 6}}
{"timestamp": "2026-05-10T11:14:16.009058+00:00", "round": 3, "phase": "vote_casting", "operation": "vote", "seat": 6, "data": {"target": 8}}
{"timestamp": "2026-05-10T11:14:18.231727+00:00", "round": 3, "phase": "vote_casting", "operation": "vote", "seat": 8, "data": {"target": 9}}
{"timestamp": "2026-05-10T11:14:20.472240+00:00", "round": 3, "phase": "vote_casting", "operation": "vote", "seat": 9, "data": {"target": 8}}
{"timestamp": "2026-05-10T11:14:20.473239+00:00", "round": 3, "phase": "vote_resolution", "operation": "vote_result", "seat": null, "data": {"exiled": null, "tally": {"6": 2, "8": 2, "9": 1}}}
{"timestamp": "2026-05-10T11:14:27.845427+00:00", "round": 4, "phase": "night", "operation": "werewolf_kill", "seat": null, "data": {"wolf_seats": [8], "target": 5, "votes": [{"player_seat": 8, "action_type": "kill", "target_seat": 5, "reasoning": "女巫已死，5号是银水平民，明天白天他可能带队抗推我，刀他减少平民数量，同时剩下2、6、9互咬，我更容易混在其中抗推一个好人获胜。"}]}}
{"timestamp": "2026-05-10T11:14:27.847024+00:00", "round": 4, "phase": "dawn", "operation": "night_deaths", "seat": null, "data": {"deaths": [{"player_seat": 5, "cause": "wolf_kill", "round_number": 4}]}}
{"timestamp": "2026-05-10T11:14:31.307587+00:00", "round": 4, "phase": "speech", "operation": "speak", "seat": 2, "data": {"text": "2号发言：昨晚5号银水被刀，狼人刀法精准。现在场上剩2、6、8、9我，四进三狼？不，一狼已走，还有两狼。6号和8号昨天互踩，但9号跟风盘4号太顺，今天又甩锅8号，嫌疑很大。我建议今天先出9号，他发言一直模棱两可，像在躲焦点。如果9号是狼，明天再盘6和8。大家别划水，多给信息，今天必须出狼。过。"}}
{"timestamp": "2026-05-10T11:14:34.128120+00:00", "round": 4, "phase": "speech", "operation": "speak", "seat": 6, "data": {"text": "6号发言：昨晚5号银水被刀，狼人刀法很准。现在剩2、6、8、9我，两狼就在其中。2号昨天急着出我，今天又盘9号，节奏带得飞起，像在抗推好人。9号跟风盘4号太顺，今天甩锅8号，嫌疑也不小。8号昨天盘9号，但发言偏中立。我建议今天先出2号，他全程带队冲票4号平民，今天又急着出人，狼面最大。如果2号是狼，明天再盘8和9。我底牌好人，今天出2号，别让狼人冲票成功。过。"}}
{"timestamp": "2026-05-10T11:14:37.515312+00:00", "round": 4, "phase": "speech", "operation": "speak", "seat": 8, "data": {"text": "8号发言：昨晚5号银水被刀，狼人刀法确实准。现在场上剩2、6、9和我，两狼就在其中。2号昨天急着出6号，今天又盘9号，节奏带得太明显，像在抗推好人。6号反打2号，但两人互咬可能都是好人，狼人躲在后面。9号跟风盘4号太顺，今天甩锅2号，嫌疑也不小。我建议今天先出2号，他全程带队冲票4号平民，今天又急着出人，狼面最大。如果2号是狼，明天再盘6和9。我底牌好人，今天出2号，别让狼人冲票成功。过。"}}
{"timestamp": "2026-05-10T11:14:39.996333+00:00", "round": 4, "phase": "speech", "operation": "speak", "seat": 9, "data": {"text": "9号发言：昨晚5号银水被刀，狼刀精准。现在剩2、6、8和我，两狼就在其中。2号全程带队冲票4号平民，今天又急着出我，节奏带得飞起，狼面最大。6号和8号互踩，但可能一狼一好人或两狼演戏。我建议今天先出2号，他发言太主动，像在抗推好人。如果2号是狼，明天再盘6和8。我底牌好人，今天出2号，别让狼人冲票成功。过。"}}
{"timestamp": "2026-05-10T11:14:42.211039+00:00", "round": 4, "phase": "vote_casting", "operation": "vote", "seat": 2, "data": {"target": 9}}
{"timestamp": "2026-05-10T11:14:44.444941+00:00", "round": 4, "phase": "vote_casting", "operation": "vote", "seat": 6, "data": {"target": 2}}
{"timestamp": "2026-05-10T11:14:46.491560+00:00", "round": 4, "phase": "vote_casting", "operation": "vote", "seat": 8, "data": {"target": 2}}
{"timestamp": "2026-05-10T11:14:48.716027+00:00", "round": 4, "phase": "vote_casting", "operation": "vote", "seat": 9, "data": {"target": 2}}
{"timestamp": "2026-05-10T11:14:48.718952+00:00", "round": 4, "phase": "vote_resolution", "operation": "vote_result", "seat": null, "data": {"exiled": 2, "tally": {"9": 1, "2": 3}}}
{"timestamp": "2026-05-10T11:14:52.792522+00:00", "round": 4, "phase": "last_words", "operation": "speak", "seat": 2, "data": {"text": "2号遗言：我是平民，已出局。现在场上剩6、8、9三活人，两狼就在其中。我昨天的分析是对的，4号平民被抗推，狼人冲票成功。1号女巫和5号银水先后被刀，说明狼刀精准，可能其中一狼是倒钩或深水狼。6号昨天反打我太积极，今天又急着出我，狼面最大；8号盘9号但发言偏中立，可能是倒钩；9号跟风盘4号太顺，今天甩锅8号，嫌疑也不小。我建议好人今天先出6号，他全程躲焦点、模棱两可，像在保队友。如果6号是狼，明天再盘8和9。好人别被狼人带偏，我出局不亏，但你们必须团结，今天必须出对狼。过。"}}
{"timestamp": "2026-05-10T11:15:00.598342+00:00", "round": 5, "phase": "night", "operation": "werewolf_kill", "seat": null, "data": {"wolf_seats": [8], "target": 6, "votes": [{"player_seat": 8, "action_type": "kill", "target_seat": 6, "reasoning": "场上只剩6、9两个好人，刀6号可以让他明天出局，我白天再盘9号是狼，争取抗推他获胜。6号发言一直模棱两可，容易成为焦点，刀他后我更有机会带节奏。"}]}}
{"timestamp": "2026-05-10T11:15:00.599316+00:00", "round": 5, "phase": "night", "operation": "hunter_death", "seat": 6, "data": {"message": "猎人死亡，可以开枪"}}
{"timestamp": "2026-05-10T11:15:03.425971+00:00", "round": 5, "phase": "dawn", "operation": "night_deaths", "seat": null, "data": {"deaths": [{"player_seat": 6, "cause": "wolf_kill", "round_number": 5}]}}
{"timestamp": "2026-05-10T11:15:06.493514+00:00", "round": 5, "phase": "speech", "operation": "speak", "seat": 8, "data": {"text": "8号发言：昨晚6号被刀，现在只剩我和9号了。6号是好人出局，那狼只能是9号了。9号昨天跟风盘4号太顺，发言一直躲焦点，今天又急着出2号，明显在带节奏。我底牌是好人，今天必须出9号，别让狼人翻盘。过。"}}
{"timestamp": "2026-05-10T11:15:08.263955+00:00", "round": 5, "phase": "speech", "operation": "speak", "seat": 9, "data": {"text": "9号发言：只剩我和8号了，6号是好人走的，那狼只能是8号。他昨天盘9号甩锅，今天又急着出我，全程躲焦点带节奏。我底牌平民，今天出8号，别让狼人翻盘。过。"}}
{"timestamp": "2026-05-10T11:15:09.948001+00:00", "round": 5, "phase": "vote_casting", "operation": "vote", "seat": 8, "data": {"target": 9}}
{"timestamp": "2026-05-10T11:15:11.330655+00:00", "round": 5, "phase": "vote_casting", "operation": "vote", "seat": 9, "data": {"target": 8}}
{"timestamp": "2026-05-10T11:15:11.332632+00:00", "round": 5, "phase": "vote_resolution", "operation": "vote_result", "seat": null, "data": {"exiled": null, "tally": {"9": 1, "8": 1}}}
{"timestamp": "2026-05-10T11:15:11.336529+00:00", "round": 5, "phase": "game_over", "operation": "game_over", "seat": null, "data": {"winner": "werewolf", "reason": "all_gods_dead"}}
