{"timestamp": "2026-05-10T09:41:55.841264+00:00", "round": 0, "phase": "night", "operation": "phase_change", "seat": null, "data": {"new_phase": "night"}}
{"timestamp": "2026-05-10T09:42:08.418346+00:00", "round": 1, "phase": "night", "operation": "werewolf_kill", "seat": null, "data": {"wolf_seats": [1, 5, 9], "target": 3, "votes": [{"player_seat": 1, "action_type": "kill", "target_seat": 3, "reasoning": "队友们都同意刀3号，认为他发言像预言家，先解决他减少威胁，明天白天再低调行事。"}, {"player_seat": 5, "action_type": "kill", "target_seat": 3, "reasoning": "队友们都同意刀3号，认为他发言像预言家，先解决他减少威胁，明天白天我们低调行事。"}, {"player_seat": 9, "action_type": "kill", "target_seat": 3, "reasoning": "队友们都同意刀3号，认为他发言像预言家，先解决他减少威胁，明天白天我们低调行事。"}]}}
{"timestamp": "2026-05-10T09:42:10.116434+00:00", "round": 1, "phase": "night", "operation": "witch_save", "seat": 7, "data": {"wolf_target": 3, "used_antidote": true}}
{"timestamp": "2026-05-10T09:42:14.411542+00:00", "round": 1, "phase": "night", "operation": "seer_check", "seat": 8, "data": {"check_target": 3, "result": "good"}}
{"timestamp": "2026-05-10T09:42:15.617626+00:00", "round": 1, "phase": "dawn", "operation": "night_deaths", "seat": null, "data": {"deaths": []}}
{"timestamp": "2026-05-10T09:42:19.126544+00:00", "round": 1, "phase": "speech", "operation": "speak", "seat": 1, "data": {"text": "1号玩家发言。昨晚平安夜，女巫大概率用了解药，或者狼人空刀。我建议先听一圈发言，重点关注3号和6号。3号上轮发言有点带节奏，6号话少但可能藏身份。另外，2号、4号、7号、8号也得留意。我暂时没有明确目标，先听听大家的看法，再决定今天投谁。过。"}}
{"timestamp": "2026-05-10T09:42:21.727749+00:00", "round": 1, "phase": "speech", "operation": "speak", "seat": 2, "data": {"text": "2号玩家发言。平安夜，女巫大概率救人了，或者狼人空刀。1号点了几个人，但没给出实质逻辑，我暂时保留态度。我建议今天先听3号和6号的发言，3号被1号点过，看他怎么解释；6号话少确实可疑，可能狼人想划水。另外，5号和9号目前没信息，也值得关注。这轮我不急着定票，先看后面发言再决定。过。"}}
{"timestamp": "2026-05-10T09:42:24.296193+00:00", "round": 1, "phase": "speech", "operation": "speak", "seat": 3, "data": {"text": "3号玩家发言。平安夜，女巫大概率用了解药，狼人可能空刀。我注意到1号和2号都点了我和6号，但1号说我上轮带节奏——这轮是第一轮白天，我之前没发言，1号这个说法要么是记错，要么是故意踩我。2号跟风1号，逻辑也不强。我建议今天重点听6号的解释，同时留意1号和2号的互动。暂时不明确站边，后面再看。过。"}}
{"timestamp": "2026-05-10T09:42:26.961531+00:00", "round": 1, "phase": "speech", "operation": "speak", "seat": 4, "data": {"text": "4号玩家发言。平安夜，女巫大概率救人，好人还有轮次优势。1号点3号和6号，但3号反驳说这是第一轮白天，1号说法确实有矛盾，这值得注意。2号跟风1号，逻辑偏软，可能是在打配合。我建议今天重点听6号发言，他话少确实可疑；另外，1号和2号如果后面继续互保或改口，那狼面就大了。我暂时不急着定票，先看6号和后面玩家的发言再判断。过。"}}
{"timestamp": "2026-05-10T09:42:30.195963+00:00", "round": 1, "phase": "speech", "operation": "speak", "seat": 5, "data": {"text": "5号玩家发言。平安夜，女巫大概率救了人，好人轮次没落后。1号点3号和6号，但3号反驳说这是第一轮白天，1号那说法确实有问题，要么是记错，要么是故意踩人，我倾向后者。2号跟风1号，逻辑偏软，像在打配合。4号分析得比较客观，我暂时觉得4号偏好。6号话少确实可疑，但今天我更想先听1号和2号怎么圆场。如果1号改口，那狼面就大了。我建议今天先投1号，或者至少让他解释清楚。过。"}}
{"timestamp": "2026-05-10T09:42:33.075630+00:00", "round": 1, "phase": "speech", "operation": "speak", "seat": 6, "data": {"text": "6号玩家发言。平安夜，女巫大概率救人了，好人轮次没丢。1号点我和3号，但3号说得对，这是第一轮白天，1号说3号上轮带节奏明显矛盾，要么记忆混乱要么故意踩人。2号跟风1号，逻辑不强，像在打配合。5号建议投1号，我觉得有道理。我话少是因为想先听大家发言，现在听了1号2号3号4号5号的，我怀疑1号和2号可能狼踩狼做身份。这轮我倾向投1号，让他解释清楚矛盾点。过。"}}
{"timestamp": "2026-05-10T09:42:35.796504+00:00", "round": 1, "phase": "speech", "operation": "speak", "seat": 7, "data": {"text": "7号玩家发言。平安夜，女巫大概率救人，好人轮次不亏。1号点3号和6号，但3号反驳说第一轮白天，1号那说法确实矛盾，要么记错要么故意踩人。2号跟风1号，逻辑偏软，像在打配合。5号建议投1号，6号也怀疑1号2号，我觉得有道理。这轮我倾向投1号，让他解释清楚矛盾点。如果1号是好人，他应该能说清；如果解释不清，那就是狼。过。"}}
{"timestamp": "2026-05-10T09:42:38.676528+00:00", "round": 1, "phase": "speech", "operation": "speak", "seat": 8, "data": {"text": "8号玩家发言。昨晚平安夜，女巫大概率救人了。我是预言家，昨夜查验3号，3号是金水（好人）。3号刚才反驳1号说第一轮白天没发言，逻辑完全正确，1号明显在编理由踩人。2号跟风1号，4号和5号分析比较客观。我建议今天先出1号，他踩金水的行为狼面很大。2号如果继续保1号，那2号也值得怀疑。这轮我归票1号，好人跟我投票。过。"}}
{"timestamp": "2026-05-10T09:42:41.465874+00:00", "round": 1, "phase": "speech", "operation": "speak", "seat": 9, "data": {"text": "9号玩家发言。8号跳预言家给3号金水，但昨晚平安夜，女巫大概率用了解药，狼人没刀到人。8号这个预言家跳得有点急，3号被1号踩后直接拿金水，配合得太巧了。我怀疑8号和3号可能是狼队友在打配合，1号和2号互踩做身份也有可能。这轮我建议先观望，不急着跟8号投1号，等听一圈验人逻辑再定。如果8号真是预言家，明天再投1号也不迟。过。"}}
{"timestamp": "2026-05-10T09:42:43.805274+00:00", "round": 1, "phase": "vote_casting", "operation": "vote", "seat": 1, "data": {"target": 8}}
{"timestamp": "2026-05-10T09:42:45.900370+00:00", "round": 1, "phase": "vote_casting", "operation": "vote", "seat": 2, "data": {"target": 1}}
{"timestamp": "2026-05-10T09:42:47.877169+00:00", "round": 1, "phase": "vote_casting", "operation": "vote", "seat": 3, "data": {"target": 1}}
{"timestamp": "2026-05-10T09:42:50.289316+00:00", "round": 1, "phase": "vote_casting", "operation": "vote", "seat": 4, "data": {"target": 1}}
{"timestamp": "2026-05-10T09:42:52.771137+00:00", "round": 1, "phase": "vote_casting", "operation": "vote", "seat": 5, "data": {"target": 1}}
{"timestamp": "2026-05-10T09:42:54.734496+00:00", "round": 1, "phase": "vote_casting", "operation": "vote", "seat": 6, "data": {"target": 1}}
{"timestamp": "2026-05-10T09:42:56.884141+00:00", "round": 1, "phase": "vote_casting", "operation": "vote", "seat": 7, "data": {"target": 1}}
{"timestamp": "2026-05-10T09:42:59.017362+00:00", "round": 1, "phase": "vote_casting", "operation": "vote", "seat": 8, "data": {"target": 1}}
{"timestamp": "2026-05-10T09:43:01.342176+00:00", "round": 1, "phase": "vote_casting", "operation": "vote", "seat": 9, "data": {"target": 1}}
{"timestamp": "2026-05-10T09:43:01.343155+00:00", "round": 1, "phase": "vote_resolution", "operation": "vote_result", "seat": null, "data": {"exiled": 1, "tally": {"8": 1, "1": 8}}}
{"timestamp": "2026-05-10T09:43:14.114033+00:00", "round": 2, "phase": "night", "operation": "werewolf_kill", "seat": null, "data": {"wolf_seats": [5, 9], "target": 8, "votes": [{"player_seat": 5, "action_type": "kill", "target_seat": 8, "reasoning": "8号跳预言家给3号金水，1号被放逐后他身份可疑。刀8号能破坏好人信息链，且女巫解药大概率已用，今晚平安夜后刀人成功率较高。队友9号也同意刀8号，我们需尽快削弱好人阵营。"}, {"player_seat": 9, "action_type": "kill", "target_seat": 8, "reasoning": "8号跳预言家给3号金水，1号被放逐后他身份可疑。刀8号能破坏好人信息链，且女巫解药大概率已用，今晚平安夜后刀人成功率较高。队友5号也同意刀8号，我们需尽快削弱好人阵营。"}]}}
{"timestamp": "2026-05-10T09:43:14.731404+00:00", "round": 2, "phase": "night", "operation": "witch_save", "seat": 7, "data": {"wolf_target": 8, "used_antidote": false}}
{"timestamp": "2026-05-10T09:43:18.806011+00:00", "round": 2, "phase": "night", "operation": "seer_check", "seat": 8, "data": {"check_target": 2, "result": "good"}}
{"timestamp": "2026-05-10T09:43:20.009318+00:00", "round": 2, "phase": "dawn", "operation": "night_deaths", "seat": null, "data": {"deaths": [{"player_seat": 8, "cause": "wolf_kill", "round_number": 2}]}}
{"timestamp": "2026-05-10T09:43:24.967261+00:00", "round": 2, "phase": "last_words", "operation": "speak", "seat": 1, "data": {"text": "1号玩家遗言。我承认，我确实是狼人。之前踩3号确实是在编理由，想把他打成焦点，结果8号跳预言家给3号金水，直接把我送走了。现在8号被刀，说明狼队刀法很准——要么8号是真预言家，狼队怕他继续验人；要么8号和3号是狼队友，被灭口保身份。我建议好人重点怀疑5号和9号，因为他们投票时跟风很紧，而且8号死后他们可能继续带节奏。2号跟风我也可疑，但2号可能是被带偏的好人。3号接了金水，暂时偏好人，但别完全信。这局狼队还剩两人，好人别内耗，先找划水和跟风的人。过。"}}
{"timestamp": "2026-05-10T09:43:29.443992+00:00", "round": 2, "phase": "speech", "operation": "speak", "seat": 2, "data": {"text": "2号玩家发言。1号自爆狼人，遗言还在带节奏，想保2号？可笑。8号是真预言家，昨晚被刀证实了。我昨天跟风1号是失误，但我是好人，现在明确站边8号。3号是金水，暂信。5号昨天带头投1号，行为偏好。6号、7号跟票投1号，暂时干净。4号分析客观，偏好。9号昨天质疑8号，今天要重点听解释。这轮我建议从9号入手，他昨天不跟票投1号，反而怀疑真预言家，狼面较大。另外，4号和7号也值得留意，但今天先出9号。过。"}}
{"timestamp": "2026-05-10T09:43:33.170407+00:00", "round": 2, "phase": "speech", "operation": "speak", "seat": 3, "data": {"text": "3号玩家发言。8号是真预言家，昨晚被刀证实了，我金水身份稳了。1号遗言还在带节奏，想保2号，但2号昨天跟风1号是事实，今天必须解释清楚。9号昨天质疑8号，不跟票投1号，行为最可疑，狼面很大。4号和7号暂时偏好，5号带头投1号行为好。这轮我建议先出9号，他昨天踩真预言家，今天必须给说法。2号如果继续划水，下一轮再处理。好人别分票，集中投9号。过。"}}
{"timestamp": "2026-05-10T09:43:36.702002+00:00", "round": 2, "phase": "speech", "operation": "speak", "seat": 4, "data": {"text": "4号玩家发言。8号真预言家被刀，1号狼人已出局，局势明朗。9号昨天质疑8号、不跟票投1号，今天必须解释清楚——你当时为什么觉得8号是狼？另外2号昨天跟风1号，虽然1号遗言想保你，但你的行为确实可疑，今天要重点听你的发言。5号带头投1号，行为偏好；6号、7号跟票干净。这轮我建议先出9号，他踩真预言家的逻辑站不住脚。如果9号今天解释不清，那就是铁狼。2号也别想划水，下一轮再处理你。好人集中投票，别分票。过。"}}
{"timestamp": "2026-05-10T09:43:39.414922+00:00", "round": 2, "phase": "speech", "operation": "speak", "seat": 5, "data": {"text": "5号玩家发言。8号是真预言家被刀，1号狼人已出局，局势对好人有利。9号昨天质疑8号、不跟票投1号，行为最可疑，今天必须解释清楚。2号跟风1号虽然可疑，但1号遗言想保你，反而可能是在脏你，我倾向先放一放。4号分析客观，6号、7号跟票干净，暂时偏好。这轮我建议先出9号，他踩真预言家逻辑站不住脚。如果9号解释不清，那就是铁狼。好人集中投票，别分票。过。"}}
{"timestamp": "2026-05-10T09:43:42.063649+00:00", "round": 2, "phase": "speech", "operation": "speak", "seat": 6, "data": {"text": "6号玩家发言。8号是真预言家被刀，1号狼人已出局，局势很清楚了。9号昨天质疑8号、不跟票投1号，行为最可疑，今天必须解释清楚。2号跟风1号虽然可疑，但1号遗言想保你，反而可能是在脏你，我倾向先放一放。4号、5号分析客观，3号金水，7号跟票干净。这轮我建议先出9号，他踩真预言家的逻辑站不住脚。好人集中投票，别分票。过。"}}
{"timestamp": "2026-05-10T09:43:44.560083+00:00", "round": 2, "phase": "speech", "operation": "speak", "seat": 7, "data": {"text": "7号玩家发言。8号真预言家被刀，1号狼人出局，局势明朗。9号昨天质疑真预言家、不跟票投1号，狼面很大，今天必须给解释。2号跟风1号虽然可疑，但1号遗言保他，可能是脏他，我倾向先放一放。3号金水，4号、5号分析客观，6号跟票干净。这轮我建议先出9号，他踩真预言家的逻辑站不住脚。好人集中投票，别分票。过。"}}
{"timestamp": "2026-05-10T09:43:47.734279+00:00", "round": 2, "phase": "speech", "operation": "speak", "seat": 9, "data": {"text": "9号玩家发言。1号自爆狼人，8号真预言家被刀，局势对好人有利。我昨天质疑8号是因为他跳预言家太急，3号被踩后接金水配合太巧，但1号自爆后证实我判断错了。今天听了一圈，2号跟风1号但被保，可能是脏他；3号金水稳了；4号、5号、6号、7号行为偏好。我承认昨天判断失误，但我是好人，今天愿意跟好人走。这轮我建议先出2号，他昨天跟风1号是事实，1号遗言保他反而可疑。如果2号解释不清，那就先出他。过。"}}
{"timestamp": "2026-05-10T09:43:49.345323+00:00", "round": 2, "phase": "vote_casting", "operation": "vote", "seat": 2, "data": {"target": 9}}
{"timestamp": "2026-05-10T09:43:51.660351+00:00", "round": 2, "phase": "vote_casting", "operation": "vote", "seat": 3, "data": {"target": 9}}
{"timestamp": "2026-05-10T09:43:53.335755+00:00", "round": 2, "phase": "vote_casting", "operation": "vote", "seat": 4, "data": {"target": 9}}
{"timestamp": "2026-05-10T09:43:55.144238+00:00", "round": 2, "phase": "vote_casting", "operation": "vote", "seat": 5, "data": {"target": null}}
{"timestamp": "2026-05-10T09:43:56.808930+00:00", "round": 2, "phase": "vote_casting", "operation": "vote", "seat": 6, "data": {"target": 9}}
{"timestamp": "2026-05-10T09:43:59.154682+00:00", "round": 2, "phase": "vote_casting", "operation": "vote", "seat": 7, "data": {"target": 9}}
{"timestamp": "2026-05-10T09:44:01.828416+00:00", "round": 2, "phase": "vote_casting", "operation": "vote", "seat": 9, "data": {"target": 2}}
{"timestamp": "2026-05-10T09:44:01.829410+00:00", "round": 2, "phase": "vote_resolution", "operation": "vote_result", "seat": null, "data": {"exiled": 9, "tally": {"9": 5, "2": 1}}}
{"timestamp": "2026-05-10T09:44:09.531546+00:00", "round": 3, "phase": "night", "operation": "werewolf_kill", "seat": null, "data": {"wolf_seats": [5], "target": 3, "votes": [{"player_seat": 5, "action_type": "kill", "target_seat": 3, "reasoning": "3号是金水身份高，刀他能扰乱好人视线，让好人互相猜忌。女巫解药大概率已用，刀人成功率较高。明天白天我继续伪装好人，带节奏投2号或4号。"}]}}
{"timestamp": "2026-05-10T09:44:10.125877+00:00", "round": 3, "phase": "night", "operation": "witch_save", "seat": 7, "data": {"wolf_target": 3, "used_antidote": false}}
{"timestamp": "2026-05-10T09:44:12.840522+00:00", "round": 3, "phase": "night", "operation": "witch_poison", "seat": 7, "data": {"poison_target": 2}}
{"timestamp": "2026-05-10T09:44:14.059551+00:00", "round": 3, "phase": "dawn", "operation": "night_deaths", "seat": null, "data": {"deaths": [{"player_seat": 3, "cause": "wolf_kill", "round_number": 3}, {"player_seat": 2, "cause": "poison", "round_number": 3}]}}
{"timestamp": "2026-05-10T09:44:18.659422+00:00", "round": 3, "phase": "last_words", "operation": "speak", "seat": 1, "data": {"text": "1号玩家遗言。我是狼人，现在已出局，但最后说几句。8号真预言家被刀，9号被放逐，狼队还剩一人。昨晚3号金水被刀、2号被毒，说明女巫还在且用毒了——2号大概率是女巫毒的好人，或者女巫判断失误。目前存活：4、6、7，加上被毒死的2号已出局。狼人只剩一个，藏在4、6、7中。我建议好人重点盘4号，他昨天分析看似客观但跟风太顺，6号和7号投票干净但可能藏深。别被表面逻辑带偏，找那个最会划水或带节奏的人。好人加油，别让狼人翻盘。过。"}}
{"timestamp": "2026-05-10T09:44:21.995690+00:00", "round": 3, "phase": "speech", "operation": "speak", "seat": 4, "data": {"text": "4号玩家发言。现在存活4、6、7三人，狼人只剩一个。1号遗言点名怀疑我，这是狼人临死想脏我，想让我背锅。我是平民，从头到尾逻辑连贯，昨天带头投1号和9号，行为干净。6号话少但跟票果断，7号分析偏中立，你们俩中必有一狼。我建议今天先盘6号，他前期划水，后期跟风太快，狼人最擅长这种隐藏方式。7号发言偏稳，但也不能完全排除。这轮我归票6号，好人别被1号遗言带偏，集中投票。过。"}}
{"timestamp": "2026-05-10T09:44:24.703015+00:00", "round": 3, "phase": "speech", "operation": "speak", "seat": 5, "data": {"text": "5号玩家发言。现在存活4、6、7三人，狼人只剩一个。1号遗言想脏4号，但4号从头到尾逻辑清晰，带头投1号和9号，行为干净。我怀疑6号，他前期划水，后期跟风太快，狼人最擅长这种隐藏方式。7号发言偏稳，但也不能完全排除。这轮我建议先出6号，他可疑点最多。好人集中投票，别分票。过。"}}
{"timestamp": "2026-05-10T09:44:27.356505+00:00", "round": 3, "phase": "speech", "operation": "speak", "seat": 6, "data": {"text": "6号玩家发言。现在存活4、6、7三人，狼人只剩一个。1号遗言想脏4号，但4号从头到尾逻辑清晰，带头投1号和9号，行为干净，我暂时信他。7号发言偏稳，但投票跟风，没有独立观点，可疑点较多。我建议今天先盘7号，他前期没给实质分析，后期跟票太顺，狼人最擅长这种隐藏方式。我归票7号，好人集中投票，别分票。过。"}}
{"timestamp": "2026-05-10T09:44:30.094680+00:00", "round": 3, "phase": "speech", "operation": "speak", "seat": 7, "data": {"text": "7号玩家发言。现在只剩4、6、7三人，狼人只有一个。1号遗言想脏4号，但4号逻辑一直清晰，带头投1号和9号，行为干净，我暂时信他。6号前期划水，后期跟风太快，可疑点较多；但6号刚才归票我，可能是想转移焦点。我是平民，从头到尾跟票好人，没带过节奏。这轮我建议先出6号，他行为最像狼人——前期隐藏，后期急着踩人。好人集中投票，别分票。过。"}}
{"timestamp": "2026-05-10T09:44:31.789333+00:00", "round": 3, "phase": "vote_casting", "operation": "vote", "seat": 4, "data": {"target": 6}}
{"timestamp": "2026-05-10T09:44:34.618926+00:00", "round": 3, "phase": "vote_casting", "operation": "vote", "seat": 5, "data": {"target": 6}}
{"timestamp": "2026-05-10T09:44:36.705167+00:00", "round": 3, "phase": "vote_casting", "operation": "vote", "seat": 6, "data": {"target": 7}}
{"timestamp": "2026-05-10T09:44:38.896185+00:00", "round": 3, "phase": "vote_casting", "operation": "vote", "seat": 7, "data": {"target": 6}}
{"timestamp": "2026-05-10T09:44:38.898422+00:00", "round": 3, "phase": "vote_resolution", "operation": "vote_result", "seat": null, "data": {"exiled": 6, "tally": {"6": 3, "7": 1}}}
{"timestamp": "2026-05-10T09:44:46.271267+00:00", "round": 4, "phase": "night", "operation": "werewolf_kill", "seat": null, "data": {"wolf_seats": [5], "target": 4, "votes": [{"player_seat": 5, "action_type": "kill", "target_seat": 4, "reasoning": "4号逻辑清晰、带头投1号和9号，身份偏好人，是场上最可能带节奏的好人。刀他能让7号成为焦点，明天白天我伪装好人带节奏投7号，女巫已用毒，今晚刀人成功率很高。"}]}}
{"timestamp": "2026-05-10T09:44:46.273227+00:00", "round": 4, "phase": "dawn", "operation": "night_deaths", "seat": null, "data": {"deaths": [{"player_seat": 4, "cause": "wolf_kill", "round_number": 4}]}}
{"timestamp": "2026-05-10T09:44:50.537353+00:00", "round": 4, "phase": "last_words", "operation": "speak", "seat": 1, "data": {"text": "1号玩家遗言。我是狼人，现在已出局，但最后说几句。8号真预言家被刀，9号被放逐，狼队还剩一人。昨晚3号金水被刀、2号被毒，说明女巫还在且用毒了——2号大概率是女巫毒的好人，或者女巫判断失误。目前存活：4、6、7，加上被毒死的2号已出局。狼人只剩一个，藏在4、6、7中。我建议好人重点盘4号，他昨天分析看似客观但跟风太顺，6号和7号投票干净但可能藏深。别被表面逻辑带偏，找那个最会划水或带节奏的人。好人加油，别让狼人翻盘。过。"}}
{"timestamp": "2026-05-10T09:44:52.720566+00:00", "round": 4, "phase": "speech", "operation": "speak", "seat": 5, "data": {"text": "5号玩家发言。昨晚4号被刀，场上只剩我和7号。1号遗言想脏4号，但4号一直是好人逻辑，带头投1号和9号，行为干净。现在狼人只剩一个，7号前期跟风太顺，没有独立观点，可疑点最多。我建议今天先出7号，他前期划水、后期跟票，狼人最擅长这种隐藏方式。好人集中投票，别分票。过。"}}
{"timestamp": "2026-05-10T09:44:55.321482+00:00", "round": 4, "phase": "speech", "operation": "speak", "seat": 7, "data": {"text": "7号玩家发言。现在只剩我和5号，狼人只有一个。1号遗言想脏4号，但4号行为干净已被刀。5号前期带头投1号和9号，逻辑清晰，我暂时信他。我是平民，从头到尾跟票好人，没带过节奏。这轮我建议出5号，他刚才归票我太急，可能是狼人想最后一搏。好人集中投票，别分票。过。"}}
{"timestamp": "2026-05-10T09:44:56.677521+00:00", "round": 4, "phase": "vote_casting", "operation": "vote", "seat": 5, "data": {"target": 7}}
{"timestamp": "2026-05-10T09:44:59.587274+00:00", "round": 4, "phase": "vote_casting", "operation": "vote", "seat": 7, "data": {"target": 5}}
{"timestamp": "2026-05-10T09:44:59.589362+00:00", "round": 4, "phase": "vote_resolution", "operation": "vote_result", "seat": null, "data": {"exiled": null, "tally": {"7": 1, "5": 1}}}
{"timestamp": "2026-05-10T09:44:59.591331+00:00", "round": 4, "phase": "game_over", "operation": "game_over", "seat": null, "data": {"winner": "werewolf", "reason": "all_villagers_dead"}}
