{"timestamp": "2026-05-10T11:33:49.412440+00:00", "round": 0, "phase": "night", "operation": "phase_change", "seat": null, "data": {"new_phase": "night"}}
{"timestamp": "2026-05-10T11:34:06.076989+00:00", "round": 1, "phase": "night", "operation": "werewolf_kill", "seat": null, "data": {"wolf_seats": [2, 3, 4], "target": 7, "votes": [{"player_seat": 2, "action_type": "kill", "target_seat": 7, "reasoning": "3号和4号都建议刀7号，认为他像有身份的人，我也觉得他首轮发言带节奏，可能是预言家，先刀他比较稳妥。"}, {"player_seat": 3, "action_type": "kill", "target_seat": 7, "reasoning": "7号首轮发言带节奏，像是有身份的人，可能是预言家，先刀他比较稳妥，队友也同意这个方案。"}, {"player_seat": 4, "action_type": "kill", "target_seat": 7, "reasoning": "3号建议刀7号，我也觉得他首轮发言带节奏，像是有身份的人，可能是预言家，先刀他比较稳妥，队友也同意这个方案。"}]}}
{"timestamp": "2026-05-10T11:34:07.655668+00:00", "round": 1, "phase": "night", "operation": "witch_save", "seat": 9, "data": {"wolf_target": 7, "used_antidote": true}}
{"timestamp": "2026-05-10T11:34:11.753835+00:00", "round": 1, "phase": "night", "operation": "seer_check", "seat": 5, "data": {"check_target": 3, "result": "werewolf"}}
{"timestamp": "2026-05-10T11:34:12.958545+00:00", "round": 1, "phase": "dawn", "operation": "night_deaths", "seat": null, "data": {"deaths": []}}
{"timestamp": "2026-05-10T11:34:16.405209+00:00", "round": 1, "phase": "speech", "operation": "speak", "seat": 1, "data": {"text": "1号玩家发言。平安夜，说明女巫可能没救人或者狼人空刀。不管怎样，我们好人轮次不亏。我是平民，没有额外信息，但我会认真听每个人的发言。建议大家别划水，都说说自己的看法，尤其是对平安夜的解读。我暂时没有明确怀疑对象，但谁发言含糊、逻辑不通，我就重点关注。预言家建议尽早起跳带队，女巫和守卫保护好自己。我会根据后续发言和投票来站边，但不会盲目跟风。过。"}}
{"timestamp": "2026-05-10T11:34:18.423565+00:00", "round": 1, "phase": "speech", "operation": "speak", "seat": 2, "data": {"text": "2号玩家发言。平安夜有点意外，可能是女巫没开药，也可能是狼人空刀。我个人倾向于女巫没救人，因为狼人首夜空刀收益不大。1号说自己是平民，发言比较稳，暂时没听出问题。我建议预言家今晚可以跳出来带队，我们好人也需要信息。目前没有明显狼面的人，我会重点观察后面发言的玩家有没有逻辑漏洞。过。"}}
{"timestamp": "2026-05-10T11:34:20.843932+00:00", "round": 1, "phase": "speech", "operation": "speak", "seat": 3, "data": {"text": "3号玩家发言。平安夜，我觉得狼人空刀的可能性不大，更可能是女巫没开药或者救了人。1号和2号发言都比较稳，暂时没听出问题。我建议预言家尽早起跳，给我们一个明确的站边方向。目前我比较关注4号和5号，4号发言还没听，5号也比较沉默，后面我会重点听他们的逻辑。另外，6号、7号、8号、9号还没发言，希望大家都能聊聊对平安夜的看法，别划水。过。"}}
{"timestamp": "2026-05-10T11:34:23.331743+00:00", "round": 1, "phase": "speech", "operation": "speak", "seat": 4, "data": {"text": "4号玩家发言。平安夜，我也觉得狼人空刀可能性不大，女巫没开药或救了人的概率更高。前面1、2、3号发言都比较稳，暂时没听出问题。我有点怀疑5号，他到现在还没发言，而且首轮比较沉默，容易藏身份。另外7号发言还没听，但3号说他带节奏，我会重点关注。建议预言家今晚起跳带队，我们好人也需要信息锁定狼人。目前我暂时站边1号和2号，但后续会听全所有人的发言再做判断。过。"}}
{"timestamp": "2026-05-10T11:34:25.817249+00:00", "round": 1, "phase": "speech", "operation": "speak", "seat": 5, "data": {"text": "5号玩家发言。我是预言家，昨晚查验3号，3号是查杀，铁狼一个。3号刚才发言说关注4号和5号，明显在打提前量想踩我，现在实锤了。平安夜可能是女巫没开药，但我不纠结这个。建议今天全票出3号，我今晚会继续查验，明天报结果。女巫可以藏一藏，守卫守好自己。3号狼人别想带节奏，好人们跟我走，过。"}}
{"timestamp": "2026-05-10T11:34:28.363723+00:00", "round": 1, "phase": "speech", "operation": "speak", "seat": 6, "data": {"text": "6号玩家发言。5号跳预言家查杀3号，力度很大，但平安夜的信息还不能完全排除狼人自刀或空刀的可能。3号确实有踩5号的嫌疑，但5号起跳时机和查杀角度有待观察。我会先站边5号，毕竟查杀比发金水更有信息量。不过也提醒大家，如果5号是狼悍跳，他可能赌女巫没开药。建议今天先出3号，看票型和后续反应再判断5号真假。女巫和守卫藏好，过。"}}
{"timestamp": "2026-05-10T11:34:31.057344+00:00", "round": 1, "phase": "speech", "operation": "speak", "seat": 7, "data": {"text": "7号玩家发言。平安夜，5号跳预言家查杀3号，力度确实大，但我也注意到6号说的——狼人可能赌女巫没开药起跳。3号踩5号确实有狼面，但我不会立刻站死边。建议3号和5号都亮出警徽流，看谁更合理。另外，4号说怀疑5号沉默，但5号已经起跳了，这个逻辑有点矛盾。我会先观察投票，如果3号出局是狼，5号大概率真；如果3号出局是好人，5号就危险了。暂时不站边，但3号发言确实有踩人的嫌疑。过。"}}
{"timestamp": "2026-05-10T11:34:33.523477+00:00", "round": 1, "phase": "speech", "operation": "speak", "seat": 8, "data": {"text": "8号玩家发言。平安夜，5号跳预言家查杀3号，力度很大，但我也注意到6号和7号提到的——狼人可能赌女巫没开药起跳。3号确实踩了5号，有狼面，但5号起跳时机也需要观察。我建议今天先出3号，看票型和后续反应再判断5号真假。另外，4号说怀疑5号沉默但5号已经起跳，这个逻辑有点矛盾，我会重点关注4号。暂时站边5号，但保持警惕。过。"}}
{"timestamp": "2026-05-10T11:34:35.898427+00:00", "round": 1, "phase": "speech", "operation": "speak", "seat": 9, "data": {"text": "9号玩家发言。平安夜，我救了7号。5号跳预言家查杀3号，力度确实大，但狼人可能赌女巫没开药悍跳。3号踩5号有狼面，但5号起跳时机也值得推敲。我建议今天出3号，看票型再定真假。4号说怀疑5号沉默但5号已起跳，逻辑矛盾，我会重点关注4号。女巫藏好，守卫守自己。过。"}}
{"timestamp": "2026-05-10T11:34:38.056577+00:00", "round": 1, "phase": "vote_casting", "operation": "vote", "seat": 1, "data": {"target": 3}}
{"timestamp": "2026-05-10T11:34:40.394449+00:00", "round": 1, "phase": "vote_casting", "operation": "vote", "seat": 2, "data": {"target": 3}}
{"timestamp": "2026-05-10T11:34:42.414092+00:00", "round": 1, "phase": "vote_casting", "operation": "vote", "seat": 3, "data": {"target": 5}}
{"timestamp": "2026-05-10T11:34:44.367208+00:00", "round": 1, "phase": "vote_casting", "operation": "vote", "seat": 4, "data": {"target": 3}}
{"timestamp": "2026-05-10T11:34:46.159338+00:00", "round": 1, "phase": "vote_casting", "operation": "vote", "seat": 5, "data": {"target": 3}}
{"timestamp": "2026-05-10T11:34:47.985240+00:00", "round": 1, "phase": "vote_casting", "operation": "vote", "seat": 6, "data": {"target": 3}}
{"timestamp": "2026-05-10T11:34:50.473217+00:00", "round": 1, "phase": "vote_casting", "operation": "vote", "seat": 7, "data": {"target": 3}}
{"timestamp": "2026-05-10T11:34:52.382164+00:00", "round": 1, "phase": "vote_casting", "operation": "vote", "seat": 8, "data": {"target": 3}}
{"timestamp": "2026-05-10T11:34:54.521477+00:00", "round": 1, "phase": "vote_casting", "operation": "vote", "seat": 9, "data": {"target": 3}}
{"timestamp": "2026-05-10T11:34:54.524783+00:00", "round": 1, "phase": "vote_resolution", "operation": "vote_result", "seat": null, "data": {"exiled": 3, "tally": {"3": 8, "5": 1}}}
{"timestamp": "2026-05-10T11:34:58.958085+00:00", "round": 1, "phase": "last_words", "operation": "speak", "seat": 3, "data": {"text": "3号玩家遗言：我出局了，但我必须说清楚，5号绝对是悍跳狼。我是好人，他查杀我就是在赌女巫没开药，想强推我出局。大家仔细想想，我首轮发言只是正常分析，关注4号和5号是因为他们还没发言，这有什么问题？5号却直接跳预言家查杀我，这明显是狼人急于推人出局的套路。而且6号、7号、8号、9号跟风站边5号，太整齐了，尤其是8号和9号，发言几乎复制粘贴，像是狼队在打配合。4号说怀疑5号沉默，但5号起跳后他又改口，这也很可疑。我建议好人今天别全信5号，至少盘一盘双狼可能性。女巫如果还有药，今晚可以考虑毒5号验证。好人们，别被狼队带偏，我出局了，但真相迟早会浮出水面。过。"}}
{"timestamp": "2026-05-10T11:35:09.696369+00:00", "round": 2, "phase": "night", "operation": "werewolf_kill", "seat": null, "data": {"wolf_seats": [2, 4], "target": 7, "votes": [{"player_seat": 2, "action_type": "kill", "target_seat": 7, "reasoning": "女巫救了7号，说明他可能是银水或神职，刀掉他既能减少好人人数，也能试探女巫是否还有药。队友4号也同意这个方案，我们统一目标。"}, {"player_seat": 4, "action_type": "kill", "target_seat": 7, "reasoning": "女巫救了7号，说明他可能是银水或神职，刀掉他既能减少好人人数，也能试探女巫是否还有药。队友2号也同意这个方案，我们统一目标，优先击杀7号。"}]}}
{"timestamp": "2026-05-10T11:35:10.309023+00:00", "round": 2, "phase": "night", "operation": "witch_save", "seat": 9, "data": {"wolf_target": 7, "used_antidote": false}}
{"timestamp": "2026-05-10T11:35:15.400987+00:00", "round": 2, "phase": "night", "operation": "seer_check", "seat": 5, "data": {"check_target": 4, "result": "werewolf"}}
{"timestamp": "2026-05-10T11:35:16.607120+00:00", "round": 2, "phase": "night", "operation": "hunter_death", "seat": 7, "data": {"message": "猎人死亡，可以开枪"}}
{"timestamp": "2026-05-10T11:35:18.409668+00:00", "round": 2, "phase": "night", "operation": "hunter_shoot", "seat": 7, "data": {"shoot_target": 9}}
{"timestamp": "2026-05-10T11:35:18.411812+00:00", "round": 2, "phase": "dawn", "operation": "night_deaths", "seat": null, "data": {"deaths": [{"player_seat": 7, "cause": "wolf_kill", "round_number": 2}, {"player_seat": 9, "cause": "hunter_shot", "round_number": 2}]}}
{"timestamp": "2026-05-10T11:35:22.832411+00:00", "round": 2, "phase": "speech", "operation": "speak", "seat": 1, "data": {"text": "1号玩家发言。昨晚死9号、7号，9号是女巫，7号是猎人，这轮好人损失惨重。3号出局是狼，说明5号预言家大概率是真的。但昨晚狼人刀了谁？9号女巫可能毒了人，但没报毒人。我建议5号预言家今晚报查验，我们好人有明确方向。目前我比较怀疑4号，他首轮说怀疑5号沉默，但5号起跳后他改口太快，逻辑有点矛盾。另外6号、8号跟风站边5号，但3号遗言说8号和9号发言复制粘贴，9号已死，8号需要解释。我会跟5号预言家投票，但也会重点观察4号和8号。过。"}}
{"timestamp": "2026-05-10T11:35:25.739707+00:00", "round": 2, "phase": "speech", "operation": "speak", "seat": 2, "data": {"text": "2号玩家发言。昨晚死了9号和7号，9号女巫，7号猎人，狼队亏了，但3号狼人出局也算平衡。5号预言家查杀3号，3号是狼，5号大概率真。我建议今天跟5号走，出他怀疑的人。4号首轮说怀疑5号沉默，5号起跳后改口，逻辑矛盾，我重点怀疑4号。8号跟风站边5号，但3号遗言说8号和9号发言复制，9号已死，8号需要解释。我会先投4号，过。"}}
{"timestamp": "2026-05-10T11:35:28.597126+00:00", "round": 2, "phase": "speech", "operation": "speak", "seat": 4, "data": {"text": "4号玩家发言。昨晚死9号和7号，9号女巫，7号猎人，狼队损失不小，但3号狼人出局也算平衡。5号预言家查杀3号，3号是狼，5号大概率真。我首轮说怀疑5号沉默，是因为他当时没发言，后来他起跳查杀3号，逻辑成立，我自然改口，这没什么矛盾。1号和2号揪着这点不放，反而像在带节奏。我建议今天跟5号走，出他怀疑的人。8号跟风站边5号但3号遗言说他复制发言，8号需要解释。暂时不投4号，先听8号怎么说。过。"}}
{"timestamp": "2026-05-10T11:35:30.678783+00:00", "round": 2, "phase": "speech", "operation": "speak", "seat": 5, "data": {"text": "5号玩家发言。昨晚查验4号，查杀，铁狼一个。4号刚才说改口是因为我起跳逻辑成立，但首轮你踩我沉默时我还没发言，这本身就是狼人想提前埋预言家的常见套路。3号已出局是狼，4号就是第二匹狼。建议今天全票出4号，我今晚继续查验，明天报结果。女巫藏好，守卫守自己。好人们别被狼人带偏，跟我走，过。"}}
{"timestamp": "2026-05-10T11:35:33.813361+00:00", "round": 2, "phase": "speech", "operation": "speak", "seat": 6, "data": {"text": "6号玩家发言。昨晚死9号和7号，9号女巫，7号猎人，好人损失惨重，但3号狼人出局也算扳回一局。5号查杀4号，力度很大，而且3号已证实是狼，5号预言家身份基本坐实。4号首轮踩5号沉默，5号起跳后改口，逻辑确实拧巴，像是狼人提前踩预言家被反查杀后的补救发言。我建议今天全票出4号，跟5号走。另外，8号发言和9号高度相似，9号是女巫已死，8号需要重点解释，但今天先解决4号。过。"}}
{"timestamp": "2026-05-10T11:35:36.585650+00:00", "round": 2, "phase": "speech", "operation": "speak", "seat": 8, "data": {"text": "8号玩家发言。昨晚死9号和7号，9号女巫，7号猎人，好人轮次大亏。3号出局是狼，5号预言家查杀4号，力度很大，我站边5号。4号首轮踩5号沉默，5号起跳后改口，逻辑确实矛盾，像狼人被打到后的补救发言。我建议今天全票出4号，跟5号走。至于3号遗言说我复制9号发言，当时我只是认同逻辑，现在9号已死，我会更独立盘逻辑。今天先出4号，过。"}}
{"timestamp": "2026-05-10T11:35:38.115130+00:00", "round": 2, "phase": "vote_casting", "operation": "vote", "seat": 1, "data": {"target": 4}}
{"timestamp": "2026-05-10T11:35:39.379051+00:00", "round": 2, "phase": "vote_casting", "operation": "vote", "seat": 2, "data": {"target": 4}}
{"timestamp": "2026-05-10T11:35:42.196746+00:00", "round": 2, "phase": "vote_casting", "operation": "vote", "seat": 4, "data": {"target": 1}}
{"timestamp": "2026-05-10T11:35:43.820482+00:00", "round": 2, "phase": "vote_casting", "operation": "vote", "seat": 5, "data": {"target": 4}}
{"timestamp": "2026-05-10T11:35:46.124679+00:00", "round": 2, "phase": "vote_casting", "operation": "vote", "seat": 6, "data": {"target": 4}}
{"timestamp": "2026-05-10T11:35:47.533369+00:00", "round": 2, "phase": "vote_casting", "operation": "vote", "seat": 8, "data": {"target": 4}}
{"timestamp": "2026-05-10T11:35:47.534340+00:00", "round": 2, "phase": "vote_resolution", "operation": "vote_result", "seat": null, "data": {"exiled": 4, "tally": {"4": 5, "1": 1}}}
{"timestamp": "2026-05-10T11:35:51.910768+00:00", "round": 2, "phase": "last_words", "operation": "speak", "seat": 4, "data": {"text": "4号玩家遗言：我是好人，被5号这个悍跳狼查杀了。大家仔细想想，5号第一天查杀3号，3号出局是狼，但狼队会这么轻易送一个队友出局吗？这明显是狼人自刀做高5号预言家面。我首轮说怀疑5号沉默，是因为他当时没发言，后来他起跳查杀3号，我自然改口，这逻辑没问题。1号和2号揪着这点不放，反而像在配合5号带节奏。昨晚死9号女巫和7号猎人，狼队刀了谁？很可能是刀了7号猎人，女巫毒了9号？但女巫毒人没报，这很可疑。我怀疑5号是狼，2号可能是他狼队友，1号、6号、8号跟风站边5号，但8号发言和9号高度相似，9号是女巫已死，8号需要重点盘。好人们别被5号带偏，今天出我，明天5号必露馅。我出局了，但真相迟早会浮出水面。过。"}}
{"timestamp": "2026-05-10T11:35:59.018052+00:00", "round": 3, "phase": "night", "operation": "werewolf_kill", "seat": null, "data": {"wolf_seats": [2], "target": 5, "votes": [{"player_seat": 2, "action_type": "kill", "target_seat": 5, "reasoning": "5号是预言家，刀掉他能断好人信息链，明天可以跳预言家或女巫搅乱局势。目前只剩我一个狼，必须优先击杀关键神职。"}]}}
{"timestamp": "2026-05-10T11:36:02.528714+00:00", "round": 3, "phase": "night", "operation": "seer_check", "seat": 5, "data": {"check_target": 6, "result": "good"}}
{"timestamp": "2026-05-10T11:36:03.732182+00:00", "round": 3, "phase": "dawn", "operation": "night_deaths", "seat": null, "data": {"deaths": [{"player_seat": 5, "cause": "wolf_kill", "round_number": 3}]}}
{"timestamp": "2026-05-10T11:36:06.958361+00:00", "round": 3, "phase": "speech", "operation": "speak", "seat": 1, "data": {"text": "1号玩家发言。昨晚5号预言家死了，说明他查杀4号是对的，4号是狼。现在剩1、2、6、8四人，两狼可能性大。我平民，一直跟5号走，逻辑没断层。2号发言稳，6号跟风但没明显漏洞。8号之前复制9号发言，9号女巫已死，8号嫌疑最大。建议今天出8号，好人别分票。过。"}}
{"timestamp": "2026-05-10T11:36:09.434909+00:00", "round": 3, "phase": "speech", "operation": "speak", "seat": 2, "data": {"text": "2号玩家发言。昨晚5号预言家被刀，证实他查杀4号是对的，4号是狼。现在剩1、2、6、8四人，我建议先盘8号。3号遗言说8号和9号发言复制，9号女巫已死，8号嫌疑最大。1号一直跟5号走，逻辑清晰，6号也站对边，我暂时听不出问题。今天全票出8号，明天再盘剩下的。过。"}}
{"timestamp": "2026-05-10T11:36:11.550779+00:00", "round": 3, "phase": "speech", "operation": "speak", "seat": 6, "data": {"text": "6号玩家发言。昨晚5号预言家被刀，证实他查杀4号是对的，4号是狼。现在剩1、2、6、8四人，两狼可能性大。我平民，一直跟5号走，逻辑没断层。1号和2号发言稳，暂时没听出问题。8号之前复制9号发言，9号女巫已死，8号嫌疑最大。建议今天全票出8号，好人别分票。过。"}}
{"timestamp": "2026-05-10T11:36:14.380694+00:00", "round": 3, "phase": "speech", "operation": "speak", "seat": 8, "data": {"text": "8号玩家发言。昨晚5号预言家被刀，证明他查杀4号是对的，4号是狼。现在剩1、2、6、8四人，我平民，一直跟5号走，逻辑没断层。1号和2号发言稳，6号跟风也没明显漏洞。但3号遗言说我复制9号发言，9号女巫已死，这明显是想脏我身份。我建议今天先盘1号，他首轮说跟5号走但4号遗言时他又改口说可能盘双狼，逻辑有摇摆。2号和6号暂时听不出问题。今天出1号，好人别分票，过。"}}
{"timestamp": "2026-05-10T11:36:16.435968+00:00", "round": 3, "phase": "vote_casting", "operation": "vote", "seat": 1, "data": {"target": 8}}
{"timestamp": "2026-05-10T11:36:19.023732+00:00", "round": 3, "phase": "vote_casting", "operation": "vote", "seat": 2, "data": {"target": 8}}
{"timestamp": "2026-05-10T11:36:21.903722+00:00", "round": 3, "phase": "vote_casting", "operation": "vote", "seat": 6, "data": {"target": 8}}
{"timestamp": "2026-05-10T11:36:23.800831+00:00", "round": 3, "phase": "vote_casting", "operation": "vote", "seat": 8, "data": {"target": 8}}
{"timestamp": "2026-05-10T11:36:23.801814+00:00", "round": 3, "phase": "vote_resolution", "operation": "vote_result", "seat": null, "data": {"exiled": 8, "tally": {"8": 4}}}
{"timestamp": "2026-05-10T11:36:28.563190+00:00", "round": 3, "phase": "last_words", "operation": "speak", "seat": 8, "data": {"text": "8号玩家遗言：我是平民，被好人误投出局了。但我必须说清楚，现在场上1、2、6、8四人，两狼可能性极大。我仔细复盘了一下整个局势：5号预言家查杀3号、4号，3号和4号都是狼，但狼队会这么轻易送两个队友出局吗？很可能5号是真预言家，但剩下的狼人藏得很深。\n\n1号首轮跟5号走，但4号遗言时他改口说可能盘双狼，逻辑有摇摆，这是狼人想找后路的典型表现。2号发言一直很稳，稳得像在划水，没提供有效信息，狼人最喜欢这种低调发言。6号跟风站边5号，但全程没独立逻辑，像是狼队在打配合。\n\n我建议好人今天别出我，先盘1号和2号。1号逻辑摇摆，2号发言太稳没信息量，这两人至少出一狼。6号虽然跟风，但可能是被带偏的好人。好人们，别被狼人带节奏，我出局了，但真相迟早会浮出水面。过。"}}
{"timestamp": "2026-05-10T11:36:28.564560+00:00", "round": 3, "phase": "game_over", "operation": "game_over", "seat": null, "data": {"winner": "werewolf", "reason": "all_gods_dead"}}
