{"timestamp": "2026-05-10T09:45:51.873228+00:00", "round": 0, "phase": "night", "operation": "phase_change", "seat": null, "data": {"new_phase": "night"}}
{"timestamp": "2026-05-10T09:46:10.840099+00:00", "round": 1, "phase": "night", "operation": "werewolf_kill", "seat": null, "data": {"wolf_seats": [2, 4, 7], "target": 5, "votes": [{"player_seat": 2, "action_type": "kill", "target_seat": 5, "reasoning": "队友们多数倾向刀5号，位置居中容易拿神牌且带节奏，虽然女巫可能救，但第一夜赌一把刀中预言家或女巫的概率存在，统一意见避免分歧。"}, {"player_seat": 4, "action_type": "kill", "target_seat": 5, "reasoning": "队友们多数倾向刀5号，位置居中容易拿神牌且带节奏，统一意见避免分歧，先刀5号赌一手女巫不救或刀中预言家。"}, {"player_seat": 7, "action_type": "kill", "target_seat": 5, "reasoning": "队友们多数倾向刀5号，位置居中容易拿神牌且带节奏，统一意见避免分歧，先刀5号赌一手女巫不救或刀中预言家。"}]}}
{"timestamp": "2026-05-10T09:46:12.393542+00:00", "round": 1, "phase": "night", "operation": "witch_save", "seat": 3, "data": {"wolf_target": 5, "used_antidote": true}}
{"timestamp": "2026-05-10T09:46:17.305864+00:00", "round": 1, "phase": "night", "operation": "seer_check", "seat": 8, "data": {"check_target": 3, "result": "good"}}
{"timestamp": "2026-05-10T09:46:18.512245+00:00", "round": 1, "phase": "dawn", "operation": "night_deaths", "seat": null, "data": {"deaths": []}}
{"timestamp": "2026-05-10T09:46:21.057222+00:00", "round": 1, "phase": "speech", "operation": "speak", "seat": 1, "data": {"text": "1号玩家发言。平安夜，女巫没开药，可能是守救守住了，也可能是狼人空刀。我底牌是好人，目前没什么信息，先听听后面几位的发言。2、3、4号先聊聊吧，看看有没有人聊爆。"}}
{"timestamp": "2026-05-10T09:46:23.250140+00:00", "round": 1, "phase": "speech", "operation": "speak", "seat": 2, "data": {"text": "2号玩家发言。平安夜，女巫没开药，可能是女巫没救，也可能是守人守住了。我底牌是好人，目前没什么信息。1号玩家第一个发言，聊得比较中规中矩，没什么爆点。我建议先听后面3、4、5、6号玩家的发言，看看有没有人视角不对或者逻辑矛盾。目前没有明确目标，暂时不投票，等听完一圈再决定。过。"}}
{"timestamp": "2026-05-10T09:46:26.018189+00:00", "round": 1, "phase": "speech", "operation": "speak", "seat": 3, "data": {"text": "3号玩家发言。平安夜，我这边是好人。1、2号发言都比较平稳，没有明显爆点。不过我想提醒大家注意一下，女巫可能开了解药，也可能没开。如果女巫没开药但平安夜，那可能是守人守住了。目前信息太少，建议先听后面几位的发言，特别是4、5、6号。5号玩家位置比较敏感，可以重点听听他的视角。我暂时没有明确目标，等听完一圈再定。过。"}}
{"timestamp": "2026-05-10T09:46:28.315292+00:00", "round": 1, "phase": "speech", "operation": "speak", "seat": 4, "data": {"text": "4号玩家发言。平安夜，女巫没开药，可能是守人守住了，也可能是女巫没救。1、2、3号发言都比较平稳，没明显爆点。3号玩家提到5号位置敏感，这点我认同。不过我觉得目前信息太少，大家先别急着站边，多听听后面几位的发言。我底牌是好人，暂时没有明确怀疑对象，等听完一圈再判断。过。"}}
{"timestamp": "2026-05-10T09:46:31.078368+00:00", "round": 1, "phase": "speech", "operation": "speak", "seat": 5, "data": {"text": "5号玩家发言。平安夜，信息确实不多。1、2、3、4号发言都比较平稳，没明显爆点。3号点我位置敏感，我认——但我底牌是好人，不怕被盘。目前场上没人聊爆，大家发言都比较保守，这本身可能有问题。我建议女巫和守卫藏好身份，别急着跳。预言家可以再观望一轮，或者跳出来带队。我暂时没有明确怀疑对象，但会重点关注那些发言模糊、逻辑前后不一致的人。先过，听完后面再说。"}}
{"timestamp": "2026-05-10T09:46:33.854840+00:00", "round": 1, "phase": "speech", "operation": "speak", "seat": 6, "data": {"text": "6号玩家发言。平安夜信息太少，前面几位发言都中规中矩，没明显爆点。不过5号玩家主动让预言家跳出来带队，这点让我有点在意——在信息这么少的情况下，预言家跳出来容易被狼人刀，5号这个建议有点急。我暂时没有明确怀疑对象，但会重点关注5号后续的发言和投票。建议女巫和守卫继续藏好，预言家可以再观望一轮。先过，听完后面再说。"}}
{"timestamp": "2026-05-10T09:46:36.450387+00:00", "round": 1, "phase": "speech", "operation": "speak", "seat": 7, "data": {"text": "7号玩家发言。平安夜，信息确实不多。前面几位发言都比较稳，没明显爆点。不过6号玩家点5号建议预言家跳出来带队有点急，这个视角我认同——预言家现在跳确实容易被刀。目前我比较在意的是3号玩家，他点5号位置敏感，但这个视角本身没问题，反而显得他在引导节奏。我建议先听完8、9号发言再定投票，目前没有明确目标，但会重点关注3号和5号的后续逻辑。过。"}}
{"timestamp": "2026-05-10T09:46:39.100370+00:00", "round": 1, "phase": "speech", "operation": "speak", "seat": 8, "data": {"text": "8号玩家发言。我是预言家，昨夜查验3号，3号是金水。平安夜信息少，但3号是好人，我可以先带队。目前1、2、4发言偏保守，5号建议预言家跳出来有点急，6号点出这点合理，7号视角也正常。我建议今天先听大家站边，如果没人跟我对跳，就先从5号或偏模糊发言的人里找狼。女巫藏好，守卫保我，我晚上继续查人。过。"}}
{"timestamp": "2026-05-10T09:46:41.866043+00:00", "round": 1, "phase": "speech", "operation": "speak", "seat": 9, "data": {"text": "9号玩家发言。平安夜信息少，8号跳预言家给3号金水，这个动作比较清晰。3号是金水，那1、2、4发言偏保守，5号建议预言家跳出来确实有点急，6号点得合理，7号视角正常。目前没人对跳，我先认8号是真预言家。我建议今天先听一圈站边，如果有对跳再对比发言。如果没有，我倾向从5号或发言模糊的人里出人。我底牌是好人，会跟着8号预言家走。过。"}}
{"timestamp": "2026-05-10T09:46:43.715963+00:00", "round": 1, "phase": "vote_casting", "operation": "vote", "seat": 1, "data": {"target": null}}
{"timestamp": "2026-05-10T09:46:46.225809+00:00", "round": 1, "phase": "vote_casting", "operation": "vote", "seat": 2, "data": {"target": 5}}
{"timestamp": "2026-05-10T09:46:49.110012+00:00", "round": 1, "phase": "vote_casting", "operation": "vote", "seat": 3, "data": {"target": null}}
{"timestamp": "2026-05-10T09:46:51.393660+00:00", "round": 1, "phase": "vote_casting", "operation": "vote", "seat": 4, "data": {"target": 5}}
{"timestamp": "2026-05-10T09:46:53.464676+00:00", "round": 1, "phase": "vote_casting", "operation": "vote", "seat": 5, "data": {"target": null}}
{"timestamp": "2026-05-10T09:46:55.228048+00:00", "round": 1, "phase": "vote_casting", "operation": "vote", "seat": 6, "data": {"target": null}}
{"timestamp": "2026-05-10T09:46:57.453514+00:00", "round": 1, "phase": "vote_casting", "operation": "vote", "seat": 7, "data": {"target": 5}}
{"timestamp": "2026-05-10T09:46:59.390235+00:00", "round": 1, "phase": "vote_casting", "operation": "vote", "seat": 8, "data": {"target": 5}}
{"timestamp": "2026-05-10T09:47:01.307298+00:00", "round": 1, "phase": "vote_casting", "operation": "vote", "seat": 9, "data": {"target": null}}
{"timestamp": "2026-05-10T09:47:01.309265+00:00", "round": 1, "phase": "vote_resolution", "operation": "vote_result", "seat": null, "data": {"exiled": 5, "tally": {"5": 4}}}
{"timestamp": "2026-05-10T09:47:18.392078+00:00", "round": 2, "phase": "night", "operation": "werewolf_kill", "seat": null, "data": {"wolf_seats": [2, 4, 7], "target": 8, "votes": [{"player_seat": 2, "action_type": "kill", "target_seat": 8, "reasoning": "队友们一致同意刀8号，8号跳预言家给3号金水，发言清晰且无人对跳，大概率是真预言家。刀掉他能打乱好人视角，让3号金水被怀疑，同时赌一手女巫不救或守卫守错人。"}, {"player_seat": 4, "action_type": "kill", "target_seat": 8, "reasoning": "8号跳预言家给3号金水，发言清晰且无人对跳，大概率是真预言家。刀掉他能打乱好人视角，让3号金水被怀疑，同时赌一手女巫不救或守卫守错人。队友们已统一意见刀8号。"}, {"player_seat": 7, "action_type": "kill", "target_seat": 8, "reasoning": "8号跳预言家给3号金水，发言清晰且无人对跳，大概率是真预言家。刀掉他能打乱好人视角，让3号金水被怀疑，同时赌一手女巫不救或守卫守错人。队友们已统一意见刀8号。"}]}}
{"timestamp": "2026-05-10T09:47:18.994103+00:00", "round": 2, "phase": "night", "operation": "witch_save", "seat": 3, "data": {"wolf_target": 8, "used_antidote": false}}
{"timestamp": "2026-05-10T09:47:21.380260+00:00", "round": 2, "phase": "night", "operation": "witch_poison", "seat": 3, "data": {"poison_target": 5}}
{"timestamp": "2026-05-10T09:47:25.076042+00:00", "round": 2, "phase": "night", "operation": "seer_check", "seat": 8, "data": {"check_target": 6, "result": "good"}}
{"timestamp": "2026-05-10T09:47:26.272193+00:00", "round": 2, "phase": "dawn", "operation": "night_deaths", "seat": null, "data": {"deaths": [{"player_seat": 8, "cause": "wolf_kill", "round_number": 2}]}}
{"timestamp": "2026-05-10T09:47:30.183907+00:00", "round": 2, "phase": "speech", "operation": "speak", "seat": 1, "data": {"text": "1号玩家发言。昨晚8号预言家被刀，女巫没开药，大概率是女巫没救或守卫没守。5号被放逐后是平民，那狼人就在剩下的人里。我底牌是猎人，目前站边8号预言家，3号是金水。6号点5号建议预言家跳出来急，这个视角没问题，但7号跟风点3号有点刻意。我建议今天从2、4、7里出人，7号发言最模糊，逻辑上最像狼。女巫可以报一下银水，守卫继续藏。过。"}}
{"timestamp": "2026-05-10T09:47:33.311097+00:00", "round": 2, "phase": "speech", "operation": "speak", "seat": 2, "data": {"text": "2号玩家发言。昨晚8号预言家被刀，女巫没开药，狼人刀法精准。1号跳猎人，这个身份我暂时认下。目前场上剩1、2、3、4、6、7、9号。3号是金水，9号站边8号预言家，发言偏好人。我比较怀疑6号和7号——6号昨天点5号急，但自己发言模糊；7号跟风点3号，视角有点刻意。建议今天从6、7里出人，先听6号发言。过。"}}
{"timestamp": "2026-05-10T09:47:35.927512+00:00", "round": 2, "phase": "speech", "operation": "speak", "seat": 3, "data": {"text": "3号玩家发言。昨晚8号预言家被刀，5号平民被放逐，狼人刀法精准。1号跳猎人，暂时认下。我底牌是金水，8号查验我是好人，我站边8号。目前怀疑6号和7号——6号昨天点5号急，但自己发言模糊；7号跟风点我，视角刻意。建议今天从6、7里出人，先听6号发言。女巫如果有银水可以报，但注意藏好身份。过。"}}
{"timestamp": "2026-05-10T09:47:38.475608+00:00", "round": 2, "phase": "speech", "operation": "speak", "seat": 4, "data": {"text": "4号玩家发言。昨晚8号预言家被刀，狼人刀法精准。1号跳猎人，我暂时认下。3号是金水，站边8号预言家，逻辑清晰。目前我比较怀疑6号和7号——6号昨天点5号建议预言家跳出来急，但自己发言模糊；7号跟风点3号，视角刻意。建议今天从6、7里出人，先听6号发言。我底牌是好人，暂时没有明确目标，等听完一圈再定投票。过。"}}
{"timestamp": "2026-05-10T09:47:41.270578+00:00", "round": 2, "phase": "speech", "operation": "speak", "seat": 6, "data": {"text": "6号玩家发言。昨晚8号预言家被刀，5号平民出局，狼人刀法精准。1号跳猎人，我暂时认下。3号是金水，站边8号预言家，逻辑清晰。我昨天点5号建议预言家跳出来急，是因为在信息少的情况下跳出来容易被刀，这个视角没问题。目前我怀疑7号——他昨天跟风点3号，刻意带节奏，发言比较模糊。建议今天从7号出人，先听7号辩解。我底牌是好人，会跟好人的逻辑走。过。"}}
{"timestamp": "2026-05-10T09:47:43.677257+00:00", "round": 2, "phase": "speech", "operation": "speak", "seat": 7, "data": {"text": "7号玩家发言。昨晚8号预言家被刀，狼人刀法精准。1号跳猎人我暂时认下，3号金水逻辑清晰。6号昨天点5号急，这个视角合理，但今天他急着踩我，反而像在转移焦点。我昨天点3号只是正常分析，没有刻意带节奏。目前我怀疑6号和9号——6号踩我太急，9号站边8号但没实际输出。建议今天从6号出人，先听9号发言。过。"}}
{"timestamp": "2026-05-10T09:47:46.322709+00:00", "round": 2, "phase": "speech", "operation": "speak", "seat": 9, "data": {"text": "9号玩家发言。昨晚8号预言家被刀，5号平民出局，狼人刀法精准。1号跳猎人我暂时认下，3号金水逻辑清晰。目前场上剩1、2、3、4、6、7、9号，我底牌是好人。我比较怀疑6号和7号——6号昨天点5号急，今天踩7号转移焦点；7号跟风点3号，发言模糊。建议今天从6、7里出人，先听6号辩解。我站边8号预言家，会跟好人逻辑走。过。"}}
{"timestamp": "2026-05-10T09:47:47.589668+00:00", "round": 2, "phase": "vote_casting", "operation": "vote", "seat": 1, "data": {"target": 7}}
{"timestamp": "2026-05-10T09:47:50.271360+00:00", "round": 2, "phase": "vote_casting", "operation": "vote", "seat": 2, "data": {"target": 6}}
{"timestamp": "2026-05-10T09:47:52.329760+00:00", "round": 2, "phase": "vote_casting", "operation": "vote", "seat": 3, "data": {"target": 7}}
{"timestamp": "2026-05-10T09:47:53.922993+00:00", "round": 2, "phase": "vote_casting", "operation": "vote", "seat": 4, "data": {"target": 6}}
{"timestamp": "2026-05-10T09:47:55.644698+00:00", "round": 2, "phase": "vote_casting", "operation": "vote", "seat": 6, "data": {"target": 7}}
{"timestamp": "2026-05-10T09:47:57.273236+00:00", "round": 2, "phase": "vote_casting", "operation": "vote", "seat": 7, "data": {"target": 6}}
{"timestamp": "2026-05-10T09:47:59.000924+00:00", "round": 2, "phase": "vote_casting", "operation": "vote", "seat": 9, "data": {"target": 7}}
{"timestamp": "2026-05-10T09:47:59.001914+00:00", "round": 2, "phase": "vote_resolution", "operation": "vote_result", "seat": null, "data": {"exiled": 7, "tally": {"7": 4, "6": 3}}}
{"timestamp": "2026-05-10T09:48:11.116423+00:00", "round": 3, "phase": "night", "operation": "werewolf_kill", "seat": null, "data": {"wolf_seats": [2, 4], "target": 1, "votes": [{"player_seat": 2, "action_type": "kill", "target_seat": 1, "reasoning": "场上1号跳猎人，刀掉他好人阵营就少一个神职，离屠边胜利更近一步。女巫可能还在，但赌一手女巫不救或守卫守错人，队友4号也同意刀1号，统一意见执行刀人。"}, {"player_seat": 4, "action_type": "kill", "target_seat": 1, "reasoning": "1号跳猎人，大概率是真猎人，刀掉他好人阵营就少一个神职，离屠边胜利更近一步。女巫可能还在，但赌一手女巫不救或守卫守错人，队友2号也同意刀1号，统一意见执行刀人。"}]}}
{"timestamp": "2026-05-10T09:48:11.117438+00:00", "round": 3, "phase": "night", "operation": "hunter_death", "seat": 1, "data": {"message": "猎人死亡，可以开枪"}}
{"timestamp": "2026-05-10T09:48:13.115708+00:00", "round": 3, "phase": "night", "operation": "hunter_shoot", "seat": 1, "data": {"shoot_target": 6}}
{"timestamp": "2026-05-10T09:48:13.118428+00:00", "round": 3, "phase": "dawn", "operation": "night_deaths", "seat": null, "data": {"deaths": [{"player_seat": 1, "cause": "wolf_kill", "round_number": 3}, {"player_seat": 6, "cause": "hunter_shot", "round_number": 3}]}}
{"timestamp": "2026-05-10T09:48:16.773169+00:00", "round": 3, "phase": "speech", "operation": "speak", "seat": 2, "data": {"text": "2号玩家发言。昨晚1号猎人被刀，6号被猎人带走，场上剩2、3、4、9号。现在神职只剩女巫和守卫，平民剩3号金水和9号。我底牌是好人，目前听下来4号发言一直很稳，没明显爆点；9号站边8号预言家，逻辑清晰。我建议今天从4号和9号里盘，先听9号发言，看看有没有视角矛盾。女巫藏好，守卫别跳，我暂时没明确目标，等听完一圈再定投票。过。"}}
{"timestamp": "2026-05-10T09:48:20.238122+00:00", "round": 3, "phase": "speech", "operation": "speak", "seat": 3, "data": {"text": "3号玩家发言。昨晚1号猎人被刀，6号被带走，场上剩2、3、4、9号。我底牌是金水，站边8号预言家。目前听下来，4号发言一直很稳，没明显爆点；9号站边8号逻辑清晰。但我注意到2号玩家一直比较保守，没有明确输出怀疑对象，反而先盘4号和9号，有点模糊焦点。建议今天先听2号解释一下为什么跳过自己，再决定投票。女巫藏好，守卫别跳，我暂时倾向从2号或4号里出人，等听完一圈再定。过。"}}
{"timestamp": "2026-05-10T09:48:23.304768+00:00", "round": 3, "phase": "speech", "operation": "speak", "seat": 4, "data": {"text": "4号玩家发言。昨晚1号猎人被刀，6号被带走，场上剩2、3、4、9号。我底牌是好人，一直站边8号预言家。目前听下来，3号金水逻辑清晰，2号发言偏保守但没明显爆点，9号站边8号也合理。我建议今天从2号和9号里盘——2号一直没明确输出怀疑对象，有点模糊；9号虽然站边清晰，但没实际踩人。女巫藏好，守卫别跳，我暂时倾向出2号，先听9号发言再定。过。"}}
{"timestamp": "2026-05-10T09:48:26.031320+00:00", "round": 3, "phase": "speech", "operation": "speak", "seat": 9, "data": {"text": "9号玩家发言。昨晚1号猎人被刀，6号被带走，场上剩2、3、4、9号。我底牌是好人，站边8号预言家。目前听下来，3号金水逻辑清晰，4号发言一直很稳，2号偏保守但没爆点。我建议今天从2号和4号里盘——2号一直没明确输出怀疑对象，有点模糊；4号虽然稳，但没实际踩人。我倾向先出2号，听听他的辩解。女巫藏好，守卫别跳，我会跟好人逻辑走。过。"}}
{"timestamp": "2026-05-10T09:48:29.460394+00:00", "round": 3, "phase": "vote_casting", "operation": "vote", "seat": 2, "data": {"target": 2}}
{"timestamp": "2026-05-10T09:48:31.294780+00:00", "round": 3, "phase": "vote_casting", "operation": "vote", "seat": 3, "data": {"target": 2}}
{"timestamp": "2026-05-10T09:48:33.684259+00:00", "round": 3, "phase": "vote_casting", "operation": "vote", "seat": 4, "data": {"target": 2}}
{"timestamp": "2026-05-10T09:48:35.416395+00:00", "round": 3, "phase": "vote_casting", "operation": "vote", "seat": 9, "data": {"target": 2}}
{"timestamp": "2026-05-10T09:48:35.419496+00:00", "round": 3, "phase": "vote_resolution", "operation": "vote_result", "seat": null, "data": {"exiled": 2, "tally": {"2": 4}}}
{"timestamp": "2026-05-10T09:48:42.948275+00:00", "round": 4, "phase": "night", "operation": "werewolf_kill", "seat": null, "data": {"wolf_seats": [4], "target": 9, "votes": [{"player_seat": 4, "action_type": "kill", "target_seat": 9, "reasoning": "场上还剩3号金水、9号和我。刀掉9号后，明天只剩3号一个平民，再刀3号就能屠边胜利。女巫可能还有解药，但赌一手女巫没药或守卫守错人。"}]}}
{"timestamp": "2026-05-10T09:48:42.950214+00:00", "round": 4, "phase": "dawn", "operation": "night_deaths", "seat": null, "data": {"deaths": [{"player_seat": 9, "cause": "wolf_kill", "round_number": 4}]}}
{"timestamp": "2026-05-10T09:48:46.239404+00:00", "round": 4, "phase": "speech", "operation": "speak", "seat": 3, "data": {"text": "3号玩家发言。昨晚9号被刀，场上只剩我和4号。我底牌是金水，站边8号预言家，一路逻辑清晰。4号玩家一直发言很稳，但从来没明确踩过任何人，每次都是建议从别人里出，自己从不站边。现在只剩两个人，我建议4号好好解释一下为什么全程不敢输出明确怀疑对象。我会听你发言再决定投票。过。"}}
{"timestamp": "2026-05-10T09:48:49.375018+00:00", "round": 4, "phase": "speech", "operation": "speak", "seat": 4, "data": {"text": "4号玩家发言。昨晚9号被刀，场上只剩我和3号。我底牌是好人，一路站边8号预言家，逻辑清晰。3号金水，我认你身份，但你说我全程不敢输出明确怀疑对象——我昨天建议出2号，是因为2号一直模糊焦点，没明确输出；今天剩两人，我直接点你3号——你作为金水，一路逻辑清晰，但有没有可能你是狼人穿金水衣服？8号给的金水不一定保真，狼人也可以自刀做身份。我建议今天出3号，听我解释：我全程稳是因为我底牌是好人，不想乱带节奏。过。"}}
{"timestamp": "2026-05-10T09:48:51.365352+00:00", "round": 4, "phase": "vote_casting", "operation": "vote", "seat": 3, "data": {"target": 4}}
{"timestamp": "2026-05-10T09:48:53.359545+00:00", "round": 4, "phase": "vote_casting", "operation": "vote", "seat": 4, "data": {"target": 3}}
{"timestamp": "2026-05-10T09:48:53.362467+00:00", "round": 4, "phase": "vote_resolution", "operation": "vote_result", "seat": null, "data": {"exiled": null, "tally": {"4": 1, "3": 1}}}
{"timestamp": "2026-05-10T09:48:53.368173+00:00", "round": 4, "phase": "game_over", "operation": "game_over", "seat": null, "data": {"winner": "werewolf", "reason": "all_villagers_dead"}}
