{"timestamp": "2026-05-10T11:21:44.156735+00:00", "round": 0, "phase": "night", "operation": "phase_change", "seat": null, "data": {"new_phase": "night"}}
{"timestamp": "2026-05-10T11:21:59.664220+00:00", "round": 1, "phase": "night", "operation": "werewolf_kill", "seat": null, "data": {"wolf_seats": [2, 4, 7], "target": 5, "votes": [{"player_seat": 2, "action_type": "kill", "target_seat": 5, "reasoning": "队友一致同意刀5号，中间位信息少且不显眼，第一晚刀人风险低，可以尝试清掉可能藏神的位置。"}, {"player_seat": 4, "action_type": "kill", "target_seat": 5, "reasoning": "队友一致同意刀5号，第一晚信息少，中间位不显眼，风险低，优先清掉可能藏神的位置。"}, {"player_seat": 7, "action_type": "kill", "target_seat": 5, "reasoning": "队友一致同意刀5号，第一晚信息少，中间位不显眼，风险低，优先清掉可能藏神的位置。"}]}}
{"timestamp": "2026-05-10T11:22:01.397506+00:00", "round": 1, "phase": "night", "operation": "witch_save", "seat": 1, "data": {"wolf_target": 5, "used_antidote": true}}
{"timestamp": "2026-05-10T11:22:06.220602+00:00", "round": 1, "phase": "night", "operation": "seer_check", "seat": 5, "data": {"check_target": 3, "result": "good"}}
{"timestamp": "2026-05-10T11:22:07.426515+00:00", "round": 1, "phase": "dawn", "operation": "night_deaths", "seat": null, "data": {"deaths": []}}
{"timestamp": "2026-05-10T11:22:10.183257+00:00", "round": 1, "phase": "speech", "operation": "speak", "seat": 1, "data": {"text": "1号玩家发言。昨晚平安夜，说明女巫大概率救人了。我建议女巫藏好身份，不要轻易跳出来。目前没有信息，我暂时不怀疑任何人。大家先听听后面的发言，看看有没有人逻辑爆炸或者划水的。我底牌好人，过了。"}}
{"timestamp": "2026-05-10T11:22:11.995247+00:00", "round": 1, "phase": "speech", "operation": "speak", "seat": 2, "data": {"text": "2号玩家发言。平安夜很正常，女巫肯定救人了，第一晚信息少，刀人难度大。我同意1号说的，女巫先藏好。目前没有明显线索，但我觉得可以关注一下有没有人发言过于刻意或者逻辑不通的。我暂时没有明确怀疑对象，先听后面的人怎么说。过。"}}
{"timestamp": "2026-05-10T11:22:14.856569+00:00", "round": 1, "phase": "speech", "operation": "speak", "seat": 3, "data": {"text": "3号玩家发言。平安夜，女巫救人概率大，女巫藏好没问题。目前1号和2号发言都比较中规中矩，没有明显爆点。我建议重点听后面几个人的发言，特别是那些划水或者逻辑跳跃的。我暂时没有明确怀疑对象，但提醒大家注意跟风发言的人，狼人最喜欢混在节奏里。另外，我觉得可以适当给4号和5号一点压力，看看他们的反应。底牌好人，过。"}}
{"timestamp": "2026-05-10T11:22:17.308897+00:00", "round": 1, "phase": "speech", "operation": "speak", "seat": 4, "data": {"text": "4号玩家发言。平安夜，女巫大概率救人，好人优势。前面1、2、3发言都比较稳，3号提到给我和5号压力，有点意思。我底牌好人，目前没有太多信息，但建议先听5号发言，看他是好人还是狼人装好人。另外，我注意到1号和2号发言过于一致，都在强调女巫藏好，有点像提前对过口径，值得留意。我暂时不站边，先听后面发言再判断。过。"}}
{"timestamp": "2026-05-10T11:22:20.153098+00:00", "round": 1, "phase": "speech", "operation": "speak", "seat": 5, "data": {"text": "5号玩家发言。昨晚我查验了3号，3号是金水，好人。3号发言逻辑清晰，建议给压力也合理，我认可他好人身份。4号提到1、2发言过于一致像对口径，这点我注意到了，但暂时不能确定。目前信息有限，建议先听后面6到9号发言，看看有没有明显爆点或者站边异常的。我会继续盯紧可疑的人，尤其是那些跟风划水的。女巫藏好，猎人别乱跳。今天先出谁，等听完一圈再定。过。"}}
{"timestamp": "2026-05-10T11:22:23.495223+00:00", "round": 1, "phase": "speech", "operation": "speak", "seat": 6, "data": {"text": "6号玩家发言。首先，5号跳预言家给3号金水，这个起跳时机偏早，第一轮就跳，信息量有限，真假待定。3号发言确实不错，但狼人也会发金水做身份。4号质疑1、2发言一致，我部分同意，但1、2只是正常保守发言，不算铁狼面。我建议先不急着站边，听后面7、8、9的发言，看有没有人跟5号对跳预言家。如果有对跳，对比双方逻辑和验人心路再判断。如果没有对跳，5号暂信，但也要警惕狼人隐下去。我底牌好人，暂时不投票，等听完一圈再定。过。"}}
{"timestamp": "2026-05-10T11:22:26.384401+00:00", "round": 1, "phase": "speech", "operation": "speak", "seat": 7, "data": {"text": "7号玩家发言。平安夜，女巫救人，好人优势。5号跳预言家给3号金水，起跳偏早但逻辑还行，3号发言确实不错。4号质疑1、2一致，我觉得1、2只是正常保守发言，不算铁狼。6号分析很全面，暂时不站边。我建议先听完7、8、9号发言，看有没有人对跳预言家。如果没有，暂信5号，但也要警惕狼人隐下去。另外，4号踩1、2有点刻意，我暂时怀疑4号可能是狼在找抗推位。底牌好人，过。"}}
{"timestamp": "2026-05-10T11:22:29.371841+00:00", "round": 1, "phase": "speech", "operation": "speak", "seat": 8, "data": {"text": "8号玩家发言。平安夜，女巫救人，好人优势。5号跳预言家给3号金水，起跳偏早但逻辑合理，3号发言确实不错。6号和7号分析都很全面，暂时不站边。我注意到4号踩1、2发言一致像对口径，但1、2只是正常保守发言，不算铁狼，4号这个点有点刻意，像是在找抗推位。5号跳预言家，如果后面没人对跳，我暂信5号，但也要警惕狼人隐下去。建议先听9号发言，再决定投票方向。底牌好人，过。"}}
{"timestamp": "2026-05-10T11:22:31.928478+00:00", "round": 1, "phase": "speech", "operation": "speak", "seat": 9, "data": {"text": "9号玩家发言。平安夜，女巫救人，好人优势。5号跳预言家给3号金水，起跳偏早但逻辑合理，3号发言确实不错。4号踩1、2发言一致像对口径，我觉得1、2只是正常保守发言，4号这个点有点刻意，像是在找抗推位。6、7、8分析都比较全面，暂时不站边。我建议先听一圈，如果有对跳预言家再对比，如果没有，暂信5号，但也要警惕狼人隐下去。我底牌好人，暂时不投票，过。"}}
{"timestamp": "2026-05-10T11:22:33.762575+00:00", "round": 1, "phase": "vote_casting", "operation": "vote", "seat": 1, "data": {"target": null}}
{"timestamp": "2026-05-10T11:22:35.650605+00:00", "round": 1, "phase": "vote_casting", "operation": "vote", "seat": 2, "data": {"target": 4}}
{"timestamp": "2026-05-10T11:22:37.414500+00:00", "round": 1, "phase": "vote_casting", "operation": "vote", "seat": 3, "data": {"target": 4}}
{"timestamp": "2026-05-10T11:22:39.769337+00:00", "round": 1, "phase": "vote_casting", "operation": "vote", "seat": 4, "data": {"target": 4}}
{"timestamp": "2026-05-10T11:22:42.232262+00:00", "round": 1, "phase": "vote_casting", "operation": "vote", "seat": 5, "data": {"target": null}}
{"timestamp": "2026-05-10T11:22:43.923956+00:00", "round": 1, "phase": "vote_casting", "operation": "vote", "seat": 6, "data": {"target": null}}
{"timestamp": "2026-05-10T11:22:45.837916+00:00", "round": 1, "phase": "vote_casting", "operation": "vote", "seat": 7, "data": {"target": 4}}
{"timestamp": "2026-05-10T11:22:47.923437+00:00", "round": 1, "phase": "vote_casting", "operation": "vote", "seat": 8, "data": {"target": 4}}
{"timestamp": "2026-05-10T11:22:49.753040+00:00", "round": 1, "phase": "vote_casting", "operation": "vote", "seat": 9, "data": {"target": 4}}
{"timestamp": "2026-05-10T11:22:49.754034+00:00", "round": 1, "phase": "vote_resolution", "operation": "vote_result", "seat": null, "data": {"exiled": 4, "tally": {"4": 6}}}
{"timestamp": "2026-05-10T11:22:54.241003+00:00", "round": 1, "phase": "last_words", "operation": "speak", "seat": 4, "data": {"text": "4号玩家遗言。我是好人，被抗推出局了。首先，我确实怀疑1号和2号发言过于一致，都在强调女巫藏好，这个点在当时的情况下是合理的怀疑，但没想到被5号预言家带队拿来当抗推理由。3号被5号发金水，我暂时认3号好人，但5号这个预言家我存疑——第一轮就跳预言家，信息量太小，而且他直接带队出我，逻辑上有点急于推人。6、7、8、9号发言都比较保守，没有明显爆点，但7号踩我踩得最狠，我怀疑7号可能是狼人在带节奏。建议好人们后续重点关注5号和7号，如果5号是假预言家，那3号金水也得重新审视。另外，1号和2号发言一致这点，我坚持认为值得留意，不是铁狼但需要观察。狼人阵营现在少了一个人，好人优势，希望女巫和猎人藏好，别让狼人刀到关键神职。我走了，祝好人胜利。"}}
{"timestamp": "2026-05-10T11:23:07.164285+00:00", "round": 2, "phase": "night", "operation": "werewolf_kill", "seat": null, "data": {"wolf_seats": [2, 7], "target": 5, "votes": [{"player_seat": 2, "action_type": "kill", "target_seat": 5, "reasoning": "5号跳预言家且带队出了4号，大概率是真预言家，必须尽快刀掉，打乱好人节奏，减少验人风险。女巫第一晚已用解药，今晚可能无药可救，值得赌一刀。"}, {"player_seat": 7, "action_type": "kill", "target_seat": 5, "reasoning": "5号跳预言家带队出了4号，大概率是真预言家，必须尽快刀掉减少验人风险。女巫第一晚已用解药，今晚可能无药可救，值得赌一刀。队友2号已同意此目标，内部一致。"}]}}
{"timestamp": "2026-05-10T11:23:07.766770+00:00", "round": 2, "phase": "night", "operation": "witch_save", "seat": 1, "data": {"wolf_target": 5, "used_antidote": false}}
{"timestamp": "2026-05-10T11:23:12.655883+00:00", "round": 2, "phase": "night", "operation": "seer_check", "seat": 5, "data": {"check_target": 7, "result": "werewolf"}}
{"timestamp": "2026-05-10T11:23:13.859281+00:00", "round": 2, "phase": "dawn", "operation": "night_deaths", "seat": null, "data": {"deaths": [{"player_seat": 5, "cause": "wolf_kill", "round_number": 2}]}}
{"timestamp": "2026-05-10T11:23:17.991864+00:00", "round": 2, "phase": "speech", "operation": "speak", "seat": 1, "data": {"text": "1号玩家发言。昨晚5号被刀，女巫没救，说明女巫可能首夜没用解药或者救的是别人。5号是预言家，昨晚查了3号金水，今天倒牌，信息可信度高。4号被抗推是狼人，现在场上剩两狼。3号是金水好人，我认。我怀疑7号，他昨天踩4号最狠，像是在打煽动位。6号和8号发言中规中矩，9号跟风。建议今天重点听7号发言，女巫手里有毒药，如果谁聊爆可以直接毒。我底牌好人，过。"}}
{"timestamp": "2026-05-10T11:23:20.697221+00:00", "round": 2, "phase": "speech", "operation": "speak", "seat": 2, "data": {"text": "2号玩家发言。5号被刀，女巫没救，预言家倒牌，信息可信。3号金水好人，我认。昨天4号被抗推是狼人，现在剩两狼。我怀疑7号，他昨天踩4号最狠，像是在打煽动位，而且4号遗言也点了7号。6号分析全面但有点中立过头，8号和9号跟风。建议今天先出7号，女巫毒药留着防意外。我底牌好人，过。"}}
{"timestamp": "2026-05-10T11:23:23.593309+00:00", "round": 2, "phase": "speech", "operation": "speak", "seat": 3, "data": {"text": "3号玩家发言。5号昨晚被刀，证实他是真预言家，我金水身份坐实。昨天4号被放逐是狼人，现在场上剩两狼。1号和2号踩7号，我部分同意——7号昨天踩4号确实最狠，有煽动嫌疑。但6号昨天分析全面却始终不站边，今天也没明确表态，有点划水嫌疑。9号跟风明显，发言没信息量。建议今天先听7号解释，再对比6号和9号的发言，女巫毒药留着防意外。我底牌好人，过。"}}
{"timestamp": "2026-05-10T11:23:26.319020+00:00", "round": 2, "phase": "speech", "operation": "speak", "seat": 6, "data": {"text": "6号玩家发言。5号倒牌证实是真预言家，3号金水可信。昨天4号狼人被抗推，场上剩两狼。我怀疑7号，他昨天踩4号最狠，今天1、2、3都点他，逻辑一致，7号狼面大。另外9号跟风明显，发言没信息量，也值得关注。我建议今天先出7号，女巫毒药留着防意外。如果7号是狼，明天再盘9号。底牌好人，过。"}}
{"timestamp": "2026-05-10T11:23:29.154135+00:00", "round": 2, "phase": "speech", "operation": "speak", "seat": 7, "data": {"text": "7号玩家发言。5号倒牌证实是真预言家，3号金水可信。昨天4号狼人被抗推，场上剩两狼。今天1、2、3、6都踩我，说我煽动，但昨天4号踩1、2发言一致确实可疑，我点他合理。倒是6号昨天分析全面却不站边，今天直接跟风踩我，像是狼人找抗推位。9号跟风明显，发言没信息量。我建议今天先出6号，他昨天不站边今天突然带节奏，狼面最大。女巫毒药留着防意外。底牌好人，过。"}}
{"timestamp": "2026-05-10T11:23:32.514424+00:00", "round": 2, "phase": "speech", "operation": "speak", "seat": 8, "data": {"text": "8号玩家发言。5号倒牌证实是真预言家，3号金水可信。昨天4号狼人被抗推，场上剩两狼。今天1、2、3、6都踩7号，7号反踩6号，形成对打格局。我注意到6号昨天分析全面但不站边，今天突然跟风踩7号，确实有点反常。7号踩4号是合理怀疑，但今天被多人点，狼面偏大。9号发言一直没信息量，跟风明显。建议今天先出7号，如果7号是狼，明天重点盘6号和9号。女巫毒药留着防意外。底牌好人，过。"}}
{"timestamp": "2026-05-10T11:23:35.361538+00:00", "round": 2, "phase": "speech", "operation": "speak", "seat": 9, "data": {"text": "9号玩家发言。5号倒牌证实是真预言家，3号金水可信。昨天4号狼人被抗推，场上剩两狼。今天7号被多人点，他反踩6号，这个对打格局值得关注。我注意到6号昨天分析全面但不站边，今天突然跟风踩7号，确实有点反常。7号踩4号是合理怀疑，但被多人点后狼面偏大。我建议今天先出7号，如果7号是狼，明天重点盘6号。女巫毒药留着防意外，我底牌好人，过。"}}
{"timestamp": "2026-05-10T11:23:38.072907+00:00", "round": 2, "phase": "vote_casting", "operation": "vote", "seat": 1, "data": {"target": 7}}
{"timestamp": "2026-05-10T11:23:40.848029+00:00", "round": 2, "phase": "vote_casting", "operation": "vote", "seat": 2, "data": {"target": 6}}
{"timestamp": "2026-05-10T11:23:43.655181+00:00", "round": 2, "phase": "vote_casting", "operation": "vote", "seat": 3, "data": {"target": 7}}
{"timestamp": "2026-05-10T11:23:46.129086+00:00", "round": 2, "phase": "vote_casting", "operation": "vote", "seat": 6, "data": {"target": 7}}
{"timestamp": "2026-05-10T11:23:48.499087+00:00", "round": 2, "phase": "vote_casting", "operation": "vote", "seat": 7, "data": {"target": 6}}
{"timestamp": "2026-05-10T11:23:49.982373+00:00", "round": 2, "phase": "vote_casting", "operation": "vote", "seat": 8, "data": {"target": 7}}
{"timestamp": "2026-05-10T11:23:52.610907+00:00", "round": 2, "phase": "vote_casting", "operation": "vote", "seat": 9, "data": {"target": 7}}
{"timestamp": "2026-05-10T11:23:52.611896+00:00", "round": 2, "phase": "vote_resolution", "operation": "vote_result", "seat": null, "data": {"exiled": 7, "tally": {"7": 5, "6": 2}}}
{"timestamp": "2026-05-10T11:23:56.162761+00:00", "round": 2, "phase": "last_words", "operation": "speak", "seat": 7, "data": {"text": "7号玩家遗言。我是好人，被抗推出局了。首先，昨天我踩4号是因为他刻意质疑1、2号发言一致，这个点在当时是合理的怀疑，但没想到被5号预言家带队拿来当抗推理由。今天1、2、3、6、8、9全都跟风踩我，明显是狼人在带节奏。6号昨天分析全面却不站边，今天突然跟风踩我，狼面最大。9号一直没信息量，跟风明显，也是狼人混在好人里。建议好人们后续重点关注6号和9号，如果6号是狼，那9号大概率也是狼。女巫毒药留着，明天可以毒6号或者9号。好人加油，过。"}}
{"timestamp": "2026-05-10T11:24:04.844474+00:00", "round": 3, "phase": "night", "operation": "werewolf_kill", "seat": null, "data": {"wolf_seats": [2], "target": 3, "votes": [{"player_seat": 2, "action_type": "kill", "target_seat": 3, "reasoning": "场上只剩我一个狼，3号是金水，白天被多人认好，可能是神职（猎人/女巫），刀掉他既能减少好人信任度，也可能直接击杀关键神职。女巫解药首夜已用，今晚必无药可救，值得赌一刀翻盘。"}]}}
{"timestamp": "2026-05-10T11:24:05.447698+00:00", "round": 3, "phase": "night", "operation": "witch_save", "seat": 1, "data": {"wolf_target": 3, "used_antidote": false}}
{"timestamp": "2026-05-10T11:24:07.495523+00:00", "round": 3, "phase": "night", "operation": "witch_poison", "seat": 1, "data": {"poison_target": 6}}
{"timestamp": "2026-05-10T11:24:08.717507+00:00", "round": 3, "phase": "dawn", "operation": "night_deaths", "seat": null, "data": {"deaths": [{"player_seat": 3, "cause": "wolf_kill", "round_number": 3}, {"player_seat": 6, "cause": "poison", "round_number": 3}]}}
{"timestamp": "2026-05-10T11:24:12.546835+00:00", "round": 3, "phase": "speech", "operation": "speak", "seat": 1, "data": {"text": "1号玩家发言。昨晚3号被刀，6号被毒，说明女巫毒了6号。现在场上剩8号和9号，两狼大概率在你们中间。3号是金水好人，被刀合理。6号被毒，说明女巫认定他是狼。8号昨天跟风踩7号，但没明显爆点；9号全程划水没信息量，狼面最大。我建议今天先出9号，如果9号是狼，明天再盘8号。女巫毒药已用，好人轮次领先，别分票。底牌好人，过。"}}
{"timestamp": "2026-05-10T11:24:14.984241+00:00", "round": 3, "phase": "speech", "operation": "speak", "seat": 2, "data": {"text": "2号玩家发言。昨晚3号被刀，6号被毒，女巫毒对了，6号铁狼。现在场上剩8号和9号，两狼大概率在你们中间。1号逻辑清晰，我认好。8号昨天跟风踩7号，但没爆点；9号全程划水没信息量，狼面最大。我建议今天先出9号，如果9号是狼，明天再盘8号。女巫毒药已用，好人轮次领先，别分票。底牌好人，过。"}}
{"timestamp": "2026-05-10T11:24:17.532086+00:00", "round": 3, "phase": "speech", "operation": "speak", "seat": 8, "data": {"text": "8号玩家发言。昨晚3号被刀，6号被毒，女巫毒对了，6号铁狼。现在场上剩1、2、8、9，两狼在你们中间。我身份好人，昨天跟风踩7号是因为他狼面确实大，逻辑没毛病。9号全程划水没信息量，发言一直跟风，狼面最大。1号和2号逻辑清晰，我暂时认好。建议今天先出9号，如果9号是狼，好人直接赢。别分票，过。"}}
{"timestamp": "2026-05-10T11:24:20.034333+00:00", "round": 3, "phase": "speech", "operation": "speak", "seat": 9, "data": {"text": "9号玩家发言。昨晚3号被刀，6号被毒，女巫毒对了，6号铁狼。现在场上剩1、2、8、9，两狼在你们中间。我身份好人，昨天跟风踩7号是因为他狼面大，逻辑没问题。8号昨天跟风踩7号，今天又跟风踩我，发言一直没信息量，狼面最大。1号和2号逻辑清晰，我暂时认好。建议今天先出8号，如果8号是狼，好人直接赢。别分票，过。"}}
{"timestamp": "2026-05-10T11:24:21.545802+00:00", "round": 3, "phase": "vote_casting", "operation": "vote", "seat": 1, "data": {"target": 9}}
{"timestamp": "2026-05-10T11:24:23.870731+00:00", "round": 3, "phase": "vote_casting", "operation": "vote", "seat": 2, "data": {"target": 9}}
{"timestamp": "2026-05-10T11:24:25.250926+00:00", "round": 3, "phase": "vote_casting", "operation": "vote", "seat": 8, "data": {"target": 9}}
{"timestamp": "2026-05-10T11:24:27.117395+00:00", "round": 3, "phase": "vote_casting", "operation": "vote", "seat": 9, "data": {"target": 9}}
{"timestamp": "2026-05-10T11:24:27.118365+00:00", "round": 3, "phase": "vote_resolution", "operation": "vote_result", "seat": null, "data": {"exiled": 9, "tally": {"9": 4}}}
{"timestamp": "2026-05-10T11:24:32.903818+00:00", "round": 3, "phase": "last_words", "operation": "speak", "seat": 9, "data": {"text": "9号玩家遗言。我是猎人，被抗推出局了。首先，我承认我发言确实比较保守，没有太多信息量，但这不代表我是狼人——我只是在谨慎观察局势。昨天我踩7号是因为他狼面确实大，逻辑没问题，但没想到被好人当成抗推位。\n\n现在我来分析一下局势：昨晚3号金水被刀，6号被毒，女巫毒对了，6号铁狼。现在场上剩1、2、8、9，两狼在你们中间。我底牌是猎人，那狼人就在1、2、8里面。我建议好人们重点关注8号——他昨天跟风踩7号，今天又跟风踩我，发言一直没信息量，狼面最大。1号和2号逻辑清晰，但也不能完全排除双狼打配合的可能——他们俩从第一轮开始就一直站在一起，发言高度一致，这点4号之前也提过。\n\n我会开枪带走8号。原因：8号全程跟风，没有独立逻辑，今天踩我踩得最狠，像是狼人急于抗推最后一个好人。1号和2号虽然可疑，但8号狼面更大。如果8号是狼，好人明天再盘1和2；如果8号是好人，那狼人就在1和2里面，你们自己判断。希望好人能看清局势，别让狼人赢。过了。"}}
{"timestamp": "2026-05-10T11:24:32.904470+00:00", "round": 3, "phase": "night", "operation": "hunter_death", "seat": 9, "data": {"message": "猎人死亡，可以开枪"}}
{"timestamp": "2026-05-10T11:24:34.919653+00:00", "round": 3, "phase": "night", "operation": "hunter_shoot", "seat": 9, "data": {"shoot_target": 8}}
{"timestamp": "2026-05-10T11:24:34.924482+00:00", "round": 3, "phase": "game_over", "operation": "game_over", "seat": null, "data": {"winner": "werewolf", "reason": "all_villagers_dead"}}
