{"timestamp": "2026-05-10T09:31:16.342687+00:00", "round": 0, "phase": "night", "operation": "phase_change", "seat": null, "data": {"new_phase": "night"}}
{"timestamp": "2026-05-10T09:31:34.238446+00:00", "round": 1, "phase": "night", "operation": "werewolf_kill", "seat": null, "data": {"wolf_seats": [2, 3, 7], "target": 4, "votes": [{"player_seat": 2, "action_type": "kill", "target_seat": 4, "reasoning": "队友3和7都倾向刀4号，我也觉得4号位置居中，首夜信息少，好人不容易盘逻辑，且可能是预言家或女巫，风险较低，稳妥起见先刀4号。"}, {"player_seat": 3, "action_type": "kill", "target_seat": 4, "reasoning": "队友2和7都倾向刀4号，我也觉得4号位置居中，首夜信息少，好人不容易盘逻辑，且可能是预言家或女巫，稳妥起见先刀4号。"}, {"player_seat": 7, "action_type": "kill", "target_seat": 4, "reasoning": "队友2和3都倾向刀4号，我也觉得4号位置居中，首夜信息少，好人不容易盘逻辑，且可能是预言家或女巫，稳妥起见先刀4号。"}]}}
{"timestamp": "2026-05-10T09:31:35.971394+00:00", "round": 1, "phase": "night", "operation": "witch_save", "seat": 4, "data": {"wolf_target": 4, "used_antidote": true}}
{"timestamp": "2026-05-10T09:31:40.837396+00:00", "round": 1, "phase": "night", "operation": "seer_check", "seat": 6, "data": {"check_target": 3, "result": "werewolf"}}
{"timestamp": "2026-05-10T09:31:42.042352+00:00", "round": 1, "phase": "dawn", "operation": "night_deaths", "seat": null, "data": {"deaths": []}}
{"timestamp": "2026-05-10T09:31:45.695529+00:00", "round": 1, "phase": "speech", "operation": "speak", "seat": 1, "data": {"text": "1号玩家发言。平安夜，女巫没开药，要么狼人空刀要么女巫救了人。先不纠结这个。我是好人，平民一个。这轮听下来，我觉得2号和5号发言有点模糊，没怎么给有效信息，建议重点关注。我会先跟预言家走，但希望预言家早点跳出来带队，别藏着。3号逻辑比较清晰，暂时认好。其他人暂时没听出明显狼面。这轮别急着归票，多听听发言再定。过。"}}
{"timestamp": "2026-05-10T09:31:47.768379+00:00", "round": 1, "phase": "speech", "operation": "speak", "seat": 2, "data": {"text": "2号玩家发言。平安夜，女巫没开药的话狼人可能空刀，但更可能是女巫救了人。1号踩我和5号，我反而觉得1号有点带节奏，急着给压力。我是好人，暂时没太多信息，但建议预言家早点跳出来带队，别藏着。这轮我会先观察1号和5号，看他们后续怎么聊。过。"}}
{"timestamp": "2026-05-10T09:31:51.027773+00:00", "round": 1, "phase": "speech", "operation": "speak", "seat": 3, "data": {"text": "3号玩家发言。平安夜，女巫大概率救了人，狼人空刀可能性低。1号玩家踩2和5，但自己也没给出核心信息，有点打太极的感觉。2号玩家反打1号，但也没爆出太多实质内容。我暂时觉得1号行为偏匪，踩人却不提供有效逻辑，像是在找抗推位。建议预言家这轮起跳带队，别拖了。这轮我倾向先听预言家报验人，再决定归票方向。如果没人跳，我会先怀疑1号。过。"}}
{"timestamp": "2026-05-10T09:31:53.841311+00:00", "round": 1, "phase": "speech", "operation": "speak", "seat": 4, "data": {"text": "4号玩家发言。平安夜，我救了人，银水是谁暂时不报，免得被狼人抿身份。1号踩2和5，但自己也没爆出核心信息，有点带节奏的嫌疑。2号反打1号，但逻辑不够硬。3号逻辑清晰，暂时认好。建议预言家这轮起跳，别藏着，不然好人容易乱票。我会先听预言家报验人，再决定站边。这轮别急着归票，多听几轮发言再定。过。"}}
{"timestamp": "2026-05-10T09:31:56.861695+00:00", "round": 1, "phase": "speech", "operation": "speak", "seat": 5, "data": {"text": "5号玩家发言。平安夜，女巫救人的可能性大，感谢女巫。1号踩我和2号，但1号自己也没给太多干货，像是在找抗推位。2号反打1号，但2号也没爆出实质信息，两人互踩有点意思。我是平民，没信息，但会认真听预言家验人。3号逻辑清晰，暂时认好。4号跳女巫，先信着，但建议别太早报银水。这轮我倾向等预言家跳出来带队，如果没人跳，我会重点关注1号和2号这对互踩的。过。"}}
{"timestamp": "2026-05-10T09:31:59.916074+00:00", "round": 1, "phase": "speech", "operation": "speak", "seat": 6, "data": {"text": "6号玩家发言。我是预言家，昨夜查验3号，3号是查杀，铁狼一只。3号刚才发言踩1号找抗推位，逻辑看似清晰，实际是在带节奏。4号跳女巫，我暂时认下，但银水别急着报。1号、2号互踩，我倾向1号好人面更大，2号有待观察。5号发言偏中立，暂不定义。这轮我带队出3号，女巫今晚可以考虑毒3，或者留毒压场。好人别分票，3号出局后我明天报下一轮验人。过。"}}
{"timestamp": "2026-05-10T09:32:02.676187+00:00", "round": 1, "phase": "speech", "operation": "speak", "seat": 7, "data": {"text": "7号玩家发言。平安夜，4号跳女巫，先认下。6号跳预言家查杀3号，但3号是我认好的牌，逻辑清晰，踩1号找抗推位我觉得没问题。6号这轮直接跳预言家给查杀，有点急，更像是狼人悍跳。我建议先听3号怎么聊，如果3号能自证身份或者逻辑自洽，我会站3号。这轮别急着归票，多听几轮再定。过。"}}
{"timestamp": "2026-05-10T09:32:04.812280+00:00", "round": 1, "phase": "speech", "operation": "speak", "seat": 8, "data": {"text": "8号玩家发言。平安夜，4号跳女巫，先认下。6号跳预言家查杀3号，但3号逻辑清晰，踩1号找抗推位我觉得没问题。6号这轮直接起跳给查杀，有点急，更像狼人悍跳。我建议先听3号怎么聊，如果3号能自证身份或者逻辑自洽，我会站3号。这轮别急着归票，多听几轮再定。过。"}}
{"timestamp": "2026-05-10T09:32:07.305482+00:00", "round": 1, "phase": "speech", "operation": "speak", "seat": 9, "data": {"text": "9号玩家发言。4号跳女巫，先认下。6号跳预言家查杀3号，但3号逻辑清晰，踩1号找抗推位我觉得合理，反而是6号起跳太急，像是狼人悍跳。1号和2号互踩，我倾向1号更可疑，踩人却不给核心逻辑。这轮我会先听3号怎么聊，如果3号能自证清白，我站3号出6号。建议别分票，等3号发言后定归票。过。"}}
{"timestamp": "2026-05-10T09:32:08.944001+00:00", "round": 1, "phase": "vote_casting", "operation": "vote", "seat": 1, "data": {"target": 6}}
{"timestamp": "2026-05-10T09:32:11.222876+00:00", "round": 1, "phase": "vote_casting", "operation": "vote", "seat": 2, "data": {"target": 6}}
{"timestamp": "2026-05-10T09:32:12.925011+00:00", "round": 1, "phase": "vote_casting", "operation": "vote", "seat": 3, "data": {"target": 6}}
{"timestamp": "2026-05-10T09:32:14.605235+00:00", "round": 1, "phase": "vote_casting", "operation": "vote", "seat": 4, "data": {"target": 6}}
{"timestamp": "2026-05-10T09:32:16.407541+00:00", "round": 1, "phase": "vote_casting", "operation": "vote", "seat": 5, "data": {"target": 3}}
{"timestamp": "2026-05-10T09:32:18.123827+00:00", "round": 1, "phase": "vote_casting", "operation": "vote", "seat": 6, "data": {"target": 3}}
{"timestamp": "2026-05-10T09:32:20.589808+00:00", "round": 1, "phase": "vote_casting", "operation": "vote", "seat": 7, "data": {"target": 6}}
{"timestamp": "2026-05-10T09:32:22.325508+00:00", "round": 1, "phase": "vote_casting", "operation": "vote", "seat": 8, "data": {"target": 6}}
{"timestamp": "2026-05-10T09:32:24.032727+00:00", "round": 1, "phase": "vote_casting", "operation": "vote", "seat": 9, "data": {"target": 6}}
{"timestamp": "2026-05-10T09:32:24.032727+00:00", "round": 1, "phase": "vote_resolution", "operation": "vote_result", "seat": null, "data": {"exiled": 6, "tally": {"6": 7, "3": 2}}}
{"timestamp": "2026-05-10T09:32:38.845388+00:00", "round": 2, "phase": "night", "operation": "werewolf_kill", "seat": null, "data": {"wolf_seats": [2, 3, 7], "target": 4, "votes": [{"player_seat": 2, "action_type": "kill", "target_seat": 4, "reasoning": "女巫是神职核心，4号跳女巫救过银水，刀他既能破解毒药，也能削弱神职阵营，风险可控。且队友3和7都同意刀4号，统一行动确保击杀成功。"}, {"player_seat": 3, "action_type": "kill", "target_seat": 4, "reasoning": "女巫是神职核心，4号跳女巫救过银水，刀他既能破解毒药，也能削弱神职阵营，风险可控。队友2和7都同意刀4号，统一行动确保击杀成功。"}, {"player_seat": 7, "action_type": "kill", "target_seat": 4, "reasoning": "女巫是神职核心，4号跳女巫救过银水，刀他既能破解毒药，也能削弱神职阵营，风险可控。队友2和3都同意刀4号，统一行动确保击杀成功。"}]}}
{"timestamp": "2026-05-10T09:32:39.446465+00:00", "round": 2, "phase": "night", "operation": "witch_save", "seat": 4, "data": {"wolf_target": 4, "used_antidote": false}}
{"timestamp": "2026-05-10T09:32:41.791747+00:00", "round": 2, "phase": "dawn", "operation": "night_deaths", "seat": null, "data": {"deaths": [{"player_seat": 4, "cause": "wolf_kill", "round_number": 2}]}}
{"timestamp": "2026-05-10T09:32:49.682200+00:00", "round": 2, "phase": "last_words", "operation": "speak", "seat": 6, "data": {"text": "6号玩家遗言。我是真预言家，昨晚查验3号是查杀，铁狼一只。我出局了，但好人别慌，我给你们分析清楚。\n\n首先，3号是狼人，这点板上钉钉。他白天踩1号找抗推位，逻辑看似清晰，实则在带节奏，把好人往歪路上引。7号、8号、9号这三个站边3号的，大概率是3号的狼队友——他们集体打我悍跳，却没人质疑3号踩1号的逻辑漏洞，明显在抱团冲票。\n\n其次，4号女巫昨晚被刀，说明狼人怕4号报银水或者毒人，直接刀了灭口。女巫的银水大概率是好人，但银水是谁只有女巫知道，我不多猜。好人记得，女巫遗言里如果报了银水，那个银水可以暂信。\n\n最后，我的狼坑：3号铁狼，7、8、9三张牌至少出两狼，剩下1号和2号里可能藏一狼。1号踩2和5，行为偏激进，但更像好人视角；2号反打1号，逻辑不够硬，有待观察。5号发言中立，暂不定义。\n\n好人听我一句：明天白天一定要出3号，别被7、8、9带偏。如果3号出局后游戏没结束，重点听7、8、9的发言，他们大概率是狼。女巫已死，但还有猎人和白痴，神职带队，别分票。\n\n这是我最后的遗言，好人加油，把狼人全揪出来。过。"}}
{"timestamp": "2026-05-10T09:32:52.465377+00:00", "round": 2, "phase": "speech", "operation": "speak", "seat": 1, "data": {"text": "1号玩家发言。6号被放逐，遗言说3号是查杀，但7、8、9集体站边3号冲票，这行为确实像狼队抱团。4号女巫昨晚被刀，狼人灭口意图明显。我目前倾向站6号是真预言家，3号是狼。7、8、9里至少两狼，建议这轮重点听他们解释为什么死站3号。1号和2号互踩的事先放一放，先出3号或他狼队友。女巫已死，好人别分票，归票3号或7号。过。"}}
{"timestamp": "2026-05-10T09:32:55.497392+00:00", "round": 2, "phase": "speech", "operation": "speak", "seat": 2, "data": {"text": "2号玩家发言。6号遗言说3号是查杀，但7、8、9集体站边3号，这抱团行为确实可疑。我倾向6号是真预言家，3号是狼。1号踩我，但1号这轮逻辑偏好人，暂放。4号女巫被刀，狼人灭口意图明显。这轮我建议出3号，他踩1号找抗推位，逻辑看似清晰实则带节奏。7、8、9里至少两狼，但先解决3号这个铁狼。好人别分票，归票3号。过。"}}
{"timestamp": "2026-05-10T09:32:58.723532+00:00", "round": 2, "phase": "speech", "operation": "speak", "seat": 3, "data": {"text": "3号玩家发言。6号遗言说我是查杀，但他是悍跳狼，我底牌是好人。他出局后疯狂点狼坑，把7、8、9全打成我队友，明显在乱咬好人。1号、2号现在跟着遗言走，逻辑站不住脚——我白天踩1号是合理怀疑，不是找抗推位。4号女巫被刀，狼人灭口，但6号一死就爆狼坑，反而暴露他团队在冲票。我建议这轮先出7号或8号，他们死站我却不盘6号逻辑漏洞，行为最像狼。好人别被遗言带偏，归票7号或8号。过。"}}
{"timestamp": "2026-05-10T09:33:01.188367+00:00", "round": 2, "phase": "speech", "operation": "speak", "seat": 5, "data": {"text": "5号玩家发言。平安夜女巫救人，4号跳女巫后被刀，遗言没报银水可惜。6号遗言说3号查杀，但7、8、9集体站边3号确实像狼队抱团。我目前倾向6号是真预言家，3号是狼。1号、2号互踩但逻辑偏好人，暂放。这轮建议出3号，他踩1号找抗推位，逻辑看似清晰实则带节奏。7、8、9里至少两狼，但先解决3号这个铁狼。好人别分票，归票3号。过。"}}
{"timestamp": "2026-05-10T09:33:04.363884+00:00", "round": 2, "phase": "speech", "operation": "speak", "seat": 7, "data": {"text": "7号玩家发言。6号遗言疯狂点狼坑，把7、8、9全打成狼，明显在乱咬好人。我站3号是因为他逻辑清晰，踩1号找抗推位没问题，反而是6号起跳太急，像悍跳狼。4号女巫被刀，狼人灭口，但6号一死就爆狼坑，暴露他团队在冲票。1号和2号现在跟着遗言走，逻辑站不住脚。这轮建议出6号的狼队友，比如1号或2号，他们踩人却不给核心逻辑，行为最像狼。好人别被遗言带偏，归票1号。"}}
{"timestamp": "2026-05-10T09:33:07.331142+00:00", "round": 2, "phase": "speech", "operation": "speak", "seat": 8, "data": {"text": "8号玩家发言。6号遗言疯狂点狼坑，把7、8、9全打成狼，明显在乱咬好人。我站3号是因为他逻辑清晰，踩1号找抗推位没问题，反而是6号起跳太急，像悍跳狼。4号女巫被刀，狼人灭口，但6号一死就爆狼坑，暴露他团队在冲票。1号和2号现在跟着遗言走，逻辑站不住脚。这轮建议出6号的狼队友，比如1号或2号，他们踩人却不给核心逻辑，行为最像狼。好人别被遗言带偏，归票1号或2号。过。"}}
{"timestamp": "2026-05-10T09:33:10.021331+00:00", "round": 2, "phase": "speech", "operation": "speak", "seat": 9, "data": {"text": "9号玩家发言。4号女巫被刀，狼人灭口意图明显。6号遗言疯狂点狼坑，把7、8、9全打成狼，但我是好人，底牌铁好。我站3号是因为他逻辑清晰，踩1号找抗推位合理，反而是6号起跳太急像悍跳。1号和2号现在跟着遗言走，逻辑站不住脚，更像在冲票。这轮我建议出1号或2号，他们踩人却不给核心逻辑，行为最像狼队友。好人别被遗言带偏，归票1号。过。"}}
{"timestamp": "2026-05-10T09:33:11.917706+00:00", "round": 2, "phase": "vote_casting", "operation": "vote", "seat": 1, "data": {"target": 3}}
{"timestamp": "2026-05-10T09:33:14.950195+00:00", "round": 2, "phase": "vote_casting", "operation": "vote", "seat": 2, "data": {"target": 1}}
{"timestamp": "2026-05-10T09:33:17.320819+00:00", "round": 2, "phase": "vote_casting", "operation": "vote", "seat": 3, "data": {"target": 1}}
{"timestamp": "2026-05-10T09:33:19.201689+00:00", "round": 2, "phase": "vote_casting", "operation": "vote", "seat": 5, "data": {"target": 3}}
{"timestamp": "2026-05-10T09:33:21.205157+00:00", "round": 2, "phase": "vote_casting", "operation": "vote", "seat": 7, "data": {"target": 1}}
{"timestamp": "2026-05-10T09:33:23.316112+00:00", "round": 2, "phase": "vote_casting", "operation": "vote", "seat": 8, "data": {"target": 3}}
{"timestamp": "2026-05-10T09:33:25.290213+00:00", "round": 2, "phase": "vote_casting", "operation": "vote", "seat": 9, "data": {"target": 1}}
{"timestamp": "2026-05-10T09:33:25.291193+00:00", "round": 2, "phase": "vote_resolution", "operation": "vote_result", "seat": null, "data": {"exiled": 1, "tally": {"3": 3, "1": 4}}}
{"timestamp": "2026-05-10T09:33:41.728389+00:00", "round": 3, "phase": "night", "operation": "werewolf_kill", "seat": null, "data": {"wolf_seats": [2, 3, 7], "target": 5, "votes": [{"player_seat": 2, "action_type": "kill", "target_seat": 5, "reasoning": "5号逻辑偏站6号预言家，发言中立偏好人，刀他能减少好人阵营的平民或神职，同时让白天局势更乱。8号和9号目前站我们这边，暂时留着混淆视听。"}, {"player_seat": 3, "action_type": "kill", "target_seat": 5, "reasoning": "5号逻辑偏站6号预言家，发言中立偏好人，刀他能减少好人阵营的平民或神职，同时让白天局势更乱。8号和9号目前站我们这边，暂时留着混淆视听。"}, {"player_seat": 7, "action_type": "kill", "target_seat": 5, "reasoning": "5号是站6号预言家最坚定的好人，刀他能减少好人阵营的平民或神职，同时让白天局势更乱。8号和9号目前站我们这边，暂时留着混淆视听。统一行动确保击杀成功。"}]}}
{"timestamp": "2026-05-10T09:33:41.731308+00:00", "round": 3, "phase": "dawn", "operation": "night_deaths", "seat": null, "data": {"deaths": [{"player_seat": 5, "cause": "wolf_kill", "round_number": 3}]}}
{"timestamp": "2026-05-10T09:33:49.505081+00:00", "round": 3, "phase": "last_words", "operation": "speak", "seat": 6, "data": {"text": "6号玩家遗言。我是真预言家，昨晚查验3号是查杀，铁狼一只。我出局后，好人已经放逐了1号，但1号是平民，狼人在借刀杀人。\n\n现在场上存活：2号、3号、7号、8号、9号。我出局后，1号被放逐，5号昨晚被刀，狼人灭口节奏明显。我给你们点明狼坑：\n\n首先，3号铁狼，不用怀疑。他白天踩1号找抗推位，逻辑看似清晰实则在带节奏。7、8、9这三张牌集体站边3号冲票我，行为像狼队抱团。尤其是7号，第一个跳出来打我悍跳，8号、9号紧随其后，明显在统一口径。\n\n其次，2号这轮跟着我的遗言走，逻辑偏好人，暂时认下。但注意，2号之前和1号互踩，1号已出局是平民，2号可能被狼人利用来抗推好人。\n\n最后，我的狼坑：3号铁狼，7、8、9至少出两狼，剩下2号暂放但需要观察。女巫已死，好人没有毒药，只能靠放逐。建议这轮先出3号，他是明狼，出掉他后好人轮次领先。如果3号出局后游戏没结束，下一轮重点听7、8、9的发言，谁在保3号就出谁。\n\n好人别慌，3号出局后，狼人只剩两到三狼，你们还有机会。跟着逻辑走，别被带偏。过。"}}
{"timestamp": "2026-05-10T09:33:51.695500+00:00", "round": 3, "phase": "speech", "operation": "speak", "seat": 2, "data": {"text": "2号玩家发言。昨晚5号被刀，我倾向6号是真预言家，3号是铁狼。1号平民出局后，场上剩2、3、7、8、9，3号狼面最大，7、8、9集体站边3号冲票6号，行为像狼队抱团。我建议这轮出3号，他踩1号找抗推位，逻辑看似清晰实则带节奏。好人别分票，归票3号。过。"}}
{"timestamp": "2026-05-10T09:33:54.734823+00:00", "round": 3, "phase": "speech", "operation": "speak", "seat": 3, "data": {"text": "3号玩家发言。2号这轮死咬我，逻辑站不住脚。6号悍跳给我查杀，他出局后1号平民被放逐，5号昨晚被刀，狼人灭口节奏明显，但2号却跟着遗言走，更像是狼人在带节奏。7、8、9站我这边是因为我逻辑清晰，反而是2号踩人没核心逻辑，行为最像狼。这轮我建议出2号，他踩1号又踩我，明显在找抗推位。好人别被带偏，归票2号。过。"}}
{"timestamp": "2026-05-10T09:33:56.761111+00:00", "round": 3, "phase": "speech", "operation": "speak", "seat": 7, "data": {"text": "7号玩家发言。5号昨晚被刀，狼人灭口节奏明显。2号这轮死咬3号，逻辑站不住脚——6号遗言疯狂点狼坑，把7、8、9全打成狼，明显在乱咬好人。2号跟着遗言走，更像是狼人在带节奏。我建议这轮出2号，他踩1号又踩3号，行为最像狼。好人别被带偏，归票2号。过。"}}
{"timestamp": "2026-05-10T09:33:59.236201+00:00", "round": 3, "phase": "speech", "operation": "speak", "seat": 8, "data": {"text": "8号玩家发言。5号昨晚被刀，狼人灭口意图明显。2号这轮死咬3号，但逻辑站不住脚——6号遗言疯狂点狼坑，把7、8、9全打成狼，明显在乱咬好人。2号跟着遗言走，更像是狼人在带节奏。我站3号，他逻辑清晰，踩1号找抗推位合理。这轮我建议出2号，他踩人没核心逻辑，行为最像狼。好人别分票，归票2号。过。"}}
{"timestamp": "2026-05-10T09:34:01.868694+00:00", "round": 3, "phase": "speech", "operation": "speak", "seat": 9, "data": {"text": "9号玩家发言。5号昨晚被刀，狼人灭口节奏明显。我底牌好人，站3号是因为他逻辑清晰，踩1号找抗推位合理，反而是6号悍跳查杀3号后遗言乱点狼坑，把7、8、9全打成狼，明显在乱咬。2号这轮死咬3号，但跟着遗言走逻辑站不住脚，更像狼人在带节奏。我建议这轮出2号，他踩1号又踩3号，行为最像狼。好人别分票，归票2号。过。"}}
{"timestamp": "2026-05-10T09:34:04.697720+00:00", "round": 3, "phase": "vote_casting", "operation": "vote", "seat": 2, "data": {"target": 3}}
{"timestamp": "2026-05-10T09:34:06.024904+00:00", "round": 3, "phase": "vote_casting", "operation": "vote", "seat": 3, "data": {"target": 2}}
{"timestamp": "2026-05-10T09:34:07.497298+00:00", "round": 3, "phase": "vote_casting", "operation": "vote", "seat": 7, "data": {"target": 2}}
{"timestamp": "2026-05-10T09:34:09.783757+00:00", "round": 3, "phase": "vote_casting", "operation": "vote", "seat": 8, "data": {"target": 2}}
{"timestamp": "2026-05-10T09:34:11.420828+00:00", "round": 3, "phase": "vote_casting", "operation": "vote", "seat": 9, "data": {"target": 2}}
{"timestamp": "2026-05-10T09:34:11.421809+00:00", "round": 3, "phase": "vote_resolution", "operation": "vote_result", "seat": null, "data": {"exiled": 2, "tally": {"3": 1, "2": 4}}}
{"timestamp": "2026-05-10T09:34:24.417548+00:00", "round": 4, "phase": "night", "operation": "werewolf_kill", "seat": null, "data": {"wolf_seats": [3, 7], "target": 8, "votes": [{"player_seat": 3, "action_type": "kill", "target_seat": 8, "reasoning": "2号狼队友被放逐后，场上剩3、7、8、9，我是狼，7是队友，8和9是好人。刀8号可以制造狼人灭口站边3号的好人假象，让白天好人怀疑8号是倒钩狼，从而集中火力推9号出局，实现屠边胜利。"}, {"player_seat": 7, "action_type": "kill", "target_seat": 8, "reasoning": "2号狼队友被放逐后，场上剩3、7、8、9，我和3号是狼，8和9是好人。刀8号可以制造狼人灭口站边3号的好人假象，让白天好人怀疑8号是倒钩狼，从而集中火力推9号出局，实现屠边胜利。队友3已同意此方案，统一行动确保击杀成功。"}]}}
{"timestamp": "2026-05-10T09:34:24.419513+00:00", "round": 4, "phase": "dawn", "operation": "night_deaths", "seat": null, "data": {"deaths": [{"player_seat": 8, "cause": "wolf_kill", "round_number": 4}]}}
{"timestamp": "2026-05-10T09:34:31.566255+00:00", "round": 4, "phase": "last_words", "operation": "speak", "seat": 6, "data": {"text": "6号玩家遗言。我是真预言家，昨晚查验3号是查杀，铁狼一只。现在场上存活：3号、7号、9号。2号平民被放逐，8号昨晚被刀，狼人灭口节奏明显。\n\n我给你们点明最终狼坑：\n\n首先，3号铁狼，不用怀疑。他白天踩1号找抗推位，逻辑看似清晰实则在带节奏。7号和9号集体站边3号冲票我、冲票2号，行为像狼队抱团。尤其是7号，从第一轮就跳出来打我悍跳，9号紧随其后，明显在统一口径。\n\n其次，8号昨晚被刀，说明狼人在灭口站错边的好人，或者8号是狼被狼队自刀做身份？但结合投票行为，8号一直站3号，我更倾向8号是被狼队牺牲的平民。狼队现在只剩3号、7号、9号三狼，他们抱团冲票放逐了2号，今晚又刀了8号，想制造混乱。\n\n最后，我的铁狼坑：3号、7号、9号。好人别被他们带偏，3号是查杀，7号和9号是铁狼队友。这轮归票3号，他出局后7号和9号自然暴露。女巫已死，猎人若在场请带队。好人别分票，出3号，游戏结束。过。"}}
{"timestamp": "2026-05-10T09:34:34.425999+00:00", "round": 4, "phase": "speech", "operation": "speak", "seat": 3, "data": {"text": "3号玩家发言。昨晚8号被刀，狼人灭口节奏明显。现在场上剩3、7、9，我底牌好人。6号遗言疯狂点狼坑，把7、9全打成狼，但我是好人，7号一直站我这边逻辑清晰，反而是6号一死就乱咬。8号被刀说明狼人在灭口站边我的好人，试图把脏水泼到7号和9号身上。我建议这轮出9号，他站我但发言偏中立，行为最像倒钩狼。好人别被遗言带偏，归票9号。过。"}}
{"timestamp": "2026-05-10T09:34:37.124958+00:00", "round": 4, "phase": "speech", "operation": "speak", "seat": 7, "data": {"text": "7号玩家发言。昨晚8号被刀，狼人灭口节奏明显。现在场上剩3、7、9，我底牌好人。6号遗言疯狂点狼坑，把7、9全打成狼，但我是好人，3号逻辑清晰一直站他这边，反而是6号一死就乱咬。8号被刀说明狼人在灭口站边3号的好人，试图把脏水泼到我和9号身上。我建议这轮出9号，他站3号但发言偏中立，行为最像倒钩狼。好人别被遗言带偏，归票9号。过。"}}
{"timestamp": "2026-05-10T09:34:39.834069+00:00", "round": 4, "phase": "speech", "operation": "speak", "seat": 9, "data": {"text": "9号玩家发言。场上剩3、7、9，我底牌好人。6号遗言乱点狼坑，把我和7号打成狼，但3号逻辑清晰，我站他没问题。8号被刀，狼人灭口站边3号的好人，说明狼队想制造混乱。我怀疑7号，他第一轮就跳出来打6号悍跳，现在又跟3号踩我，行为像狼队抱团带节奏。这轮我建议出7号，他踩人没核心逻辑，最像狼。好人别分票，归票7号。过。"}}
{"timestamp": "2026-05-10T09:34:42.038309+00:00", "round": 4, "phase": "vote_casting", "operation": "vote", "seat": 3, "data": {"target": 9}}
{"timestamp": "2026-05-10T09:34:43.747521+00:00", "round": 4, "phase": "vote_casting", "operation": "vote", "seat": 7, "data": {"target": 9}}
{"timestamp": "2026-05-10T09:34:45.893970+00:00", "round": 4, "phase": "vote_casting", "operation": "vote", "seat": 9, "data": {"target": 7}}
{"timestamp": "2026-05-10T09:34:45.894746+00:00", "round": 4, "phase": "vote_resolution", "operation": "vote_result", "seat": null, "data": {"exiled": 9, "tally": {"9": 2, "7": 1}}}
{"timestamp": "2026-05-10T09:34:45.895752+00:00", "round": 4, "phase": "night", "operation": "hunter_death", "seat": 9, "data": {"message": "猎人死亡，可以开枪"}}
{"timestamp": "2026-05-10T09:34:48.365215+00:00", "round": 4, "phase": "night", "operation": "hunter_shoot", "seat": 9, "data": {"shoot_target": 3}}
{"timestamp": "2026-05-10T09:34:48.366195+00:00", "round": 4, "phase": "game_over", "operation": "game_over", "seat": null, "data": {"winner": "werewolf", "reason": "all_gods_dead"}}
