{"timestamp": "2026-05-10T11:27:24.401298+00:00", "round": 0, "phase": "night", "operation": "phase_change", "seat": null, "data": {"new_phase": "night"}}
{"timestamp": "2026-05-10T11:27:41.787092+00:00", "round": 1, "phase": "night", "operation": "werewolf_kill", "seat": null, "data": {"wolf_seats": [3, 8, 9], "target": 4, "votes": [{"player_seat": 3, "action_type": "kill", "target_seat": 4, "reasoning": "队友都同意刀4号，他发言稳像神牌，先刀了减少威胁，白天好带节奏。"}, {"player_seat": 8, "action_type": "kill", "target_seat": 4, "reasoning": "4号发言稳健，像有身份的神牌，优先刀掉减少威胁，队友也一致同意。"}, {"player_seat": 9, "action_type": "kill", "target_seat": 4, "reasoning": "4号发言稳健像神牌，队友一致同意先刀他减少威胁，白天好带节奏。"}]}}
{"timestamp": "2026-05-10T11:27:43.351419+00:00", "round": 1, "phase": "night", "operation": "witch_save", "seat": 1, "data": {"wolf_target": 4, "used_antidote": true}}
{"timestamp": "2026-05-10T11:27:47.385732+00:00", "round": 1, "phase": "night", "operation": "seer_check", "seat": 7, "data": {"check_target": 3, "result": "werewolf"}}
{"timestamp": "2026-05-10T11:27:48.582984+00:00", "round": 1, "phase": "dawn", "operation": "night_deaths", "seat": null, "data": {"deaths": []}}
{"timestamp": "2026-05-10T11:27:51.735873+00:00", "round": 1, "phase": "speech", "operation": "speak", "seat": 1, "data": {"text": "1号玩家发言。昨晚平安夜，说明女巫首夜救人了。我是好人，4号如果是被救的银水，那4号大概率是好人，但不排除狼自刀的可能。目前没信息，建议先听后面玩家发言，找找有没有逻辑漏洞或者划水的。警上如果有对跳预言家，重点听他们验人逻辑和心路历程。我暂时不站边，听完一圈再定。过。"}}
{"timestamp": "2026-05-10T11:27:54.301601+00:00", "round": 1, "phase": "speech", "operation": "speak", "seat": 2, "data": {"text": "2号玩家发言。1号说得有道理，平安夜大概率女巫救人了。我是好人，目前没太多信息，但我觉得1号发言比较正，暂时认好。后面发言的玩家，尤其是位置偏中间的，多聊聊心路历程，别划水。我比较关注5号和7号，这两个位置容易出狼，等他们发言再判断。警上如果有对跳，我会重点听验人逻辑。暂时不站边，过。"}}
{"timestamp": "2026-05-10T11:27:56.417149+00:00", "round": 1, "phase": "speech", "operation": "speak", "seat": 3, "data": {"text": "3号玩家发言。昨晚平安夜，女巫救人了，4号大概率是银水。1号和2号发言比较正，暂时认好。我建议重点关注5号和7号，这两个位置中间，容易藏狼。另外，如果后面有人跳预言家，我会仔细听验人逻辑，看有没有矛盾。目前我偏向好人阵营，但也不排除狼自刀的可能，后续再观察。过。"}}
{"timestamp": "2026-05-10T11:27:59.265426+00:00", "round": 1, "phase": "speech", "operation": "speak", "seat": 4, "data": {"text": "4号玩家发言。我是4号，昨晚平安夜，女巫救人了。1、2、3发言都挺正，但我注意到3号直接说我是银水，这个结论下得太快了——女巫不一定救的是我，也可能是其他人。而且3号急着把焦点引向5和7，有点带节奏。目前我暂时认1、2偏好，3号发言有点刻意，需要再观察。后面发言的玩家，尤其是5号和7号，多聊聊心路历程，别划水。警上如果有对跳，我会重点听验人逻辑。过。"}}
{"timestamp": "2026-05-10T11:28:02.654232+00:00", "round": 1, "phase": "speech", "operation": "speak", "seat": 5, "data": {"text": "5号玩家发言。我是好人。目前听下来，1、2发言比较正，暂时认好。3号直接点4号是银水，确实有点快，但也不能完全否定。4号反驳3号，逻辑上没问题，但4号对3号的攻击有点重，像是在刻意撇清关系。我建议重点关注3号和4号的互动，如果后面有对跳，再结合验人判断。另外，2号提到我和7号位置容易出狼，我承认这个位置确实敏感，但我会用后续发言证明自己。目前不站边，等预言家起跳再定。过。"}}
{"timestamp": "2026-05-10T11:28:05.293158+00:00", "round": 1, "phase": "speech", "operation": "speak", "seat": 6, "data": {"text": "6号玩家发言。平安夜，女巫救人，信息有限。1、2发言偏正，暂时认好。3号点4号银水确实有点快，但4号反应过激，像是在打3号做身份。5号位置中间，发言四平八稳，但刻意点3、4互动，有挑事嫌疑。我建议警上重点听对跳预言家的验人逻辑，如果没人跳，就多聊心路历程。目前我比较关注3、4、5的互动，感觉这圈里可能出狼。过。"}}
{"timestamp": "2026-05-10T11:28:08.789002+00:00", "round": 1, "phase": "speech", "operation": "speak", "seat": 7, "data": {"text": "7号玩家发言。昨夜我查验了3号，3号是查杀。我是预言家，3号是狼人。3号发言明显有问题——直接点4号是银水，带节奏太快，而且急于把焦点引向5和7，这是狼人常见的转移视线手法。4号反驳3号逻辑没问题，但4号反应过激，不排除3、4双狼互踩做身份的可能。5号发言四平八稳，但刻意点3、4互动，也有嫌疑。我建议今天全票出3号，明天我再报下一轮查验结果。1、2发言偏正，暂时认好。过。"}}
{"timestamp": "2026-05-10T11:28:11.924842+00:00", "round": 1, "phase": "speech", "operation": "speak", "seat": 8, "data": {"text": "8号玩家发言。7号跳预言家查杀3号，这个起跳时机和验人逻辑我有点怀疑。3号确实点了4号是银水，但4号反应过激，反而让我觉得3、4可能不是同一阵营。7号查杀3号，如果3号是狼，那4号大概率是好人；但如果7号是悍跳，那3号可能是被冤枉的好人。我建议先听3号怎么辩解，再决定出谁。另外，5号和6号发言偏中立，但6号点3、4、5互动有挑事嫌疑，我比较关注6号。暂时不站边，等3号发言再定。过。"}}
{"timestamp": "2026-05-10T11:28:14.284489+00:00", "round": 1, "phase": "speech", "operation": "speak", "seat": 9, "data": {"text": "9号玩家发言。7号跳预言家查杀3号，但3号发言确实有点快，点4号银水确实带节奏，7号查杀逻辑有一定道理。但8号说7号起跳时机可疑，我反而觉得7号起跳合理——平安夜没信息，预言家必须跳出来带队。我目前偏向站7号，3号大概率是狼。4号反驳3号过激，但4号可能是好人被踩后的正常反应。建议今天出3号，明天看7号验人结果。过。"}}
{"timestamp": "2026-05-10T11:28:16.731608+00:00", "round": 1, "phase": "vote_casting", "operation": "vote", "seat": 1, "data": {"target": null}}
{"timestamp": "2026-05-10T11:28:19.380027+00:00", "round": 1, "phase": "vote_casting", "operation": "vote", "seat": 2, "data": {"target": 3}}
{"timestamp": "2026-05-10T11:28:21.950679+00:00", "round": 1, "phase": "vote_casting", "operation": "vote", "seat": 3, "data": {"target": 7}}
{"timestamp": "2026-05-10T11:28:23.818478+00:00", "round": 1, "phase": "vote_casting", "operation": "vote", "seat": 4, "data": {"target": 3}}
{"timestamp": "2026-05-10T11:28:25.906407+00:00", "round": 1, "phase": "vote_casting", "operation": "vote", "seat": 5, "data": {"target": 3}}
{"timestamp": "2026-05-10T11:28:27.520468+00:00", "round": 1, "phase": "vote_casting", "operation": "vote", "seat": 6, "data": {"target": null}}
{"timestamp": "2026-05-10T11:28:28.922519+00:00", "round": 1, "phase": "vote_casting", "operation": "vote", "seat": 7, "data": {"target": 3}}
{"timestamp": "2026-05-10T11:28:30.890996+00:00", "round": 1, "phase": "vote_casting", "operation": "vote", "seat": 8, "data": {"target": 7}}
{"timestamp": "2026-05-10T11:28:33.323795+00:00", "round": 1, "phase": "vote_casting", "operation": "vote", "seat": 9, "data": {"target": 3}}
{"timestamp": "2026-05-10T11:28:33.327037+00:00", "round": 1, "phase": "vote_resolution", "operation": "vote_result", "seat": null, "data": {"exiled": 3, "tally": {"3": 5, "7": 2}}}
{"timestamp": "2026-05-10T11:28:38.357759+00:00", "round": 1, "phase": "last_words", "operation": "speak", "seat": 3, "data": {"text": "3号玩家遗言。我是好人，7号是悍跳狼。我点4号是银水只是基于平安夜逻辑的合理推测，女巫首夜救人，4号发言稳健像有身份，我提一下很正常。7号抓住这点直接查杀我，明显是狼人在找扛推位。如果7号是真预言家，他应该先报验人逻辑，而不是急着带节奏出我。8号说得对，7号起跳时机可疑，平安夜没信息就跳，更像是在抢警徽。9号无脑站7号，8号和9号大概率是7号的狼队友。我建议好人今天别出我，先听4号、5号、6号的发言，重点盘7、8、9的互动。4号反驳我过激，但4号可能是好人被踩后的应激反应，不一定是狼。5号和6号发言中立，但6号点3、4、5互动有挑事嫌疑，6号也得关注。我出局后，预言家最好晚上验7号或8号，女巫如果还有毒，可以考虑毒9号。好人别被7号带偏，盘清楚逻辑再投票。过。"}}
{"timestamp": "2026-05-10T11:28:49.898870+00:00", "round": 2, "phase": "night", "operation": "werewolf_kill", "seat": null, "data": {"wolf_seats": [8, 9], "target": 7, "votes": [{"player_seat": 8, "action_type": "kill", "target_seat": 7, "reasoning": "7号是真预言家，已经查杀3号，留着他明天再报一轮验人威胁太大。先刀掉他，白天再带节奏把焦点引向4、5、6号，搅乱局势。"}, {"player_seat": 9, "action_type": "kill", "target_seat": 7, "reasoning": "7号是真预言家，已经查杀3号，留着他明天再报一轮验人威胁太大。先刀掉他，白天再带节奏把焦点引向4、5、6号，搅乱局势。"}]}}
{"timestamp": "2026-05-10T11:28:50.501525+00:00", "round": 2, "phase": "night", "operation": "witch_save", "seat": 1, "data": {"wolf_target": 7, "used_antidote": false}}
{"timestamp": "2026-05-10T11:28:55.313182+00:00", "round": 2, "phase": "night", "operation": "seer_check", "seat": 7, "data": {"check_target": 4, "result": "good"}}
{"timestamp": "2026-05-10T11:28:56.533242+00:00", "round": 2, "phase": "dawn", "operation": "night_deaths", "seat": null, "data": {"deaths": [{"player_seat": 7, "cause": "wolf_kill", "round_number": 2}]}}
{"timestamp": "2026-05-10T11:29:00.202267+00:00", "round": 2, "phase": "speech", "operation": "speak", "seat": 1, "data": {"text": "1号玩家发言。昨晚7号死了，说明7号大概率是真预言家，3号是狼人。我昨晚救了4号，4号是银水，但银水不一定绝对好人，狼可能自刀骗药。目前看，8号质疑7号起跳时机，9号无脑站7号，这两人发言都有问题。建议今天从8、9里出，优先出8号，他打7号起跳可疑的动机不做好。过。"}}
{"timestamp": "2026-05-10T11:29:03.013727+00:00", "round": 2, "phase": "speech", "operation": "speak", "seat": 2, "data": {"text": "2号玩家发言。昨晚7号死了，确认7号是真预言家，3号是狼人。1号跳女巫报4号银水，这个信息很关键。目前我认1号女巫、4号银水暂时偏好。8号昨天质疑7号起跳时机，动机不做好；9号无脑站7号，但7号是真预言家，9号反而可能站对边——但9号发言太顺滑，不排除是狼人顺势倒钩。建议今天在8、9里出，我倾向先出8号，他打7号起跳可疑的节奏太像狼人转移视线。过。"}}
{"timestamp": "2026-05-10T11:29:05.898757+00:00", "round": 2, "phase": "speech", "operation": "speak", "seat": 4, "data": {"text": "4号玩家发言。昨晚7号死亡，确认7号是真预言家，3号是狼。1号跳女巫报我是银水，我认1号女巫身份，感谢1号救我。目前局势：2号认好，5、6发言中立，8号质疑7号起跳时机明显不做好，9号无脑站7号但7号是真预言家，9号可能是倒钩狼。我建议今天从8、9里出，优先出8号，他昨天打7号起跳可疑的动机最有狼面。5号和6号再观察一轮，别划水。过。"}}
{"timestamp": "2026-05-10T11:29:09.075078+00:00", "round": 2, "phase": "speech", "operation": "speak", "seat": 5, "data": {"text": "5号玩家发言。7号被刀，确认是真预言家，3号是狼。1号跳女巫报4号银水，逻辑成立，暂时认1号女巫、4号银水偏好人。2号发言正，认好。8号昨天质疑7号起跳时机，动机确实不做好；9号站边7号但过于顺滑，有倒钩狼嫌疑。我建议今天在8、9里出，优先出8号，他打7号起跳可疑的节奏最像狼人转移视线。5号我位置中间，但发言一直中立，后续会继续用投票证明自己。过。"}}
{"timestamp": "2026-05-10T11:29:11.592949+00:00", "round": 2, "phase": "speech", "operation": "speak", "seat": 6, "data": {"text": "6号玩家发言。昨晚7号被刀，确认7号是真预言家，3号是狼。1号跳女巫报4号银水，我暂时认1号女巫，但银水不一定绝对干净，4号仍需观察。2号发言正，认好。8号昨天质疑7号起跳时机，动机不做好；9号站边7号太顺滑，有倒钩狼嫌疑。我建议今天出8号，他打7号起跳可疑的节奏最像狼人转移视线。5号发言中立，但位置敏感，再听一轮。过。"}}
{"timestamp": "2026-05-10T11:29:14.188147+00:00", "round": 2, "phase": "speech", "operation": "speak", "seat": 8, "data": {"text": "8号玩家发言。昨晚7号死了，确认他是真预言家，3号是狼。1号跳女巫报4号银水，我暂时认1号女巫身份，但银水不一定绝对干净，4号仍需观察。2号发言正，认好。昨天我质疑7号起跳时机，是因为当时信息少，现在看确实判断失误，但我是好人视角。5号和6号发言中立，但6号一直点3、4、5互动有挑事嫌疑，我建议今天出6号，他划水带节奏的嫌疑最大。5号位置敏感，再听一轮。过。"}}
{"timestamp": "2026-05-10T11:29:16.643046+00:00", "round": 2, "phase": "speech", "operation": "speak", "seat": 9, "data": {"text": "9号玩家发言。7号是真预言家，昨晚被刀，3号是狼人，这已经铁了。1号跳女巫报4号银水，我暂时认女巫身份，但银水不一定绝对干净。8号昨天质疑7号起跳，今天又甩锅给6号，明显在转移焦点。我建议今天出8号，他是狼人，昨天打7号起跳可疑就是狼人找扛推位的常见手法。5号和6号发言中立，再听一轮。过。"}}
{"timestamp": "2026-05-10T11:29:19.317234+00:00", "round": 2, "phase": "vote_casting", "operation": "vote", "seat": 1, "data": {"target": 8}}
{"timestamp": "2026-05-10T11:29:21.232248+00:00", "round": 2, "phase": "vote_casting", "operation": "vote", "seat": 2, "data": {"target": 8}}
{"timestamp": "2026-05-10T11:29:22.853489+00:00", "round": 2, "phase": "vote_casting", "operation": "vote", "seat": 4, "data": {"target": 8}}
{"timestamp": "2026-05-10T11:29:25.180782+00:00", "round": 2, "phase": "vote_casting", "operation": "vote", "seat": 5, "data": {"target": 8}}
{"timestamp": "2026-05-10T11:29:27.029259+00:00", "round": 2, "phase": "vote_casting", "operation": "vote", "seat": 6, "data": {"target": 8}}
{"timestamp": "2026-05-10T11:29:28.493675+00:00", "round": 2, "phase": "vote_casting", "operation": "vote", "seat": 8, "data": {"target": 8}}
{"timestamp": "2026-05-10T11:29:30.666772+00:00", "round": 2, "phase": "vote_casting", "operation": "vote", "seat": 9, "data": {"target": 8}}
{"timestamp": "2026-05-10T11:29:30.668049+00:00", "round": 2, "phase": "vote_resolution", "operation": "vote_result", "seat": null, "data": {"exiled": 8, "tally": {"8": 7}}}
{"timestamp": "2026-05-10T11:29:36.593702+00:00", "round": 2, "phase": "last_words", "operation": "speak", "seat": 8, "data": {"text": "8号玩家遗言。我出局了，但我要把话说完。首先，7号是真预言家，3号是狼人，这已经确认了。我昨天质疑7号起跳时机，是因为当时平安夜没信息，我作为好人谨慎一点很正常——狼人杀里谁一开始就能100%站对边？现在看7号是真预言家，我承认判断失误，但这不是狼人的逻辑。\n\n重点来了：1号跳女巫报4号银水，但1号为什么在7号死后才跳女巫？如果1号真是女巫，首夜救4号，昨天白天就应该跳出来报银水带队，而不是等预言家死了才跳。1号这个女巫身份很可疑，4号银水也不一定干净——狼人自刀骗药是常见套路。\n\n另外，6号一直点3、4、5互动有挑事嫌疑，昨天白天他划水带节奏，今天又跟风踩我，明显是狼人在找扛推位。5号位置中间，发言一直中立，但刻意点3、4互动，也有嫌疑。我建议好人今天出6号，他划水带节奏的嫌疑最大；如果不出6号，就盘1号和4号的双狼自刀骗药套路。9号无脑站7号，但7号是真预言家，9号可能是倒钩狼，别被他骗了。我出局了，但狼队还在，好人别被带偏。过。"}}
{"timestamp": "2026-05-10T11:29:44.767400+00:00", "round": 3, "phase": "night", "operation": "werewolf_kill", "seat": null, "data": {"wolf_seats": [9], "target": 1, "votes": [{"player_seat": 9, "action_type": "kill", "target_seat": 1, "reasoning": "1号跳女巫报4号银水，但跳女巫时机过晚，身份可疑。刀掉1号可以减少神职数量，同时白天可以带节奏质疑1号女巫身份和4号银水不干净，把焦点引向4、5、6号，搅乱局势。"}]}}
{"timestamp": "2026-05-10T11:29:45.364299+00:00", "round": 3, "phase": "night", "operation": "witch_save", "seat": 1, "data": {"wolf_target": 1, "used_antidote": false}}
{"timestamp": "2026-05-10T11:29:47.536652+00:00", "round": 3, "phase": "night", "operation": "witch_poison", "seat": 1, "data": {"poison_target": 6}}
{"timestamp": "2026-05-10T11:29:48.740179+00:00", "round": 3, "phase": "dawn", "operation": "night_deaths", "seat": null, "data": {"deaths": [{"player_seat": 1, "cause": "wolf_kill", "round_number": 3}, {"player_seat": 6, "cause": "poison", "round_number": 3}]}}
{"timestamp": "2026-05-10T11:29:52.325955+00:00", "round": 3, "phase": "speech", "operation": "speak", "seat": 2, "data": {"text": "2号玩家发言。昨晚双死，1号女巫和6号一起走了，说明女巫毒了6号。1号女巫身份坐实，4号银水可信。5号一直中立，但8号遗言点出6号划水带节奏，结合女巫毒6号，6号大概率是狼。9号站边7号太顺滑，但7号真预言家，9号倒钩狼嫌疑大。今天出9号，他发言过于完美，像狼人顺势倒钩。5号再听一轮，别划水。过。"}}
{"timestamp": "2026-05-10T11:29:55.119044+00:00", "round": 3, "phase": "speech", "operation": "speak", "seat": 4, "data": {"text": "4号玩家发言。昨晚1号和6号双死，1号女巫身份坐实，他毒了6号，6号大概率是狼。8号遗言点6号划水带节奏，也印证了这点。目前存活2、4、5、9，场上至少还有一狼。5号一直中立，位置敏感但发言没爆点，暂时放一放。9号站边7号太顺滑，像倒钩狼，而且昨天他无脑跟风出8号，动机不做好。我建议今天出9号，他发言过于完美，狼人顺势倒钩的可能性最大。5号再听一轮，别划水。过。"}}
{"timestamp": "2026-05-10T11:29:57.480762+00:00", "round": 3, "phase": "speech", "operation": "speak", "seat": 5, "data": {"text": "5号玩家发言。昨晚1、6双死，女巫毒6号，6号大概率是狼。目前存活2、4、5、9，场上至少还有一狼。2号发言一直正，认好。4号银水，暂时可信。9号站边7号太顺滑，昨天跟风出8号，倒钩狼嫌疑最大。我建议今天出9号，他发言过于完美，像狼人顺势倒钩。5号我位置敏感但一直中立，会用投票证明自己。过。"}}
{"timestamp": "2026-05-10T11:30:00.552621+00:00", "round": 3, "phase": "speech", "operation": "speak", "seat": 9, "data": {"text": "9号玩家发言。昨晚1、6双死，女巫毒6号，6号是狼，1号女巫身份坐实，4号银水可信。目前场上2、4、5、9，只剩一狼。2号一直正，4号银水，5号中立但没爆点。我站边7号预言家，出8号是跟票，但7号是真预言家，我站对边没问题。今天出5号，他位置敏感，全程中立划水，最像藏着的最后一狼。2号和4号，你们想想，5号是不是一直在躲投票？我建议出5号，过。"}}
{"timestamp": "2026-05-10T11:30:02.743967+00:00", "round": 3, "phase": "vote_casting", "operation": "vote", "seat": 2, "data": {"target": 9}}
{"timestamp": "2026-05-10T11:30:04.281729+00:00", "round": 3, "phase": "vote_casting", "operation": "vote", "seat": 4, "data": {"target": 9}}
{"timestamp": "2026-05-10T11:30:06.433338+00:00", "round": 3, "phase": "vote_casting", "operation": "vote", "seat": 5, "data": {"target": 9}}
{"timestamp": "2026-05-10T11:30:08.813613+00:00", "round": 3, "phase": "vote_casting", "operation": "vote", "seat": 9, "data": {"target": 5}}
{"timestamp": "2026-05-10T11:30:08.815213+00:00", "round": 3, "phase": "vote_resolution", "operation": "vote_result", "seat": null, "data": {"exiled": 9, "tally": {"9": 3, "5": 1}}}
{"timestamp": "2026-05-10T11:30:12.536888+00:00", "round": 3, "phase": "last_words", "operation": "speak", "seat": 9, "data": {"text": "9号玩家遗言。昨晚1、6双死，女巫毒6号，6号是狼，1号女巫身份坐实，4号银水可信。场上只剩2、4、5、9，我最后说几句。\n\n第一，我站边7号预言家，出8号是跟票，但7号是真预言家，我站对边没问题。第二，5号全程中立划水，从第一天开始就没站过队，一直在躲投票，这种发言最像藏着的最后一狼。第三，2号和4号，你们仔细想想，5号是不是一直在“再听一轮”？他每次都说“再听一轮”，但从来不给明确结论，这就是狼人苟活的典型表现。\n\n我建议今天出5号，他位置敏感，发言中立，最像倒钩狼。如果你们出9号，明天5号继续划水，好人就输了。过。"}}
{"timestamp": "2026-05-10T11:30:12.540792+00:00", "round": 3, "phase": "game_over", "operation": "game_over", "seat": null, "data": {"winner": "werewolf", "reason": "all_gods_dead"}}
