{"timestamp": "2026-05-10T12:29:30.075931+00:00", "round": 0, "phase": "night", "operation": "phase_change", "seat": null, "data": {"new_phase": "night"}}
{"timestamp": "2026-05-10T12:29:56.327232+00:00", "round": 1, "phase": "night", "operation": "werewolf_kill", "seat": null, "data": {"wolf_seats": [3, 4, 5], "target": 6, "votes": [{"player_seat": 3, "action_type": "kill", "target_seat": 6, "reasoning": "5号提议刀1号边角位有道理，但风险也大——如果1号是女巫且首夜用解药，我们反而帮好人保了一轮。4号提议刀6号更稳妥，6号在中间偏后位置，刀法不容易被锁定，而且如果6号是预言家，首夜不跳的话我们直接废掉他一轮查验。综合来看，刀6号是风险最低、收益最稳定的选择。"}, {"player_seat": 4, "action_type": "kill", "target_seat": 6, "reasoning": "3号提议刀6号或7号，我倾向于6号，因为中间偏后位置刀法不易被锁定。5号提议刀1号边角位虽然也有道理，但风险更大——如果1号是女巫且首夜用解药，我们反而帮好人保了一轮。刀6号更稳妥，且如果6号是预言家，首夜不跳的话直接废掉他一轮查验。3号已经投票6号，我也同意这个选择，保持团队一致。"}, {"player_seat": 5, "action_type": "kill", "target_seat": 6, "reasoning": "3号和4号都已经投票刀6号，团队意见一致。虽然我一开始想刀1号边角位，但既然队友都倾向于6号，保持团队统一更重要，避免分票导致刀人失败。刀6号中间偏后位置确实比较稳妥，不容易被女巫锁定刀法。"}]}}
{"timestamp": "2026-05-10T12:29:58.318304+00:00", "round": 1, "phase": "night", "operation": "witch_save", "seat": 6, "data": {"wolf_target": 6, "used_antidote": true}}
{"timestamp": "2026-05-10T12:30:04.109762+00:00", "round": 1, "phase": "night", "operation": "seer_check", "seat": 7, "data": {"check_target": 4, "result": "werewolf"}}
{"timestamp": "2026-05-10T12:30:05.307630+00:00", "round": 1, "phase": "dawn", "operation": "night_deaths", "seat": null, "data": {"deaths": []}}
{"timestamp": "2026-05-10T12:30:10.617276+00:00", "round": 1, "phase": "speech", "operation": "speak", "seat": 1, "data": {"text": "1号玩家发言。昨晚平安夜，要么是女巫用了解药，要么狼人空刀了。不管怎样，第一轮信息不多，大家尽量多发言，别划水。我会认真听每个人的发言和逻辑，有爆点的我会记下来。过。"}}
{"timestamp": "2026-05-10T12:30:15.516351+00:00", "round": 1, "phase": "speech", "operation": "speak", "seat": 2, "data": {"text": "2号玩家发言。昨晚平安夜，我觉得大概率是女巫救人了，首夜狼人空刀的可能性比较小。第一轮确实没什么信息，大家尽量多聊聊，别划水过。我是好人，会认真听每个人的发言找狼。1号发言中规中矩，没什么爆点，先观察。后面发言的玩家别只说一句\"过\"就完事了，多说说自己的分析和想法。过。"}}
{"timestamp": "2026-05-10T12:30:21.710133+00:00", "round": 1, "phase": "speech", "operation": "speak", "seat": 3, "data": {"text": "3号玩家发言。昨晚平安夜，我觉得女巫救人的概率比较大，首夜狼人空刀的可能性不高，毕竟狼人也要抢轮次。1号和2号发言都挺正常的，没什么问题。第一轮信息确实少，大家多聊聊自己的分析和想法，别划水。我会认真听后面每个人的发言，看看有没有逻辑矛盾或者爆狼的点。过。"}}
{"timestamp": "2026-05-10T12:30:27.594335+00:00", "round": 1, "phase": "speech", "operation": "speak", "seat": 4, "data": {"text": "4号玩家发言。昨晚平安夜，我觉得大概率是女巫救人了，狼人首夜空刀的可能性不大，毕竟狼人也要抢轮次。前面1号、2号、3号发言都比较正常，没什么明显的问题。第一轮信息确实少，大家多聊聊自己的分析，别划水。我会认真听后面每个人的发言，看看有没有逻辑矛盾的地方。过。"}}
{"timestamp": "2026-05-10T12:30:33.713094+00:00", "round": 1, "phase": "speech", "operation": "speak", "seat": 5, "data": {"text": "5号玩家发言。昨晚平安夜，我觉得女巫救人的可能性很大，首夜狼人空刀概率确实不高。前面1到4号发言都比较正常，没什么明显的爆点。第一轮信息少，大家多聊聊自己的分析，别划水。我会认真听后面6号、7号、8号、9号的发言，看看有没有逻辑矛盾的地方。目前没有特别怀疑的对象，先观察吧。过。"}}
{"timestamp": "2026-05-10T12:30:42.377112+00:00", "round": 1, "phase": "speech", "operation": "speak", "seat": 6, "data": {"text": "6号玩家发言。昨晚平安夜，我来告诉大家真相——我是女巫，昨晚狼人刀的是我，我用解药自救，所以才是平安夜。第一晚信息不多，但我有几点想说：第一，狼人首夜就刀到我，说明他们运气不错或者有什么想法；第二，我手里还有一瓶毒药，谁要是聊得不好或者逻辑爆炸，别怪我不客气；第三，前面1到5号发言都比较平稳，没什么爆点，我会继续观察后面7、8、9号的发言。希望好人多发言多分析，别划水。过。"}}
{"timestamp": "2026-05-10T12:30:54.915751+00:00", "round": 1, "phase": "speech", "operation": "speak", "seat": 8, "data": {"text": "8号玩家发言。昨晚平安夜，6号跳女巫说自救，这个信息我先记着。首夜跳女巫确实比较早，但也不能说一定就是假的，真女巫有自己跳出来的理由。不过我想提醒大家，如果6号是真女巫，那你已经暴露了，狼人今晚可能会刀你，你手里的毒药要想好怎么用。如果6号是狼人，那真女巫肯定会出来拍你。我建议先别急着站边，多听听后面7号和9号的发言，看看有没有更多信息。我目前没有特别怀疑的对象，先过。"}}
{"timestamp": "2026-05-10T12:31:03.235781+00:00", "round": 1, "phase": "speech", "operation": "speak", "seat": 9, "data": {"text": "9号玩家发言。昨晚平安夜，感谢女巫救人或狼人手下留情。关于6号跳女巫，我持保留态度。首轮就跳女巫确实比较早，但也不能说一定是假的。我想问6号一个问题：你说你被刀自救，那你昨晚有没有闻到什么味道？比如有没有人特别关注你或者针对你？另外，如果6号是真女巫，那你已经暴露了，今晚大概率会被刀，毒药要想好怎么用。如果6号是狼人悍跳，那真女巫肯定会出来拍你。我建议先别急着站边6号，多观察几轮。前面1到5号发言都比较平稳，8号发言也比较理性。我会继续观察后续发言。过。"}}
{"timestamp": "2026-05-10T12:31:04.988981+00:00", "round": 1, "phase": "vote_casting", "operation": "vote", "seat": 1, "data": {"target": null}}
{"timestamp": "2026-05-10T12:31:07.014876+00:00", "round": 1, "phase": "vote_casting", "operation": "vote", "seat": 2, "data": {"target": null}}
{"timestamp": "2026-05-10T12:31:09.098139+00:00", "round": 1, "phase": "vote_casting", "operation": "vote", "seat": 3, "data": {"target": null}}
{"timestamp": "2026-05-10T12:31:10.959543+00:00", "round": 1, "phase": "vote_casting", "operation": "vote", "seat": 4, "data": {"target": null}}
{"timestamp": "2026-05-10T12:31:12.609706+00:00", "round": 1, "phase": "vote_casting", "operation": "vote", "seat": 5, "data": {"target": null}}
{"timestamp": "2026-05-10T12:31:14.475026+00:00", "round": 1, "phase": "vote_casting", "operation": "vote", "seat": 6, "data": {"target": null}}
{"timestamp": "2026-05-10T12:31:16.509963+00:00", "round": 1, "phase": "vote_casting", "operation": "vote", "seat": 7, "data": {"target": 4}}
{"timestamp": "2026-05-10T12:31:18.457999+00:00", "round": 1, "phase": "vote_casting", "operation": "vote", "seat": 8, "data": {"target": null}}
{"timestamp": "2026-05-10T12:31:20.075638+00:00", "round": 1, "phase": "vote_casting", "operation": "vote", "seat": 9, "data": {"target": null}}
{"timestamp": "2026-05-10T12:31:20.079536+00:00", "round": 1, "phase": "vote_resolution", "operation": "vote_result", "seat": null, "data": {"exiled": 4, "tally": {"4": 1}}}
{"timestamp": "2026-05-10T12:31:30.361164+00:00", "round": 1, "phase": "last_words", "operation": "speak", "seat": 4, "data": {"text": "我是4号，被放逐了。我是好人，平民一个，被大家冤枉出局了，很无奈。第一轮信息太少，大家投票可能也比较随意。我想说几点：第一，6号跳女巫说自救，这个信息大家要谨慎看待，首轮就跳女巫，不排除是狼人悍跳的可能，当然也可能是真女巫，大家多观察几轮再判断。第二，我觉得1号发言太稳了，有点刻意，2号和3号发言比较自然。第三，建议真女巫或者预言家后面跳出来带队，别让狼人带节奏。我走了，好人加油，别让狼人得逞。"}}
{"timestamp": "2026-05-10T12:31:47.940445+00:00", "round": 2, "phase": "night", "operation": "werewolf_kill", "seat": null, "data": {"wolf_seats": [3, 5], "target": 6, "votes": [{"player_seat": 3, "action_type": "kill", "target_seat": 6, "reasoning": "6号跳女巫说自救，无论他是真女巫还是狼人悍跳，刀他都是最优解。如果他是真女巫，我们直接干掉一个神，离屠神胜利更进一步；如果他是狼人悍跳，刀他也能混淆视线。队友5号也同意刀6号，团队意见一致。今晚必须处理6号这个关键目标。"}, {"player_seat": 5, "action_type": "kill", "target_seat": 6, "reasoning": "6号跳女巫说自救，无论他是真女巫还是狼人悍跳，刀他都是最优解。如果是真女巫，直接解决一个神职；如果是狼人悍跳，也能混淆视线。队友3号已经投票刀6号，团队意见一致，保持统一行动。"}]}}
{"timestamp": "2026-05-10T12:31:48.544443+00:00", "round": 2, "phase": "night", "operation": "witch_save", "seat": 6, "data": {"wolf_target": 6, "used_antidote": false}}
{"timestamp": "2026-05-10T12:31:55.436270+00:00", "round": 2, "phase": "night", "operation": "seer_check", "seat": 7, "data": {"check_target": 6, "result": "good"}}
{"timestamp": "2026-05-10T12:31:56.636275+00:00", "round": 2, "phase": "dawn", "operation": "night_deaths", "seat": null, "data": {"deaths": [{"player_seat": 6, "cause": "wolf_kill", "round_number": 2}]}}
{"timestamp": "2026-05-10T12:32:08.852026+00:00", "round": 2, "phase": "speech", "operation": "speak", "seat": 1, "data": {"text": "1号玩家发言。昨晚6号死了，这信息很关键。6号昨天跳女巫说首夜自救，如果她真是女巫，那昨晚狼人再次刀她，她没解药就死了，这说得通。但另一种可能是6号是狼人悍跳女巫，被真女巫毒了。我倾向后者——因为如果6号是真女巫，她昨天已经暴露了，狼人确实会刀她，但真女巫通常不会第一天就跳出来。另外我注意到上一轮7号好像没怎么发言？7号能不能聊聊你的看法？目前我比较想听7号、5号、2号的分析。过。"}}
{"timestamp": "2026-05-10T12:32:26.520076+00:00", "round": 2, "phase": "speech", "operation": "speak", "seat": 2, "data": {"text": "2号玩家发言。昨晚6号死了，我比较倾向6号是真女巫。理由：如果6号是狼人悍跳，真女巫毒了她，那真女巫今天应该会出来对跳带队，但到现在没人跳出来，说明6号大概率是真女巫，昨晚被狼刀了。另外，4号是狼人，他临死前踩了1号，保了2号和3号。我是2号，我是好人，那4号踩1号可能是想给好人泼脏水，保3号可能是想保狼队友。所以我现在比较怀疑3号。当然1号今天的发言说倾向6号是狼人悍跳，这个观点我觉得不太对，也有点可疑。我会继续听后面5号、7号、8号、9号的发言。过。"}}
{"timestamp": "2026-05-10T12:32:35.851609+00:00", "round": 2, "phase": "speech", "operation": "speak", "seat": 3, "data": {"text": "3号玩家发言。昨晚6号死了，我来说说我的看法。关于6号的身份，我觉得两种可能都有：一是真女巫被狼刀，二是狼人悍跳被毒。现在没人跳女巫对跳，也不能完全排除6号是真女巫的可能。另外，2号刚才说4号保3号所以3号可疑，这个逻辑我不认同——4号是狼人，他保谁踩谁都是他的策略，他保我可能是想脏我身份，让我被好人怀疑，这不正好被他得逞了吗？2号你拿狼人的话当证据来打我，这个行为才值得怀疑。我建议多听听7号、8号、9号的发言。过。"}}
{"timestamp": "2026-05-10T12:32:45.011573+00:00", "round": 2, "phase": "speech", "operation": "speak", "seat": 5, "data": {"text": "5号玩家发言。昨晚6号死了，我来分析一下。我比较倾向于6号是真女巫，理由很简单——如果6号是狼人悍跳，真女巫毒了她，那今天真女巫应该跳出来带队，但现在没人跳，说明6号大概率是真女巫，昨晚被狼刀了。1号说6号可能是狼人悍跳被毒，这个观点我暂时不太认同，因为真女巫没理由不跳。另外，2号说4号保3号所以3号可疑，我觉得这个逻辑有点草率——狼人保人可能是想脏人，2号拿狼人的话当证据打人，这个行为本身值得观察。7号、8号、9号还没怎么发言，我想听听你们的分析和站边。过。"}}
{"timestamp": "2026-05-10T12:32:53.040630+00:00", "round": 2, "phase": "speech", "operation": "speak", "seat": 7, "data": {"text": "7号玩家发言。我是预言家！我第一轮查了4号，他是狼人，所以4号被放逐我完全不意外。第二轮我查了6号，他是好人！所以6号跳女巫说首夜自救，我验证了她是好人，她大概率是真女巫，昨晚被狼刀了。1号说6号可能是狼人悍跳被毒，这个观点我不认同——我查了6号是好人，她就是真女巫。现在我跳出来带队，剩下的狼人应该就在1号、2号、3号、5号、8号、9号之中。我建议今天先听大家发言，我来分析谁最像狼。过。"}}
{"timestamp": "2026-05-10T12:33:04.057933+00:00", "round": 2, "phase": "speech", "operation": "speak", "seat": 8, "data": {"text": "8号玩家发言。首先，7号跳预言家说查了4号狼人、6号好人，信息对得上，可信度比较高。4号翻牌确实是狼人，6号也确实是女巫（昨晚死了），这验证了7号的查验。我暂时认7号是真预言家。\n\n其次，关于狼坑：4号是狼，剩下两个狼应该在我们中间。1号昨天说6号可能是狼人悍跳被毒，但现在7号证实6号是好人，1号这个观点有问题，值得关注。2号和3号互相在打，我觉得可能出一狼，也可能都是好人互打。5号发言比较中立，暂时看不出问题。9号还没怎么发言，想听听9号的看法。\n\n我建议今天跟着7号预言家走，让他来归票。过。"}}
{"timestamp": "2026-05-10T12:33:13.707312+00:00", "round": 2, "phase": "speech", "operation": "speak", "seat": 9, "data": {"text": "9号玩家发言。我认7号是真预言家，查验结果和实际情况完全吻合——4号翻牌是狼人，6号是女巫昨晚死了，这做不了假。所以7号我暂时认下。\n\n关于狼坑，4号是狼，还剩两狼。我比较怀疑1号——昨天1号说6号可能是狼人悍跳被毒，但现在7号证实6号是好人，1号这个观点站不住脚。而且1号今天还在坚持说6号可能是狼人，这不太对劲。\n\n另外2号和3号互打，我倾向于出一狼，但不确定是谁。5号和8号发言比较正常，暂时看不出问题。建议大家今天听7号预言家归票，别分票。过。"}}
{"timestamp": "2026-05-10T12:33:16.096773+00:00", "round": 2, "phase": "vote_casting", "operation": "vote", "seat": 1, "data": {"target": 1}}
{"timestamp": "2026-05-10T12:33:18.364784+00:00", "round": 2, "phase": "vote_casting", "operation": "vote", "seat": 2, "data": {"target": 1}}
{"timestamp": "2026-05-10T12:33:20.561116+00:00", "round": 2, "phase": "vote_casting", "operation": "vote", "seat": 3, "data": {"target": 1}}
{"timestamp": "2026-05-10T12:33:22.950212+00:00", "round": 2, "phase": "vote_casting", "operation": "vote", "seat": 5, "data": {"target": 1}}
{"timestamp": "2026-05-10T12:33:25.060111+00:00", "round": 2, "phase": "vote_casting", "operation": "vote", "seat": 7, "data": {"target": 1}}
{"timestamp": "2026-05-10T12:33:27.306469+00:00", "round": 2, "phase": "vote_casting", "operation": "vote", "seat": 8, "data": {"target": 1}}
{"timestamp": "2026-05-10T12:33:28.974055+00:00", "round": 2, "phase": "vote_casting", "operation": "vote", "seat": 9, "data": {"target": 1}}
{"timestamp": "2026-05-10T12:33:28.975838+00:00", "round": 2, "phase": "vote_resolution", "operation": "vote_result", "seat": null, "data": {"exiled": 1, "tally": {"1": 7}}}
{"timestamp": "2026-05-10T12:33:40.893156+00:00", "round": 2, "phase": "last_words", "operation": "speak", "seat": 1, "data": {"text": "1号遗言。我是平民，被冤枉出局了，很无奈。\n\n首先，我认7号是真预言家，查杀4号狼人和金水6号女巫，信息全部正确，没毛病。\n\n其次，解释一下我昨天的发言。我说6号可能是狼人悍跳被毒，只是分析一种可能性，毕竟首轮跳女巫确实少见。现在7号证实6号是好人，我的分析错了，我认。但我是好人视角在分析，不是狼人。\n\n狼坑：4号已走，剩两狼在2、3、5、8、9中。我建议：\n1. 听7号预言家归票，别分票\n2. 2号和3号互打，我觉得可能出一狼，也可能都是好人被狼带节奏\n3. 5号发言偏中立，8号和9号认7号比较快，但也不能完全排除嫌疑\n4. 建议预言家今晚查一个，女巫（如果还在）毒药别乱用\n\n好人加油，别让狼人赢了！"}}
{"timestamp": "2026-05-10T12:33:58.783313+00:00", "round": 3, "phase": "night", "operation": "werewolf_kill", "seat": null, "data": {"wolf_seats": [3, 5], "target": 7, "votes": [{"player_seat": 3, "action_type": "kill", "target_seat": 7, "reasoning": "7号跳预言家且查验信息全部正确（4号狼人、6号女巫），已被全场认好。今晚必须刀他，否则明天他报查验我们就危险了。屠神路线下，先解决预言家，再找机会刀猎人即可获胜。队友5号也同意刀7号，团队意见一致。"}, {"player_seat": 5, "action_type": "kill", "target_seat": 7, "reasoning": "7号跳预言家且查验信息全部正确，已被全场认好。今晚必须刀他，否则明天他报查验我们就危险了。屠神路线下，先解决预言家，再找机会刀猎人即可获胜。队友3号也同意刀7号，团队意见一致。"}]}}
{"timestamp": "2026-05-10T12:34:02.429176+00:00", "round": 3, "phase": "night", "operation": "seer_check", "seat": 7, "data": {"check_target": 3, "result": "werewolf"}}
{"timestamp": "2026-05-10T12:34:03.625649+00:00", "round": 3, "phase": "dawn", "operation": "night_deaths", "seat": null, "data": {"deaths": [{"player_seat": 7, "cause": "wolf_kill", "round_number": 3}]}}
{"timestamp": "2026-05-10T12:34:27.578968+00:00", "round": 3, "phase": "speech", "operation": "speak", "seat": 2, "data": {"text": "2号玩家发言。昨晚7号预言家死了，狼人刀了预言家，这很正常。现在场上剩5个人，我、3号、5号、8号、9号，其中还有两狼。今天这轮非常关键，放错人就危险了。\n\n我来说说我的分析。4号狼人临死前踩了1号、保了2号和3号。我是2号，我是好人，那4号踩1号可能是脏好人，保3号可能是保狼队友。当然3号说狼人可能故意保队友来脏人，这个逻辑也说得通。\n\n我想听听3号、5号、8号、9号对狼坑的判断。特别是3号，你昨天说我打你的逻辑有问题，那你怎么看剩下的两狼是谁？5号你一直比较中立，有没有特别怀疑的人？8号和9号你们认7号很快，但有没有想过狼人也会站对边？大家多聊聊，别划水。过。"}}
{"timestamp": "2026-05-10T12:34:36.536032+00:00", "round": 3, "phase": "speech", "operation": "speak", "seat": 3, "data": {"text": "2号玩家发言。昨晚7号预言家被刀，很正常，狼人肯定先刀预言家。\n\n现在场上5个人，我来说说我的狼坑。首先，2号昨天拿4号狼人保我的话打我是狼，这个逻辑我昨天就说了不成立——狼人保人很可能是想脏人。2号作为好人，不应该拿狼人的话当铁证来打人，这要么是逻辑不好，要么就是狼人在带节奏。\n\n其次，我怀疑8号和9号中可能也有一狼。你们昨天认7号认得太快了，有没有想过狼人也会站对边？\n\n我目前觉得2号嫌疑最大，其次是8号或9号中的一个。5号发言一直比较中立理性，暂时看不出问题。建议今天先投2号，大家觉得呢？过。"}}
{"timestamp": "2026-05-10T12:34:46.581783+00:00", "round": 3, "phase": "speech", "operation": "speak", "seat": 5, "data": {"text": "5号玩家发言。昨晚7号预言家被刀，意料之中。\n\n现在场上5个人，两狼三好，这轮非常关键。我来分析一下狼坑：\n\n首先，4号狼人临死前踩1号、保2号和3号。1号已经被放逐是平民，说明4号踩1号是脏好人。那4号保2号和3号是什么意思？可能保的是狼队友，也可能故意保好人来脏他们。\n\n我比较怀疑2号——4号保了你，而且你昨天拿4号的话打3号，这个逻辑确实有点牵强。但3号也不能完全排除嫌疑，毕竟4号也保了他。\n\n8号和9号昨天认7号很快，也不能完全排除。我建议今天先听大家再聊聊，别急着投票。过。"}}
{"timestamp": "2026-05-10T12:34:56.824530+00:00", "round": 3, "phase": "speech", "operation": "speak", "seat": 8, "data": {"text": "8号玩家发言。昨晚7号预言家被刀，正常操作。\n\n现在场上5个人，两狼三好，这轮非常关键。我来分析一下狼坑：\n\n4号狼人临死前踩1号、保2号和3号。1号是平民，说明4号踩1号是脏好人。那4号保2号和3号，我倾向认为至少有一狼在里面——狼人临死前保队友是常见操作。当然也不排除故意保好人来脏他们的可能。\n\n所以我的狼坑是：2号和3号中至少一狼，5号和9号中可能也有一狼。\n\n我目前比较怀疑2号，因为你拿4号狼人的话当铁证来打3号，这个逻辑确实有问题。当然3号也不能完全排除。\n\n建议今天大家好好聊聊，别急着投票。过。"}}
{"timestamp": "2026-05-10T12:35:07.721554+00:00", "round": 3, "phase": "speech", "operation": "speak", "seat": 9, "data": {"text": "9号玩家发言。昨晚7号预言家被刀，正常。\n\n现在场上5个人两狼，这轮非常关键。我来分析一下狼坑：\n\n4号狼人临死前踩1号（平民）、保2号和3号。这说明4号踩的人不一定是狼（1号是平民），保的人也不一定是好人。\n\n我比较关注2号和3号互打这个点。4号同时保了你们两个，你们互相打，我觉得可能出一狼。但具体是谁，我还在观察。\n\n另外5号和8号也不能完全排除嫌疑，毕竟狼人也会站对边。\n\n我建议这轮大家多聊聊自己的狼坑判断，别急着投票。过。"}}
{"timestamp": "2026-05-10T12:35:10.647907+00:00", "round": 3, "phase": "vote_casting", "operation": "vote", "seat": 2, "data": {"target": 3}}
{"timestamp": "2026-05-10T12:35:13.192784+00:00", "round": 3, "phase": "vote_casting", "operation": "vote", "seat": 3, "data": {"target": 2}}
{"timestamp": "2026-05-10T12:35:15.794053+00:00", "round": 3, "phase": "vote_casting", "operation": "vote", "seat": 5, "data": {"target": 2}}
{"timestamp": "2026-05-10T12:35:18.349999+00:00", "round": 3, "phase": "vote_casting", "operation": "vote", "seat": 8, "data": {"target": 2}}
{"timestamp": "2026-05-10T12:35:21.037930+00:00", "round": 3, "phase": "vote_casting", "operation": "vote", "seat": 9, "data": {"target": 2}}
{"timestamp": "2026-05-10T12:35:21.041882+00:00", "round": 3, "phase": "vote_resolution", "operation": "vote_result", "seat": null, "data": {"exiled": 2, "tally": {"3": 1, "2": 4}}}
{"timestamp": "2026-05-10T12:35:31.283485+00:00", "round": 3, "phase": "last_words", "operation": "speak", "seat": 2, "data": {"text": "我是2号，平民出局。说几点分析：\n\n第一，4号狼人保了我和3号。我是好人，那4号保3号大概率是保狼队友。3号今天一直在打我，想把焦点往我身上引，这个行为很可疑。\n\n第二，3号说8号和9号认7号太快可疑，但7号是真预言家，信息全对，认对了有什么问题？这个逻辑站不住脚。\n\n第三，我的狼坑：3号大概率是狼，另一狼在5号、8号、9号中。5号太中立了像在划水，8号和9号中可能也有一狼。\n\n建议：今天先投3号，明天再听剩下的人发言判断。别分票，好人加油！"}}
{"timestamp": "2026-05-10T12:35:45.829363+00:00", "round": 4, "phase": "night", "operation": "werewolf_kill", "seat": null, "data": {"wolf_seats": [3, 5], "target": 8, "votes": [{"player_seat": 3, "action_type": "kill", "target_seat": 8, "reasoning": "场上剩4人（3、5、8、9），两狼两好人。8号发言理性像神职，很可能是猎人，刀中可触发开枪带人直接屠神胜利；若刀错平民，明天白天可盘9号是狼将其投出。5号队友也同意此方案，统一行动。"}, {"player_seat": 5, "action_type": "kill", "target_seat": 8, "reasoning": "场上剩4人（3、5、8、9），两狼两好人。8号发言理性认7号预言家最快，像神职带队，很可能是猎人。刀中8号若他是猎人，开枪可能带走9号，直接屠神胜利；若刀错是平民，明天白天可盘9号是狼将其投出。队友3号已同意此方案，统一行动。"}]}}
{"timestamp": "2026-05-10T12:35:45.833403+00:00", "round": 4, "phase": "night", "operation": "hunter_death", "seat": 8, "data": {"message": "猎人死亡，可以开枪"}}
{"timestamp": "2026-05-10T12:35:47.752882+00:00", "round": 4, "phase": "night", "operation": "hunter_shoot", "seat": 8, "data": {"shoot_target": 3}}
{"timestamp": "2026-05-10T12:35:47.759721+00:00", "round": 4, "phase": "dawn", "operation": "night_deaths", "seat": null, "data": {"deaths": [{"player_seat": 8, "cause": "wolf_kill", "round_number": 4}, {"player_seat": 3, "cause": "hunter_shot", "round_number": 4}]}}
{"timestamp": "2026-05-10T12:36:01.775864+00:00", "round": 4, "phase": "speech", "operation": "speak", "seat": 5, "data": {"text": "昨晚8号和3号都死了，看来8号是猎人，被刀后开枪带走了3号。那现在场上就剩我和9号两个人了。\n\n我来算一下：1号平民、2号平民已走，6号女巫、7号预言家、8号猎人已走，3号是狼人（被猎人带走），4号是狼人。那剩下的神职和平民...如果9号是最后一个平民，那平民全灭；如果9号是最后一个神职（猎人已死，神职已全灭）。\n\n不管哪种情况，我觉得游戏应该已经结束了。但我还是想听听9号你的身份，如果你是好人，我们可以聊聊。过。"}}
{"timestamp": "2026-05-10T12:36:09.668342+00:00", "round": 4, "phase": "speech", "operation": "speak", "seat": 9, "data": {"text": "5号，你就是最后一狼！我来算一下：3号和4号是狼人，被猎人带走的3号翻牌肯定是狼。那三狼还剩一狼。现在场上就剩你我两人，我是平民，那你只能是狼了！如果场上没有狼了，游戏早就结束了，不会让我们两个继续在这里对话。所以5号你装不下去了，你最后一狼，好人赢了！"}}
{"timestamp": "2026-05-10T12:36:12.196531+00:00", "round": 4, "phase": "vote_casting", "operation": "vote", "seat": 5, "data": {"target": 9}}
{"timestamp": "2026-05-10T12:36:13.832288+00:00", "round": 4, "phase": "vote_casting", "operation": "vote", "seat": 9, "data": {"target": 5}}
{"timestamp": "2026-05-10T12:36:13.836176+00:00", "round": 4, "phase": "vote_resolution", "operation": "vote_result", "seat": null, "data": {"exiled": null, "tally": {"9": 1, "5": 1}}}
{"timestamp": "2026-05-10T12:36:13.846144+00:00", "round": 4, "phase": "game_over", "operation": "game_over", "seat": null, "data": {"winner": "werewolf", "reason": "all_gods_dead"}}
